Component: ARM Compiler 5.06 update 7 (build 960) Tool: armlink [4d3601]

==============================================================================

Section Cross References

    main.o(i.HAL_TIM_PeriodElapsedCallback) refers to stm32f4xx_hal.o(i.HAL_IncTick) for HAL_IncTick
    main.o(i.SystemClock_Config) refers to rt_memclr_w.o(.text) for __aeabi_memclr4
    main.o(i.SystemClock_Config) refers to stm32f4xx_hal_rcc.o(i.HAL_RCC_OscConfig) for HAL_RCC_OscConfig
    main.o(i.SystemClock_Config) refers to stm32f4xx_hal_rcc.o(i.HAL_RCC_ClockConfig) for HAL_RCC_ClockConfig
    main.o(i.main) refers to stm32f4xx_hal.o(i.HAL_Init) for HAL_Init
    main.o(i.main) refers to main.o(i.SystemClock_Config) for SystemClock_Config
    main.o(i.main) refers to gpio.o(i.MX_GPIO_Init) for MX_GPIO_Init
    main.o(i.main) refers to dma.o(i.MX_DMA_Init) for MX_DMA_Init
    main.o(i.main) refers to can.o(i.MX_CAN1_Init) for MX_CAN1_Init
    main.o(i.main) refers to can.o(i.MX_CAN2_Init) for MX_CAN2_Init
    main.o(i.main) refers to usart.o(i.MX_USART1_UART_Init) for MX_USART1_UART_Init
    main.o(i.main) refers to usart.o(i.MX_USART2_UART_Init) for MX_USART2_UART_Init
    main.o(i.main) refers to usart.o(i.MX_UART4_Init) for MX_UART4_Init
    main.o(i.main) refers to usart.o(i.MX_USART3_UART_Init) for MX_USART3_UART_Init
    main.o(i.main) refers to usart.o(i.MX_UART5_Init) for MX_UART5_Init
    main.o(i.main) refers to usart.o(i.MX_USART6_UART_Init) for MX_USART6_UART_Init
    main.o(i.main) refers to tim.o(i.MX_TIM2_Init) for MX_TIM2_Init
    main.o(i.main) refers to tim.o(i.MX_TIM8_Init) for MX_TIM8_Init
    main.o(i.main) refers to tim.o(i.MX_TIM1_Init) for MX_TIM1_Init
    main.o(i.main) refers to tim.o(i.MX_TIM3_Init) for MX_TIM3_Init
    main.o(i.main) refers to driver.o(i.Driver_Init) for Driver_Init
    main.o(i.main) refers to pid.o(i.Motor_Init) for Motor_Init
    main.o(i.main) refers to system_task.o(i.Time_Init) for Time_Init
    main.o(i.main) refers to vision_task.o(i.Vision_Init) for Vision_Init
    main.o(i.main) refers to freertos.o(i.MX_FREERTOS_Init) for MX_FREERTOS_Init
    main.o(i.main) refers to cmsis_os.o(i.osKernelStart) for osKernelStart
    main.o(i.main) refers to vision_task.o(.bss) for st
    freertos.o(i.CHASSIS_TASK) refers to tasks.o(i.vTaskDelete) for vTaskDelete
    freertos.o(i.CHASSIS_TASK) refers to tasks.o(i.xTaskGetTickCount) for xTaskGetTickCount
    freertos.o(i.CHASSIS_TASK) refers to chassis_task.o(i.Chassis_Task) for Chassis_Task
    freertos.o(i.CHASSIS_TASK) refers to tasks.o(i.vTaskDelayUntil) for vTaskDelayUntil
    freertos.o(i.CHASSIS_TASK) refers to freertos.o(.data) for .data
    freertos.o(i.GIMBAL_TASK) refers to tasks.o(i.xTaskGetTickCount) for xTaskGetTickCount
    freertos.o(i.GIMBAL_TASK) refers to gimbal_task.o(i.Gimbal_Task) for Gimbal_Task
    freertos.o(i.GIMBAL_TASK) refers to tasks.o(i.vTaskDelayUntil) for vTaskDelayUntil
    freertos.o(i.IMU_TASK) refers to tasks.o(i.xTaskGetTickCount) for xTaskGetTickCount
    freertos.o(i.IMU_TASK) refers to hi229.o(i.IMU_get) for IMU_get
    freertos.o(i.IMU_TASK) refers to tasks.o(i.vTaskDelayUntil) for vTaskDelayUntil
    freertos.o(i.MX_FREERTOS_Init) refers to rt_memcpy_w.o(.text) for __aeabi_memcpy4
    freertos.o(i.MX_FREERTOS_Init) refers to cmsis_os.o(i.osThreadCreate) for osThreadCreate
    freertos.o(i.MX_FREERTOS_Init) refers to freertos.o(.constdata) for .constdata
    freertos.o(i.MX_FREERTOS_Init) refers to freertos.o(.data) for .data
    freertos.o(i.SHOOT_TASK) refers to tasks.o(i.xTaskGetTickCount) for xTaskGetTickCount
    freertos.o(i.SHOOT_TASK) refers to shoot_task.o(i.Shoot_Task) for Shoot_Task
    freertos.o(i.SHOOT_TASK) refers to tasks.o(i.vTaskDelayUntil) for vTaskDelayUntil
    freertos.o(i.SYSTEM_STATE_TASK) refers to tasks.o(i.xTaskGetTickCount) for xTaskGetTickCount
    freertos.o(i.SYSTEM_STATE_TASK) refers to system_task.o(i.System_Task) for System_Task
    freertos.o(i.SYSTEM_STATE_TASK) refers to tasks.o(i.vTaskDelayUntil) for vTaskDelayUntil
    freertos.o(i.StartDefaultTask) refers to usb_device.o(i.MX_USB_DEVICE_Init) for MX_USB_DEVICE_Init
    freertos.o(i.StartDefaultTask) refers to cmsis_os.o(i.osDelay) for osDelay
    freertos.o(i.VISUAL_TASK) refers to tasks.o(i.xTaskGetTickCount) for xTaskGetTickCount
    freertos.o(i.VISUAL_TASK) refers to vision_task.o(i.Visual_Task) for Visual_Task
    freertos.o(i.VISUAL_TASK) refers to tasks.o(i.vTaskDelayUntil) for vTaskDelayUntil
    freertos.o(i.vApplicationGetIdleTaskMemory) refers to freertos.o(.bss) for .bss
    freertos.o(.constdata) refers to freertos.o(.conststring) for .conststring
    freertos.o(.constdata) refers to freertos.o(i.StartDefaultTask) for StartDefaultTask
    freertos.o(.constdata) refers to freertos.o(i.SYSTEM_STATE_TASK) for SYSTEM_STATE_TASK
    freertos.o(.constdata) refers to freertos.o(i.CHASSIS_TASK) for CHASSIS_TASK
    freertos.o(.constdata) refers to freertos.o(i.GIMBAL_TASK) for GIMBAL_TASK
[...]
    fabs                                     0x08009a03   Thumb Code    24  fabs.o(i.fabs)
    get_eular                                0x08009a1d   Thumb Code    12  hi229.o(i.get_eular)
    get_raw_gyo                              0x08009a2d   Thumb Code    16  hi229.o(i.get_raw_gyo)
    get_total_angle                          0x08009a41   Thumb Code   146  can_receive.o(i.get_total_angle)
    main                                     0x08009ae5   Thumb Code   152  main.o(i.main)
    micros                                   0x08009b99   Thumb Code    68  system.o(i.micros)
    monoDirectionalAirResistanceModel        0x08009bdd   Thumb Code   244  vision_task.o(i.monoDirectionalAirResistanceModel)
    osDelay                                  0x08009ce5   Thumb Code    14  cmsis_os.o(i.osDelay)
    osKernelStart                            0x08009cf3   Thumb Code    10  cmsis_os.o(i.osKernelStart)
    osThreadCreate                           0x08009cfd   Thumb Code    84  cmsis_os.o(i.osThreadCreate)
    pitchTrajectoryCompensation              0x08009d51   Thumb Code   136  vision_task.o(i.pitchTrajectoryCompensation)
    pvPortMalloc                             0x0800a12d   Thumb Code   216  heap_4.o(i.pvPortMalloc)
    pxPortInitialiseStack                    0x0800a209   Thumb Code    40  port.o(i.pxPortInitialiseStack)
    sbus_to_rc                               0x0800a235   Thumb Code   258  remote_control.o(i.sbus_to_rc)
    uxListRemove                             0x0800a337   Thumb Code    38  list.o(i.uxListRemove)
    vApplicationGetIdleTaskMemory            0x0800a35d   Thumb Code    16  freertos.o(i.vApplicationGetIdleTaskMemory)
    vListInitialise                          0x0800a371   Thumb Code    22  list.o(i.vListInitialise)
    vListInitialiseItem                      0x0800a387   Thumb Code     6  list.o(i.vListInitialiseItem)
    vListInsert                              0x0800a38d   Thumb Code    48  list.o(i.vListInsert)
    vListInsertEnd                           0x0800a3bd   Thumb Code    24  list.o(i.vListInsertEnd)
    vPortEnterCritical                       0x0800a3d5   Thumb Code    54  port.o(i.vPortEnterCritical)
    vPortExitCritical                        0x0800a415   Thumb Code    34  port.o(i.vPortExitCritical)
    vPortFree                                0x0800a43d   Thumb Code    94  heap_4.o(i.vPortFree)
    vPortSetupTimerInterrupt                 0x0800a4a1   Thumb Code    32  port.o(i.vPortSetupTimerInterrupt)
    vTaskDelay                               0x0800a4c5   Thumb Code    66  tasks.o(i.vTaskDelay)
    vTaskDelayUntil                          0x0800a511   Thumb Code   132  tasks.o(i.vTaskDelayUntil)
    vTaskDelete                              0x0800a59d   Thumb Code   158  tasks.o(i.vTaskDelete)
    vTaskStartScheduler                      0x0800a649   Thumb Code    90  tasks.o(i.vTaskStartScheduler)
    vTaskSuspendAll                          0x0800a6b5   Thumb Code    10  tasks.o(i.vTaskSuspendAll)
    vTaskSwitchContext                       0x0800a6c5   Thumb Code    82  tasks.o(i.vTaskSwitchContext)
    xPortStartScheduler                      0x0800a721   Thumb Code   222  port.o(i.xPortStartScheduler)
    xTaskCreate                              0x0800a815   Thumb Code    90  tasks.o(i.xTaskCreate)
    xTaskCreateStatic                        0x0800a86f   Thumb Code    86  tasks.o(i.xTaskCreateStatic)
    xTaskGetTickCount                        0x0800a8c5   Thumb Code     6  tasks.o(i.xTaskGetTickCount)
    xTaskIncrementTick                       0x0800a8d1   Thumb Code   194  tasks.o(i.xTaskIncrementTick)
    xTaskResumeAll                           0x0800a99d   Thumb Code   182  tasks.o(i.xTaskResumeAll)
    __aeabi_dneg                             0x0800aa61   Thumb Code     0  basic.o(x$fpl$basic)
    _dneg                                    0x0800aa61   Thumb Code     6  basic.o(x$fpl$basic)
    __aeabi_fneg                             0x0800aa67   Thumb Code     0  basic.o(x$fpl$basic)
    _fneg                                    0x0800aa67   Thumb Code     6  basic.o(x$fpl$basic)
    _dabs                                    0x0800aa6d   Thumb Code     6  basic.o(x$fpl$basic)
    _fabs                                    0x0800aa73   Thumb Code     6  basic.o(x$fpl$basic)
    __aeabi_d2f                              0x0800aa79   Thumb Code     0  d2f.o(x$fpl$d2f)
    _d2f                                     0x0800aa79   Thumb Code    98  d2f.o(x$fpl$d2f)
    __aeabi_dadd                             0x0800aadd   Thumb Code     0  daddsub_clz.o(x$fpl$dadd)
    _dadd                                    0x0800aadd   Thumb Code   332  daddsub_clz.o(x$fpl$dadd)
    __fpl_dcmp_Inf                           0x0800ac2d   Thumb Code    24  dcmpi.o(x$fpl$dcmpinf)
    __aeabi_ddiv                             0x0800ac45   Thumb Code     0  ddiv.o(x$fpl$ddiv)
    _ddiv                                    0x0800ac45   Thumb Code   552  ddiv.o(x$fpl$ddiv)
    __aeabi_cdcmpeq                          0x0800aef5   Thumb Code     0  deqf.o(x$fpl$deqf)
    _dcmpeq                                  0x0800aef5   Thumb Code   120  deqf.o(x$fpl$deqf)
    __aeabi_d2iz                             0x0800af6d   Thumb Code     0  dfix.o(x$fpl$dfix)
    _dfix                                    0x0800af6d   Thumb Code    94  dfix.o(x$fpl$dfix)
    __aeabi_i2d                              0x0800afcb   Thumb Code     0  dflt_clz.o(x$fpl$dflt)
    _dflt                                    0x0800afcb   Thumb Code    46  dflt_clz.o(x$fpl$dflt)
    __aeabi_ui2d                             0x0800aff9   Thumb Code     0  dflt_clz.o(x$fpl$dfltu)
    _dfltu                                   0x0800aff9   Thumb Code    38  dflt_clz.o(x$fpl$dfltu)
    __aeabi_cdcmple                          0x0800b021   Thumb Code     0  dleqf.o(x$fpl$dleqf)
    _dcmple                                  0x0800b021   Thumb Code   120  dleqf.o(x$fpl$dleqf)
    __fpl_dcmple_InfNaN                      0x0800b083   Thumb Code     0  dleqf.o(x$fpl$dleqf)
    __aeabi_dmul                             0x0800b099   Thumb Code     0  dmul.o(x$fpl$dmul)
    _dmul                                    0x0800b099   Thumb Code   332  dmul.o(x$fpl$dmul)
    __fpl_dnaninf                            0x0800b1ed   Thumb Code   156  dnaninf.o(x$fpl$dnaninf)
    __fpl_dretinf                            0x0800b289   Thumb Code    12  dretinf.o(x$fpl$dretinf)
    __aeabi_cdrcmple                         0x0800b295   Thumb Code     0  drleqf.o(x$fpl$drleqf)
    _drcmple                                 0x0800b295   Thumb Code   108  drleqf.o(x$fpl$drleqf)
    __aeabi_drsub                            0x0800b301   Thumb Code     0  daddsub_clz.o(x$fpl$drsb)
    _drsb                                    0x0800b301   Thumb Code    22  daddsub_clz.o(x$fpl$drsb)
    _dsqrt                                   0x0800b319   Thumb Code   404  dsqrt_umaal.o(x$fpl$dsqrt)
    __aeabi_dsub                             0x0800b4b1   Thumb Code     0  daddsub_clz.o(x$fpl$dsub)
    _dsub                                    0x0800b4b1   Thumb Code   464  daddsub_clz.o(x$fpl$dsub)
    __aeabi_f2d                              0x0800b685   Thumb Code     0  f2d.o(x$fpl$f2d)
    _f2d                                     0x0800b685   Thumb Code    86  f2d.o(x$fpl$f2d)
    __fpl_fnaninf                            0x0800b6db   Thumb Code   140  fnaninf.o(x$fpl$fnaninf)
    _fp_init                                 0x0800b767   Thumb Code    10  fpinit.o(x$fpl$fpinit)
    __fplib_config_fpu_vfp                   0x0800b76f   Thumb Code     0  fpinit.o(x$fpl$fpinit)
    __fplib_config_pureend_doubles           0x0800b76f   Thumb Code     0  fpinit.o(x$fpl$fpinit)
    __fpl_fretinf                            0x0800b771   Thumb Code    10  fretinf.o(x$fpl$fretinf)
    __I$use$fp                               0x0800b77a   Number         0  usenofp.o(x$fpl$usenofp)
    CRC8_TAB                                 0x0800b840   Data         256  crc.o(.constdata)
    wCRC_Table                               0x0800b940   Data         512  crc.o(.constdata)
    AHBPrescTable                            0x0800bb48   Data          16  system_stm32f4xx.o(.constdata)
    APBPrescTable                            0x0800bb58   Data           8  system_stm32f4xx.o(.constdata)
    __mathlib_zero                           0x0800bc80   Data           8  qnan.o(.constdata)
    Region$$Table$$Base                      0x0800bdd4   Number         0  anon$$obj.o(Region$$Table)
    Region$$Table$$Limit                     0x0800bdf4   Number         0  anon$$obj.o(Region$$Table)
    defaultTaskHandle                        0x20000000   Data           4  freertos.o(.data)
    system_state_taHandle                    0x20000004   Data           4  freertos.o(.data)
    chassis_taskHandle                       0x20000008   Data           4  freertos.o(.data)
    gimbal_taskHandle                        0x2000000c   Data           4  freertos.o(.data)
    imu_taskHandle                           0x20000010   Data           4  freertos.o(.data)
    shoot_taskHandle                         0x20000014   Data           4  freertos.o(.data)
    visual_taskHandle                        0x20000018   Data           4  freertos.o(.data)
    big                                      0x20000028   Data           1  system_task.o(.data)
    x                                        0x20000029   Data           1  system_task.o(.data)
    y                                        0x2000002a   Data           1  system_task.o(.data)
    z                                        0x2000002b   Data           1  system_task.o(.data)
    System                                   0x2000002c   Data           4  system_task.o(.data)
    Remote_time                              0x20000030   Data           8  system_task.o(.data)
    Imu_time                                 0x20000038   Data           8  system_task.o(.data)
    Vision_time                              0x20000040   Data           8  system_task.o(.data)
    yaw_angle_t                              0x20000048   Data           2  chassis_task.o(.data)
    Chassis                                  0x20000064   Data         924  chassis_task.o(.data)
    Gimbal                                   0x20000418   Data         408  gimbal_task.o(.data)
    Shoot_pid_out                            0x200005b2   Data           2  shoot_task.o(.data)
    Shoot                                    0x200005c0   Data         536  shoot_task.o(.data)
    t                                        0x200007d8   Data           4  vision_task.o(.data)
    PID_Yaw_Follow                           0x20000834   Data          12  pid.o(.data)
    PID_Speed_Param                          0x20000840   Data         180  pid.o(.data)
    PID_Angle_Param                          0x200008f4   Data         180  pid.o(.data)
    CRC_INIT                                 0x200009a8   Data           2  crc.o(.data)
    pxCurrentTCB                             0x200009ac   Data           4  tasks.o(.data)
    uwTickFreq                               0x20000a14   Data           1  stm32f4xx_hal.o(.data)
    uwTickPrio                               0x20000a18   Data           4  stm32f4xx_hal.o(.data)
    uwTick                                   0x20000a1c   Data           4  stm32f4xx_hal.o(.data)
    SystemCoreClock                          0x20000a20   Data           4  system_stm32f4xx.o(.data)
    HS_Desc                                  0x20000a24   Data          28  usbd_desc.o(.data)
    USBD_LangIDDesc                          0x20000a40   Data           4  usbd_desc.o(.data)
    USBD_HS_DeviceDesc                       0x20000a44   Data          18  usbd_desc.o(.data)
    USBD_StringSerial                        0x20000a58   Data          26  usbd_desc.o(.data)
    USBD_Interface_fops_HS                   0x20000a74   Data          20  usbd_cdc_if.o(.data)
    USBD_CDC                                 0x20000ae0   Data          56  usbd_cdc.o(.data)
    hcan1                                    0x20000d6c   Data          40  can.o(.bss)
    hcan2                                    0x20000d94   Data          40  can.o(.bss)
    htim1                                    0x20000dbc   Data          72  tim.o(.bss)
    htim2                                    0x20000e04   Data          72  tim.o(.bss)
    htim3                                    0x20000e4c   Data          72  tim.o(.bss)
    htim8                                    0x20000e94   Data          72  tim.o(.bss)
    hdma_tim1_ch1                            0x20000edc   Data          96  tim.o(.bss)
    huart4                                   0x20000f3c   Data          72  usart.o(.bss)
    huart5                                   0x20000f84   Data          72  usart.o(.bss)
    huart1                                   0x20000fcc   Data          72  usart.o(.bss)
    huart2                                   0x20001014   Data          72  usart.o(.bss)
    huart3                                   0x2000105c   Data          72  usart.o(.bss)
    huart6                                   0x200010a4   Data          72  usart.o(.bss)
    hdma_uart4_rx                            0x200010ec   Data          96  usart.o(.bss)
    hdma_uart4_tx                            0x2000114c   Data          96  usart.o(.bss)
    hdma_uart5_rx                            0x200011ac   Data          96  usart.o(.bss)
    hdma_usart1_rx                           0x2000120c   Data          96  usart.o(.bss)
    hdma_usart2_rx                           0x2000126c   Data          96  usart.o(.bss)
    htim14                                   0x200012cc   Data          72  stm32f4xx_hal_timebase_tim.o(.bss)
    Judge_Buffer                             0x20001314   Data         200  drv_usart.o(.bss)
    Dbus_Buffer                              0x200013dc   Data          72  drv_usart.o(.bss)
    IMU_Buffer                               0x20001424   Data         128  drv_usart.o(.bss)
    Vision_cj                                0x200014a4   Data          81  vision_task.o(.bss)
    Vision_Tx_Buffer                         0x200014f5   Data          28  vision_task.o(.bss)
    st                                       0x20001514   Data          88  vision_task.o(.bss)
    tar_position                             0x2000156c   Data          64  vision_task.o(.bss)
    super_capacitor                          0x20001624   Data          20  can_receive.o(.bss)
    Relative_Angle                           0x20001638   Data          16  can_receive.o(.bss)
    RC_Ctrl                                  0x20001648   Data          22  remote_control.o(.bss)
    IMU_Get_Data                             0x20001708   Data          20  hi229.o(.bss)
    REF                                      0x2000171c   Data         172  referee.o(.bss)
    hUsbDeviceHS                             0x200054b8   Data         732  usb_device.o(.bss)
    USBD_StrDesc                             0x20005794   Data         512  usbd_desc.o(.bss)
    UserRxBufferHS                           0x20005994   Data        2048  usbd_cdc_if.o(.bss)
    UserTxBufferHS                           0x20006194   Data        2048  usbd_cdc_if.o(.bss)
    hpcd_USB_OTG_HS                          0x20006bb4   Data        1252  usbd_conf.o(.bss)
    __libspace_start                         0x20007098   Data          96  libspace.o(.bss)
    __temporary_stack_top$libspace           0x200070f8   Data           0  libspace.o(.bss)



==============================================================================

Memory Map of the image

  Image Entry point : 0x08000189

  Load Region LR_IROM1 (Base: 0x08000000, Size: 0x0000c90c, Max: 0x00100000, ABSOLUTE, COMPRESSED[0x0000bf24])

    Execution Region ER_IROM1 (Exec base: 0x08000000, Load base: 0x08000000, Size: 0x0000bdf4, Max: 0x00100000, ABSOLUTE)

    Exec Addr    Load Addr    Size         Type   Attr      Idx    E Section Name        Object

    0x08000000   0x08000000   0x00000188   Data   RO         7021    RESET               startup_stm32f405xx.o
    0x08000188   0x08000188   0x00000008   Code   RO         7840  * !!!main             c_w.l(__main.o)
    0x08000190   0x08000190   0x00000034   Code   RO         8180    !!!scatter          c_w.l(__scatter.o)
    0x080001c4   0x080001c4   0x0000005a   Code   RO         8178    !!dczerorl2         c_w.l(__dczerorl2.o)
    0x0800021e   0x0800021e   0x00000002   PAD
    0x08000220   0x08000220   0x0000001c   Code   RO         8182    !!handler_zi        c_w.l(__scatter_zi.o)
    0x0800023c   0x0800023c   0x00000002   Code   RO         8049    .ARM.Collect$$libinit$$00000000  c_w.l(libinit.o)
    0x0800023e   0x0800023e   0x00000004   Code   RO         8058    .ARM.Collect$$libinit$$00000001  c_w.l(libinit2.o)
    0x08000242   0x08000242   0x00000000   Code   RO         8061    .ARM.Collect$$libinit$$00000004  c_w.l(libinit2.o)
    0x08000242   0x08000242   0x00000000   Code   RO         8064    .ARM.Collect$$libinit$$0000000A  c_w.l(libinit2.o)
    0x08000242   0x08000242   0x00000000   Code   RO         8066    .ARM.Collect$$libinit$$0000000C  c_w.l(libinit2.o)
    0x08000242   0x08000242   0x00000000   Code   RO         8068    .ARM.Collect$$libinit$$0000000E  c_w.l(libinit2.o)
    0x08000242   0x08000242   0x00000000   Code   RO         8071    .ARM.Collect$$libinit$$00000011  c_w.l(libinit2.o)
    0x08000242   0x08000242   0x00000000   Code   RO         8073    .ARM.Collect$$libinit$$00000013  c_w.l(libinit2.o)
    0x08000242   0x08000242   0x00000000   Code   RO         8075    .ARM.Collect$$libinit$$00000015  c_w.l(libinit2.o)
    0x08000242   0x08000242   0x00000000   Code   RO         8077    .ARM.Collect$$libinit$$00000017  c_w.l(libinit2.o)
    0x08000242   0x08000242   0x00000000   Code   RO         8079    .ARM.Collect$$libinit$$00000019  c_w.l(libinit2.o)
    0x08000242   0x08000242   0x00000000   Code   RO         8081    .ARM.Collect$$libinit$$0000001B  c_w.l(libinit2.o)
    0x08000242   0x08000242   0x00000000   Code   RO         8083    .ARM.Collect$$libinit$$0000001D  c_w.l(libinit2.o)
    0x08000242   0x08000242   0x00000000   Code   RO         8085    .ARM.Collect$$libinit$$0000001F  c_w.l(libinit2.o)
    0x08000242   0x08000242   0x00000000   Code   RO         8087    .ARM.Collect$$libinit$$00000021  c_w.l(libinit2.o)
    0x08000242   0x08000242   0x00000000   Code   RO         8089    .ARM.Collect$$libinit$$00000023  c_w.l(libinit2.o)
    0x08000242   0x08000242   0x00000000   Code   RO         8091    .ARM.Collect$$libinit$$00000025  c_w.l(libinit2.o)
    0x08000242   0x08000242   0x00000000   Code   RO         8095    .ARM.Collect$$libinit$$0000002C  c_w.l(libinit2.o)
    0x08000242   0x08000242   0x00000000   Code   RO         8097    .ARM.Collect$$libinit$$0000002E  c_w.l(libinit2.o)
    0x08000242   0x08000242   0x00000000   Code   RO         8099    .ARM.Collect$$libinit$$00000030  c_w.l(libinit2.o)
    0x08000242   0x08000242   0x00000000   Code   RO         8101    .ARM.Collect$$libinit$$00000032  c_w.l(libinit2.o)
    0x08000242   0x08000242   0x00000002   Code   RO         8102    .ARM.Collect$$libinit$$00000033  c_w.l(libinit2.o)
    0x08000244   0x08000244   0x00000002   Code   RO         8133    .ARM.Collect$$libshutdown$$00000000  c_w.l(libshutdown.o)
    0x08000246   0x08000246   0x00000000   Code   RO         8159    .ARM.Collect$$libshutdown$$00000002  c_w.l(libshutdown2.o)
    0x08000246   0x08000246   0x00000000   Code   RO         8161    .ARM.Collect$$libshutdown$$00000004  c_w.l(libshutdown2.o)
    0x08000246   0x08000246   0x00000000   Code   RO         8163    .ARM.Collect$$libshutdown$$00000006  c_w.l(libshutdown2.o)
    0x08000246   0x08000246   0x00000000   Code   RO         8166    .ARM.Collect$$libshutdown$$00000009  c_w.l(libshutdown2.o)
    0x08000246   0x08000246   0x00000000   Code   RO         8169    .ARM.Collect$$libshutdown$$0000000C  c_w.l(libshutdown2.o)
    0x08000246   0x08000246   0x00000000   Code   RO         8171    .ARM.Collect$$libshutdown$$0000000E  c_w.l(libshutdown2.o)
    0x08000246   0x08000246   0x00000000   Code   RO         8174    .ARM.Collect$$libshutdown$$00000011  c_w.l(libshutdown2.o)
    0x08000246   0x08000246   0x00000002   Code   RO         8175    .ARM.Collect$$libshutdown$$00000012  c_w.l(libshutdown2.o)
    0x08000248   0x08000248   0x00000000   Code   RO         7926    .ARM.Collect$$rtentry$$00000000  c_w.l(__rtentry.o)
    0x08000248   0x08000248   0x00000000   Code   RO         8010    .ARM.Collect$$rtentry$$00000002  c_w.l(__rtentry2.o)
    0x08000248   0x08000248   0x00000006   Code   RO         8022    .ARM.Collect$$rtentry$$00000004  c_w.l(__rtentry4.o)
    0x0800024e   0x0800024e   0x00000000   Code   RO         8012    .ARM.Collect$$rtentry$$00000009  c_w.l(__rtentry2.o)
    0x0800024e   0x0800024e   0x00000004   Code   RO         8013    .ARM.Collect$$rtentry$$0000000A  c_w.l(__rtentry2.o)
    0x08000252   0x08000252   0x00000000   Code   RO         8015    .ARM.Collect$$rtentry$$0000000C  c_w.l(__rtentry2.o)
    0x08000252   0x08000252   0x00000008   Code   RO         8016    .ARM.Collect$$rtentry$$0000000D  c_w.l(__rtentry2.o)
    0x0800025a   0x0800025a   0x00000002   Code   RO         8050    .ARM.Collect$$rtexit$$00000000  c_w.l(rtexit.o)
    0x0800025c   0x0800025c   0x00000000   Code   RO         8106    .ARM.Collect$$rtexit$$00000002  c_w.l(rtexit2.o)
    0x0800025c   0x0800025c   0x00000004   Code   RO         8107    .ARM.Collect$$rtexit$$00000003  c_w.l(rtexit2.o)
    0x08000260   0x08000260   0x00000006   Code   RO         8108    .ARM.Collect$$rtexit$$00000004  c_w.l(rtexit2.o)
    0x08000266   0x08000266   0x00000002   PAD
    0x08000268   0x08000268   0x000000be   Code   RO         3611    .emb_text           port.o
    0x08000326   0x08000326   0x00000002   PAD
    0x08000328   0x08000328   0x00000040   Code   RO         7022    .text               startup_stm32f405xx.o
    0x08000368   0x08000368   0x000000ee   Code   RO         7826    .text               c_w.l(lludivv7m.o)
    0x08000456   0x08000456   0x0000008a   Code   RO         7828    .text               c_w.l(rt_memcpy_v6.o)
    0x080004e0   0x080004e0   0x00000064   Code   RO         7830    .text               c_w.l(rt_memcpy_w.o)
    0x08000544   0x08000544   0x00000044   Code   RO         7834    .text               c_w.l(rt_memclr.o)
    0x08000588   0x08000588   0x0000004e   Code   RO         7836    .text               c_w.l(rt_memclr_w.o)
    0x080005d6   0x080005d6   0x00000006   Code   RO         7838    .text               c_w.l(heapauxi.o)
    0x080005dc   0x080005dc   0x00000016   Code   RO         7931    .text               c_w.l(_rserrno.o)
    0x080005f2   0x080005f2   0x00000002   PAD
    0x080005f4   0x080005f4   0x00000008   Code   RO         8029    .text               c_w.l(rt_errno_addr_intlibspace.o)
    0x080005fc   0x080005fc   0x00000008   Code   RO         8033    .text               c_w.l(libspace.o)
    0x08000604   0x08000604   0x0000004a   Code   RO         8036    .text               c_w.l(sys_stackheap_outer.o)
    0x0800064e   0x0800064e   0x00000012   Code   RO         8038    .text               c_w.l(exit.o)
    0x08000660   0x08000660   0x0000000c   Code   RO         8103    .text               c_w.l(sys_exit.o)
    0x0800066c   0x0800066c   0x00000002   Code   RO         8122    .text               c_w.l(use_no_semi.o)
    0x0800066e   0x0800066e   0x00000000   Code   RO         8124    .text               c_w.l(indicate_semi.o)
    0x0800066e   0x0800066e   0x00000002   PAD
    0x08000670   0x08000670   0x0000007c   Code   RO         1656    i.AUTO_AIM_Ctrl     vision_task.o
    0x080006ec   0x080006ec   0x00000028   Code   RO         2296    i.Append_CRC16_Check_Sum  crc.o
    0x08000714   0x08000714   0x00000002   Code   RO          745    i.BusFault_Handler  stm32f4xx_it.o
    0x08000716   0x08000716   0x00000002   PAD
    0x08000718   0x08000718   0x0000002c   Code   RO         1048    i.CAN1_Init         drv_can.o
    0x08000744   0x08000744   0x0000000c   Code   RO          746    i.CAN1_RX0_IRQHandler  stm32f4xx_it.o
    0x08000750   0x08000750   0x0000002c   Code   RO         1049    i.CAN2_Init         drv_can.o
    0x0800077c   0x0800077c   0x0000000c   Code   RO          747    i.CAN2_RX0_IRQHandler  stm32f4xx_it.o
    0x08000788   0x08000788   0x00000018   Code   RO         1781    i.CAN_Date_Decode   can_receive.o
    0x080007a0   0x080007a0   0x00000034   Code   RO         1050    i.CAN_Filter_Init   drv_can.o
    0x080007d4   0x080007d4   0x0000006c   Code   RO         1782    i.CAN_cmd_RC1       can_receive.o
    0x08000840   0x08000840   0x00000064   Code   RO         1783    i.CAN_cmd_RC2       can_receive.o
    0x080008a4   0x080008a4   0x00000038   Code   RO         1784    i.CAN_cmd_capacitance  can_receive.o
    0x080008dc   0x080008dc   0x00000048   Code   RO         1785    i.CAN_cmd_chassis   can_receive.o
    0x08000924   0x08000924   0x0000003c   Code   RO         1786    i.CAN_cmd_gimbal_pitch  can_receive.o
    0x08000960   0x08000960   0x00000038   Code   RO         1787    i.CAN_cmd_gimbal_yaw  can_receive.o
    0x08000998   0x08000998   0x0000003c   Code   RO         1788    i.CAN_cmd_shoot     can_receive.o
    0x080009d4   0x080009d4   0x00000004   Code   RO         7161    i.CDC_Control_HS    usbd_cdc_if.o
    0x080009d8   0x080009d8   0x00000004   Code   RO         7162    i.CDC_DeInit_HS     usbd_cdc_if.o
    0x080009dc   0x080009dc   0x00000024   Code   RO         7163    i.CDC_Init_HS       usbd_cdc_if.o
    0x08000a00   0x08000a00   0x00000018   Code   RO         7164    i.CDC_Receive_HS    usbd_cdc_if.o
    0x08000a18   0x08000a18   0x00000004   Code   RO         7165    i.CDC_TransmitCplt_HS  usbd_cdc_if.o
    0x08000a1c   0x08000a1c   0x0000002c   Code   RO         7166    i.CDC_Transmit_HS   usbd_cdc_if.o
    0x08000a48   0x08000a48   0x00000024   Code   RO          429    i.CHASSIS_TASK      freertos.o
    0x08000a6c   0x08000a6c   0x00000064   Code   RO         1231    i.Chassis_Allot_Speed  chassis_task.o
    0x08000ad0   0x08000ad0   0x00000068   Code   RO         1232    i.Chassis_CanOutPut  chassis_task.o
    0x08000b38   0x08000b38   0x00000024   Code   RO         1233    i.Chassis_GET_Info  chassis_task.o
    0x08000b5c   0x08000b5c   0x0000001a   Code   RO         1234    i.Chassis_GetOutPut  chassis_task.o
    0x08000b76   0x08000b76   0x00000016   Code   RO         1236    i.Chassis_Handler   chassis_task.o
    0x08000b8c   0x08000b8c   0x0000002c   Code   RO         1237    i.Chassis_InitPID   chassis_task.o
    0x08000bb8   0x08000bb8   0x000000e0   Code   RO         1238    i.Chassis_KEY_Ctrl  chassis_task.o
    0x08000c98   0x08000c98   0x00000028   Code   RO         1239    i.Chassis_MotorSpeed  chassis_task.o
    0x08000cc0   0x08000cc0   0x00000028   Code   RO         1240    i.Chassis_PID_Switch  chassis_task.o
    0x08000ce8   0x08000ce8   0x0000016c   Code   RO         1241    i.Chassis_RC_Ctrl   chassis_task.o
    0x08000e54   0x08000e54   0x0000002c   Code   RO         1242    i.Chassis_Set_PID_Type  chassis_task.o
    0x08000e80   0x08000e80   0x0000001c   Code   RO         1243    i.Chassis_Stop      chassis_task.o
    0x08000e9c   0x08000e9c   0x0000003c   Code   RO         1244    i.Chassis_Task      chassis_task.o
    0x08000ed8   0x08000ed8   0x0000000c   Code   RO          748    i.DMA1_Stream0_IRQHandler  stm32f4xx_it.o
    0x08000ee4   0x08000ee4   0x0000000c   Code   RO          749    i.DMA1_Stream2_IRQHandler  stm32f4xx_it.o
    0x08000ef0   0x08000ef0   0x0000000c   Code   RO          750    i.DMA1_Stream4_IRQHandler  stm32f4xx_it.o
    0x08000efc   0x08000efc   0x0000000c   Code   RO          751    i.DMA1_Stream5_IRQHandler  stm32f4xx_it.o
    0x08000f08   0x08000f08   0x0000000c   Code   RO          752    i.DMA2_Stream1_IRQHandler  stm32f4xx_it.o
    0x08000f14   0x08000f14   0x0000000c   Code   RO          753    i.DMA2_Stream2_IRQHandler  stm32f4xx_it.o
    0x08000f20   0x08000f20   0x00000028   Code   RO         4735    i.DMA_CalcBaseAndBitshift  stm32f4xx_hal_dma.o
    0x08000f48   0x08000f48   0x00000054   Code   RO         4736    i.DMA_CheckFifoParam  stm32f4xx_hal_dma.o
    0x08000f9c   0x08000f9c   0x00000028   Code   RO         4737    i.DMA_SetConfig     stm32f4xx_hal_dma.o
    0x08000fc4   0x08000fc4   0x00000002   Code   RO          754    i.DebugMon_Handler  stm32f4xx_it.o
    0x08000fc6   0x08000fc6   0x00000002   PAD
    0x08000fc8   0x08000fc8   0x00000108   Code   RO         2128    i.Determine_ID      referee.o
    0x080010d0   0x080010d0   0x00000012   Code   RO         1015    i.Driver_Init       driver.o
    0x080010e2   0x080010e2   0x00000004   Code   RO            4    i.Error_Handler     main.o
    0x080010e6   0x080010e6   0x00000002   PAD
    0x080010e8   0x080010e8   0x00000024   Code   RO         2174    i.Fric_3508_Init    pid.o
    0x0800110c   0x0800110c   0x00000018   Code   RO          430    i.GIMBAL_TASK       freertos.o
    0x08001124   0x08001124   0x00000080   Code   RO         2175    i.GIM_PitParamInit  pid.o
    0x080011a4   0x080011a4   0x00000084   Code   RO         2176    i.GIM_YawParamInit  pid.o
    0x08001228   0x08001228   0x00000030   Code   RO         2177    i.GM_6020_Init      pid.o
    0x08001258   0x08001258   0x0000002c   Code   RO         2298    i.Get_CRC16_Check_Sum  crc.o
    0x08001284   0x08001284   0x0000001c   Code   RO         2299    i.Get_CRC8_Check_Sum  crc.o
    0x080012a0   0x080012a0   0x0000004c   Code   RO         1362    i.Gimbal_CanOutPut  gimbal_task.o
    0x080012ec   0x080012ec   0x00000028   Code   RO         1365    i.Gimbal_GET_Info   gimbal_task.o
    0x08001314   0x08001314   0x0000002a   Code   RO         1366    i.Gimbal_GetOutPut  gimbal_task.o
    0x0800133e   0x0800133e   0x00000002   PAD
    0x08001340   0x08001340   0x00000018   Code   RO         1368    i.Gimbal_InitPID    gimbal_task.o
    0x08001358   0x08001358   0x0000001c   Code   RO         1369    i.Gimbal_KRY_Ctrl   gimbal_task.o
    0x08001374   0x08001374   0x000000bc   Code   RO         1370    i.Gimbal_PID_Switch  gimbal_task.o
    0x08001430   0x08001430   0x0000001c   Code   RO         1371    i.Gimbal_RC_Ctrl    gimbal_task.o
    0x0800144c   0x0800144c   0x00000018   Code   RO         1372    i.Gimbal_Set_PID_type  gimbal_task.o
    0x08001464   0x08001464   0x00000020   Code   RO         1373    i.Gimbal_Stop       gimbal_task.o
    0x08001484   0x08001484   0x00000048   Code   RO         1374    i.Gimbal_Task       gimbal_task.o
    0x080014cc   0x080014cc   0x00000024   Code   RO         5415    i.HAL_CAN_ActivateNotification  stm32f4xx_hal_can.o
    0x080014f0   0x080014f0   0x000000d0   Code   RO         5416    i.HAL_CAN_AddTxMessage  stm32f4xx_hal_can.o
    0x080015c0   0x080015c0   0x0000010c   Code   RO         5417    i.HAL_CAN_ConfigFilter  stm32f4xx_hal_can.o
    0x080016cc   0x080016cc   0x00000002   Code   RO         5420    i.HAL_CAN_ErrorCallback  stm32f4xx_hal_can.o
    0x080016ce   0x080016ce   0x000000f4   Code   RO         5423    i.HAL_CAN_GetRxMessage  stm32f4xx_hal_can.o
    0x080017c2   0x080017c2   0x000001fc   Code   RO         5427    i.HAL_CAN_IRQHandler  stm32f4xx_hal_can.o
    0x080019be   0x080019be   0x0000011a   Code   RO         5428    i.HAL_CAN_Init      stm32f4xx_hal_can.o
    0x08001ad8   0x08001ad8   0x00000100   Code   RO          520    i.HAL_CAN_MspInit   can.o
    0x08001bd8   0x08001bd8   0x00000002   Code   RO         5435    i.HAL_CAN_RxFifo0FullCallback  stm32f4xx_hal_can.o
    0x08001bda   0x08001bda   0x00000002   PAD
    0x08001bdc   0x08001bdc   0x00000094   Code   RO         1790    i.HAL_CAN_RxFifo0MsgPendingCallback  can_receive.o
    0x08001c70   0x08001c70   0x00000002   Code   RO         5437    i.HAL_CAN_RxFifo1FullCallback  stm32f4xx_hal_can.o
    0x08001c72   0x08001c72   0x00000002   Code   RO         5438    i.HAL_CAN_RxFifo1MsgPendingCallback  stm32f4xx_hal_can.o
    0x08001c74   0x08001c74   0x00000002   Code   RO         5439    i.HAL_CAN_SleepCallback  stm32f4xx_hal_can.o
    0x08001c76   0x08001c76   0x00000002   PAD
    0x08001c78   0x08001c78   0x00000058   Code   RO         5440    i.HAL_CAN_Start     stm32f4xx_hal_can.o
    0x08001cd0   0x08001cd0   0x00000002   Code   RO         5442    i.HAL_CAN_TxMailbox0AbortCallback  stm32f4xx_hal_can.o
    0x08001cd2   0x08001cd2   0x00000002   Code   RO         5443    i.HAL_CAN_TxMailbox0CompleteCallback  stm32f4xx_hal_can.o
    0x08001cd4   0x08001cd4   0x00000002   Code   RO         5444    i.HAL_CAN_TxMailbox1AbortCallback  stm32f4xx_hal_can.o
    0x08001cd6   0x08001cd6   0x00000002   Code   RO         5445    i.HAL_CAN_TxMailbox1CompleteCallback  stm32f4xx_hal_can.o
    0x08001cd8   0x08001cd8   0x00000002   Code   RO         5446    i.HAL_CAN_TxMailbox2AbortCallback  stm32f4xx_hal_can.o
    0x08001cda   0x08001cda   0x00000002   Code   RO         5447    i.HAL_CAN_TxMailbox2CompleteCallback  stm32f4xx_hal_can.o
    0x08001cdc   0x08001cdc   0x00000002   Code   RO         5449    i.HAL_CAN_WakeUpFromRxMsgCallback  stm32f4xx_hal_can.o
    0x08001cde   0x08001cde   0x00000092   Code   RO         4738    i.HAL_DMA_Abort     stm32f4xx_hal_dma.o
    0x08001d70   0x08001d70   0x00000024   Code   RO         4739    i.HAL_DMA_Abort_IT  stm32f4xx_hal_dma.o
    0x08001d94   0x08001d94   0x000001a0   Code   RO         4743    i.HAL_DMA_IRQHandler  stm32f4xx_hal_dma.o
    0x08001f34   0x08001f34   0x000000d4   Code   RO         4744    i.HAL_DMA_Init      stm32f4xx_hal_dma.o
    0x08002008   0x08002008   0x0000006e   Code   RO         4748    i.HAL_DMA_Start_IT  stm32f4xx_hal_dma.o
    0x08002076   0x08002076   0x00000002   PAD
    0x08002078   0x08002078   0x00000024   Code   RO         5163    i.HAL_Delay         stm32f4xx_hal.o
    0x0800209c   0x0800209c   0x000001f0   Code   RO         4631    i.HAL_GPIO_Init     stm32f4xx_hal_gpio.o
    0x0800228c   0x0800228c   0x0000000c   Code   RO         5169    i.HAL_GetTick       stm32f4xx_hal.o
    0x08002298   0x08002298   0x00000010   Code   RO         5175    i.HAL_IncTick       stm32f4xx_hal.o
    0x080022a8   0x080022a8   0x00000034   Code   RO         5176    i.HAL_Init          stm32f4xx_hal.o
    0x080022dc   0x080022dc   0x00000098   Code   RO          952    i.HAL_InitTick      stm32f4xx_hal_timebase_tim.o
    0x08002374   0x08002374   0x00000038   Code   RO          928    i.HAL_MspInit       stm32f4xx_hal_msp.o
    0x080023ac   0x080023ac   0x0000001a   Code   RO         5021    i.HAL_NVIC_EnableIRQ  stm32f4xx_hal_cortex.o
    0x080023c6   0x080023c6   0x00000002   PAD
    0x080023c8   0x080023c8   0x00000040   Code   RO         5027    i.HAL_NVIC_SetPriority  stm32f4xx_hal_cortex.o
    0x08002408   0x08002408   0x00000024   Code   RO         5028    i.HAL_NVIC_SetPriorityGrouping  stm32f4xx_hal_cortex.o
    0x0800242c   0x0800242c   0x00000002   Code   RO         3930    i.HAL_PCDEx_LPM_Callback  stm32f4xx_hal_pcd_ex.o
    0x0800242e   0x0800242e   0x00000008   Code   RO         3931    i.HAL_PCDEx_SetRxFiFo  stm32f4xx_hal_pcd_ex.o
    0x08002436   0x08002436   0x00000044   Code   RO         3932    i.HAL_PCDEx_SetTxFiFo  stm32f4xx_hal_pcd_ex.o
    0x0800247a   0x0800247a   0x00000008   Code   RO         7218    i.HAL_PCD_ConnectCallback  usbd_conf.o
    0x08002482   0x08002482   0x00000012   Code   RO         7219    i.HAL_PCD_DataInStageCallback  usbd_conf.o
    0x08002494   0x08002494   0x00000014   Code   RO         7220    i.HAL_PCD_DataOutStageCallback  usbd_conf.o
    0x080024a8   0x080024a8   0x00000008   Code   RO         7221    i.HAL_PCD_DisconnectCallback  usbd_conf.o
    0x080024b0   0x080024b0   0x0000001e   Code   RO         3700    i.HAL_PCD_EP_Abort  stm32f4xx_hal_pcd.o
    0x080024ce   0x080024ce   0x0000004a   Code   RO         3701    i.HAL_PCD_EP_Close  stm32f4xx_hal_pcd.o
    0x08002518   0x08002518   0x0000005a   Code   RO         3702    i.HAL_PCD_EP_ClrStall  stm32f4xx_hal_pcd.o
    0x08002572   0x08002572   0x00000012   Code   RO         3704    i.HAL_PCD_EP_GetRxCount  stm32f4xx_hal_pcd.o
    0x08002584   0x08002584   0x0000005e   Code   RO         3705    i.HAL_PCD_EP_Open   stm32f4xx_hal_pcd.o
    0x080025e2   0x080025e2   0x00000038   Code   RO         3706    i.HAL_PCD_EP_Receive  stm32f4xx_hal_pcd.o
    0x0800261a   0x0800261a   0x00000072   Code   RO         3707    i.HAL_PCD_EP_SetStall  stm32f4xx_hal_pcd.o
    0x0800268c   0x0800268c   0x00000032   Code   RO         3708    i.HAL_PCD_EP_Transmit  stm32f4xx_hal_pcd.o
    0x080026be   0x080026be   0x00000002   PAD
    0x080026c0   0x080026c0   0x0000055c   Code   RO         3710    i.HAL_PCD_IRQHandler  stm32f4xx_hal_pcd.o
    0x08002c1c   0x08002c1c   0x00000008   Code   RO         7222    i.HAL_PCD_ISOINIncompleteCallback  usbd_conf.o
    0x08002c24   0x08002c24   0x00000008   Code   RO         7223    i.HAL_PCD_ISOOUTIncompleteCallback  usbd_conf.o
    0x08002c2c   0x08002c2c   0x000000cc   Code   RO         3713    i.HAL_PCD_Init      stm32f4xx_hal_pcd.o
    0x08002cf8   0x08002cf8   0x00000078   Code   RO         7225    i.HAL_PCD_MspInit   usbd_conf.o
    0x08002d70   0x08002d70   0x0000002c   Code   RO         7226    i.HAL_PCD_ResetCallback  usbd_conf.o
    0x08002d9c   0x08002d9c   0x00000008   Code   RO         7227    i.HAL_PCD_ResumeCallback  usbd_conf.o
    0x08002da4   0x08002da4   0x00000008   Code   RO         7228    i.HAL_PCD_SOFCallback  usbd_conf.o
    0x08002dac   0x08002dac   0x00000026   Code   RO         3719    i.HAL_PCD_SetAddress  stm32f4xx_hal_pcd.o
    0x08002dd2   0x08002dd2   0x0000000e   Code   RO         7229    i.HAL_PCD_SetupStageCallback  usbd_conf.o
    0x08002de0   0x08002de0   0x00000042   Code   RO         3722    i.HAL_PCD_Start     stm32f4xx_hal_pcd.o
    0x08002e22   0x08002e22   0x00000002   PAD
    0x08002e24   0x08002e24   0x00000030   Code   RO         7230    i.HAL_PCD_SuspendCallback  usbd_conf.o
    0x08002e54   0x08002e54   0x00000134   Code   RO         4277    i.HAL_RCC_ClockConfig  stm32f4xx_hal_rcc.o
    0x08002f88   0x08002f88   0x00000040   Code   RO         4281    i.HAL_RCC_GetClockConfig  stm32f4xx_hal_rcc.o
    0x08002fc8   0x08002fc8   0x0000000c   Code   RO         4282    i.HAL_RCC_GetHCLKFreq  stm32f4xx_hal_rcc.o
    0x08002fd4   0x08002fd4   0x00000020   Code   RO         4284    i.HAL_RCC_GetPCLK1Freq  stm32f4xx_hal_rcc.o
    0x08002ff4   0x08002ff4   0x00000020   Code   RO         4285    i.HAL_RCC_GetPCLK2Freq  stm32f4xx_hal_rcc.o
    0x08003014   0x08003014   0x00000064   Code   RO         4286    i.HAL_RCC_GetSysClockFreq  stm32f4xx_hal_rcc.o
    0x08003078   0x08003078   0x0000036c   Code   RO         4289    i.HAL_RCC_OscConfig  stm32f4xx_hal_rcc.o
    0x080033e4   0x080033e4   0x00000002   Code   RO         6354    i.HAL_TIMEx_BreakCallback  stm32f4xx_hal_tim_ex.o
    0x080033e6   0x080033e6   0x00000002   Code   RO         6355    i.HAL_TIMEx_CommutCallback  stm32f4xx_hal_tim_ex.o
    0x080033e8   0x080033e8   0x00000054   Code   RO         6357    i.HAL_TIMEx_ConfigBreakDeadTime  stm32f4xx_hal_tim_ex.o
    0x0800343c   0x0800343c   0x00000090   Code   RO         6373    i.HAL_TIMEx_MasterConfigSynchronization  stm32f4xx_hal_tim_ex.o
    0x080034cc   0x080034cc   0x0000005a   Code   RO         5650    i.HAL_TIM_Base_Init  stm32f4xx_hal_tim.o
    0x08003526   0x08003526   0x00000002   PAD
    0x08003528   0x08003528   0x00000038   Code   RO          596    i.HAL_TIM_Base_MspInit  tim.o
    0x08003560   0x08003560   0x00000080   Code   RO         5655    i.HAL_TIM_Base_Start_IT  stm32f4xx_hal_tim.o
    0x080035e0   0x080035e0   0x000000dc   Code   RO         5659    i.HAL_TIM_ConfigClockSource  stm32f4xx_hal_tim.o
    0x080036bc   0x080036bc   0x00000002   Code   RO         5684    i.HAL_TIM_IC_CaptureCallback  stm32f4xx_hal_tim.o
    0x080036be   0x080036be   0x00000130   Code   RO         5698    i.HAL_TIM_IRQHandler  stm32f4xx_hal_tim.o
    0x080037ee   0x080037ee   0x00000002   PAD
    0x080037f0   0x080037f0   0x000000b4   Code   RO          597    i.HAL_TIM_MspPostInit  tim.o
    0x080038a4   0x080038a4   0x00000002   Code   RO         5701    i.HAL_TIM_OC_DelayElapsedCallback  stm32f4xx_hal_tim.o
    0x080038a6   0x080038a6   0x000000cc   Code   RO         5722    i.HAL_TIM_PWM_ConfigChannel  stm32f4xx_hal_tim.o
    0x08003972   0x08003972   0x0000005a   Code   RO         5725    i.HAL_TIM_PWM_Init  stm32f4xx_hal_tim.o
    0x080039cc   0x080039cc   0x000000c4   Code   RO          599    i.HAL_TIM_PWM_MspInit  tim.o
    0x08003a90   0x08003a90   0x0000000c   Code   RO         1136    i.HAL_TIM_PWM_PulseFinishedCallback  system_task.o
    0x08003a9c   0x08003a9c   0x000000cc   Code   RO         5734    i.HAL_TIM_PWM_Stop_DMA  stm32f4xx_hal_tim.o
    0x08003b68   0x08003b68   0x00000014   Code   RO            5    i.HAL_TIM_PeriodElapsedCallback  main.o
    0x08003b7c   0x08003b7c   0x00000002   Code   RO         5741    i.HAL_TIM_TriggerCallback  stm32f4xx_hal_tim.o
    0x08003b7e   0x08003b7e   0x00000002   Code   RO         6633    i.HAL_UARTEx_RxEventCallback  stm32f4xx_hal_uart.o
    0x08003b80   0x08003b80   0x00000070   Code   RO         6645    i.HAL_UART_DMAStop  stm32f4xx_hal_uart.o
    0x08003bf0   0x08003bf0   0x00000002   Code   RO         6647    i.HAL_UART_ErrorCallback  stm32f4xx_hal_uart.o
    0x08003bf2   0x08003bf2   0x00000002   PAD
    0x08003bf4   0x08003bf4   0x00000270   Code   RO         6650    i.HAL_UART_IRQHandler  stm32f4xx_hal_uart.o
    0x08003e64   0x08003e64   0x00000064   Code   RO         6651    i.HAL_UART_Init     stm32f4xx_hal_uart.o
    0x08003ec8   0x08003ec8   0x000003b0   Code   RO          674    i.HAL_UART_MspInit  usart.o
    0x08004278   0x08004278   0x0000001c   Code   RO         6655    i.HAL_UART_Receive_DMA  stm32f4xx_hal_uart.o
    0x08004294   0x08004294   0x00000002   Code   RO         6657    i.HAL_UART_RxCpltCallback  stm32f4xx_hal_uart.o
    0x08004296   0x08004296   0x00000002   Code   RO         6658    i.HAL_UART_RxHalfCpltCallback  stm32f4xx_hal_uart.o
    0x08004298   0x08004298   0x00000002   Code   RO         6662    i.HAL_UART_TxCpltCallback  stm32f4xx_hal_uart.o
    0x0800429a   0x0800429a   0x00000002   Code   RO          755    i.HardFault_Handler  stm32f4xx_it.o
    0x0800429c   0x0800429c   0x0000001c   Code   RO         1952    i.IMU_Check         hi229.o
    0x080042b8   0x080042b8   0x00000018   Code   RO         1375    i.IMU_Data_Report   gimbal_task.o
    0x080042d0   0x080042d0   0x00000018   Code   RO         1953    i.IMU_Init          hi229.o
    0x080042e8   0x080042e8   0x00000028   Code   RO         1376    i.IMU_PitData_Report  gimbal_task.o
    0x08004310   0x08004310   0x00000010   Code   RO         1954    i.IMU_State_Report  hi229.o
    0x08004320   0x08004320   0x00000018   Code   RO          431    i.IMU_TASK          freertos.o
    0x08004338   0x08004338   0x00000028   Code   RO         1377    i.IMU_YawData_Report  gimbal_task.o
    0x08004360   0x08004360   0x00000018   Code   RO         1955    i.IMU_get           hi229.o
    0x08004378   0x08004378   0x00000038   Code   RO         7060    i.IntToUnicode      usbd_desc.o
    0x080043b0   0x080043b0   0x00000060   Code   RO         1378    i.JudgeFireFlag     gimbal_task.o
    0x08004410   0x08004410   0x00000028   Code   RO         1956    i.Judge_IMU_Lost    hi229.o
    0x08004438   0x08004438   0x00000060   Code   RO         1897    i.Judge_RC_DataErr  remote_control.o
    0x08004498   0x08004498   0x00000028   Code   RO         1898    i.Judge_RC_Lost     remote_control.o
    0x080044c0   0x080044c0   0x00000094   Code   RO         1379    i.KEY_Ctrl_PITCH    gimbal_task.o
    0x08004554   0x08004554   0x00000080   Code   RO         1380    i.KEY_Ctrl_YAW      gimbal_task.o
    0x080045d4   0x080045d4   0x00000048   Code   RO          521    i.MX_CAN1_Init      can.o
    0x0800461c   0x0800461c   0x00000048   Code   RO          522    i.MX_CAN2_Init      can.o
    0x08004664   0x08004664   0x0000008c   Code   RO          568    i.MX_DMA_Init       dma.o
    0x080046f0   0x080046f0   0x000000ac   Code   RO          432    i.MX_FREERTOS_Init  freertos.o
    0x0800479c   0x0800479c   0x0000005c   Code   RO          300    i.MX_GPIO_Init      gpio.o
    0x080047f8   0x080047f8   0x000000a0   Code   RO          600    i.MX_TIM1_Init      tim.o
    0x08004898   0x08004898   0x00000064   Code   RO          601    i.MX_TIM2_Init      tim.o
    0x080048fc   0x080048fc   0x00000070   Code   RO          602    i.MX_TIM3_Init      tim.o
    0x0800496c   0x0800496c   0x000000a0   Code   RO          603    i.MX_TIM8_Init      tim.o
    0x08004a0c   0x08004a0c   0x00000038   Code   RO          675    i.MX_UART4_Init     usart.o
    0x08004a44   0x08004a44   0x00000038   Code   RO          676    i.MX_UART5_Init     usart.o
    0x08004a7c   0x08004a7c   0x00000038   Code   RO          677    i.MX_USART1_UART_Init  usart.o
    0x08004ab4   0x08004ab4   0x00000044   Code   RO          678    i.MX_USART2_UART_Init  usart.o
    0x08004af8   0x08004af8   0x00000038   Code   RO          679    i.MX_USART3_UART_Init  usart.o
    0x08004b30   0x08004b30   0x00000038   Code   RO          680    i.MX_USART6_UART_Init  usart.o
    0x08004b68   0x08004b68   0x00000054   Code   RO         7029    i.MX_USB_DEVICE_Init  usb_device.o
    0x08004bbc   0x08004bbc   0x00000010   Code   RO         2178    i.M_2006_Init       pid.o
    0x08004bcc   0x08004bcc   0x00000034   Code   RO         2179    i.M_2006_ParamInit  pid.o
    0x08004c00   0x08004c00   0x00000034   Code   RO         2180    i.M_3508_Init       pid.o
    0x08004c34   0x08004c34   0x00000020   Code   RO         2181    i.M_3508_ParamInit  pid.o
    0x08004c54   0x08004c54   0x00000002   Code   RO          756    i.MemManage_Handler  stm32f4xx_it.o
    0x08004c56   0x08004c56   0x00000016   Code   RO         2182    i.Motor_Init        pid.o
    0x08004c6c   0x08004c6c   0x00000002   Code   RO          757    i.NMI_Handler       stm32f4xx_it.o
    0x08004c6e   0x08004c6e   0x00000002   PAD
    0x08004c70   0x08004c70   0x0000001c   Code   RO          758    i.OTG_HS_IRQHandler  stm32f4xx_it.o
    0x08004c8c   0x08004c8c   0x00000134   Code   RO         1957    i.OnDataReceived    hi229.o
    0x08004dc0   0x08004dc0   0x000000cc   Code   RO         3726    i.PCD_EP_OutXfrComplete_int  stm32f4xx_hal_pcd.o
    0x08004e8c   0x08004e8c   0x000000a2   Code   RO         3727    i.PCD_WriteEmptyTxFifo  stm32f4xx_hal_pcd.o
    0x08004f2e   0x08004f2e   0x0000016a   Code   RO         2184    i.PID_Position      pid.o
    0x08005098   0x08005098   0x00000028   Code   RO         1137    i.PID_Switch        system_task.o
    0x080050c0   0x080050c0   0x00000030   Code   RO         1381    i.PITCH_Angle_Limit  gimbal_task.o
    0x080050f0   0x080050f0   0x000000ec   Code   RO         2062    i.Packet_Decode     packet.o
    0x080051dc   0x080051dc   0x00000018   Code   RO         2063    i.Packet_DecodeInit  packet.o
    0x080051f4   0x080051f4   0x00000024   Code   RO         1899    i.RC_Check          remote_control.o
    0x08005218   0x08005218   0x00000064   Code   RO         1382    i.RC_Ctrl_PITCH     gimbal_task.o
    0x0800527c   0x0800527c   0x00000064   Code   RO         1383    i.RC_Ctrl_YAW       gimbal_task.o
    0x080052e0   0x080052e0   0x00000060   Code   RO         1086    i.RC_Init           drv_usart.o
    0x08005340   0x08005340   0x00000010   Code   RO         1900    i.RC_State_Report   remote_control.o
    0x08005350   0x08005350   0x0000004c   Code   RO         1657    i.RM_Vision_Init    vision_task.o
    0x0800539c   0x0800539c   0x00000160   Code   RO         2129    i.Referee_Decode    referee.o
    0x080054fc   0x080054fc   0x00000010   Code   RO         1087    i.Remote_Control_Init  drv_usart.o
    0x0800550c   0x0800550c   0x00000018   Code   RO          433    i.SHOOT_TASK        freertos.o
    0x08005524   0x08005524   0x000000a8   Code   RO         1245    i.SPIN_GetSpeed_FB  chassis_task.o
    0x080055cc   0x080055cc   0x000000a8   Code   RO         1246    i.SPIN_GetSpeed_LR  chassis_task.o
    0x08005674   0x08005674   0x0000000a   Code   RO         7588    i.SWAPBYTE          usbd_ctlreq.o
    0x0800567e   0x0800567e   0x00000002   PAD
    0x08005680   0x08005680   0x00000018   Code   RO          434    i.SYSTEM_STATE_TASK  freertos.o
    0x08005698   0x08005698   0x0000003c   Code   RO         1524    i.Shoot_CanOutPut   shoot_task.o
    0x080056d4   0x080056d4   0x00000034   Code   RO         1525    i.Shoot_Ctrl_DRIVER  shoot_task.o
    0x08005708   0x08005708   0x00000020   Code   RO         1526    i.Shoot_Ctrl_FRIC_L  shoot_task.o
    0x08005728   0x08005728   0x00000020   Code   RO         1527    i.Shoot_Ctrl_FRIC_R  shoot_task.o
    0x08005748   0x08005748   0x00000050   Code   RO         1528    i.Shoot_DRIVER_CanOutPut  shoot_task.o
    0x08005798   0x08005798   0x00000050   Code   RO         1529    i.Shoot_DRIVER_CanOutPut_0  shoot_task.o
    0x080057e8   0x080057e8   0x00000024   Code   RO         1530    i.Shoot_GET_Info    shoot_task.o
    0x0800580c   0x0800580c   0x00000012   Code   RO         1531    i.Shoot_GetOutPut   shoot_task.o
    0x0800581e   0x0800581e   0x00000002   PAD
    0x08005820   0x08005820   0x00000024   Code   RO         1533    i.Shoot_InitPID     shoot_task.o
    0x08005844   0x08005844   0x00000030   Code   RO         1534    i.Shoot_KEY_Ctrl    shoot_task.o
    0x08005874   0x08005874   0x00000058   Code   RO         1535    i.Shoot_KEY_F       shoot_task.o
    0x080058cc   0x080058cc   0x00000064   Code   RO         1536    i.Shoot_KEY_Fire    shoot_task.o
    0x08005930   0x08005930   0x000000c4   Code   RO         1537    i.Shoot_PID_Switch  shoot_task.o
    0x080059f4   0x080059f4   0x00000050   Code   RO         1538    i.Shoot_RC_Ctrl     shoot_task.o
    0x08005a44   0x08005a44   0x00000020   Code   RO         1539    i.Shoot_Set_PID_Type  shoot_task.o
    0x08005a64   0x08005a64   0x00000018   Code   RO         1540    i.Shoot_Stop        shoot_task.o
    0x08005a7c   0x08005a7c   0x00000034   Code   RO         1541    i.Shoot_Task        shoot_task.o
    0x08005ab0   0x08005ab0   0x0000000e   Code   RO         1247    i.Speed_Adapt       chassis_task.o
    0x08005abe   0x08005abe   0x0000000c   Code   RO          435    i.StartDefaultTask  freertos.o
    0x08005aca   0x08005aca   0x00000002   PAD
    0x08005acc   0x08005acc   0x0000002c   Code   RO         3612    i.SysTick_Handler   port.o
    0x08005af8   0x08005af8   0x00000098   Code   RO            6    i.SystemClock_Config  main.o
    0x08005b90   0x08005b90   0x00000010   Code   RO         6985    i.SystemInit        system_stm32f4xx.o
    0x08005ba0   0x08005ba0   0x00000058   Code   RO         1139    i.System_State      system_task.o
    0x08005bf8   0x08005bf8   0x00000016   Code   RO         1140    i.System_Task       system_task.o
    0x08005c0e   0x08005c0e   0x00000002   PAD
    0x08005c10   0x08005c10   0x0000000c   Code   RO          759    i.TIM2_IRQHandler   stm32f4xx_it.o
    0x08005c1c   0x08005c1c   0x0000000c   Code   RO          760    i.TIM3_IRQHandler   stm32f4xx_it.o
    0x08005c28   0x08005c28   0x0000001c   Code   RO          761    i.TIM8_TRG_COM_TIM14_IRQHandler  stm32f4xx_it.o
    0x08005c44   0x08005c44   0x000000d8   Code   RO         5743    i.TIM_Base_SetConfig  stm32f4xx_hal_tim.o
    0x08005d1c   0x08005d1c   0x0000001a   Code   RO         5744    i.TIM_CCxChannelCmd  stm32f4xx_hal_tim.o
    0x08005d36   0x08005d36   0x00000014   Code   RO         5754    i.TIM_ETR_SetConfig  stm32f4xx_hal_tim.o
    0x08005d4a   0x08005d4a   0x00000010   Code   RO         5755    i.TIM_ITRx_SetConfig  stm32f4xx_hal_tim.o
    0x08005d5a   0x08005d5a   0x00000002   PAD
    0x08005d5c   0x08005d5c   0x00000060   Code   RO         5756    i.TIM_OC1_SetConfig  stm32f4xx_hal_tim.o
    0x08005dbc   0x08005dbc   0x0000006c   Code   RO         5757    i.TIM_OC2_SetConfig  stm32f4xx_hal_tim.o
    0x08005e28   0x08005e28   0x00000068   Code   RO         5758    i.TIM_OC3_SetConfig  stm32f4xx_hal_tim.o
    0x08005e90   0x08005e90   0x00000050   Code   RO         5759    i.TIM_OC4_SetConfig  stm32f4xx_hal_tim.o
    0x08005ee0   0x08005ee0   0x00000022   Code   RO         5761    i.TIM_TI1_ConfigInputStage  stm32f4xx_hal_tim.o
    0x08005f02   0x08005f02   0x00000024   Code   RO         5763    i.TIM_TI2_ConfigInputStage  stm32f4xx_hal_tim.o
    0x08005f26   0x08005f26   0x00000002   PAD
    0x08005f28   0x08005f28   0x00000024   Code   RO         1141    i.Time_Init         system_task.o
    0x08005f4c   0x08005f4c   0x00000018   Code   RO          762    i.UART4_IRQHandler  stm32f4xx_it.o
    0x08005f64   0x08005f64   0x00000018   Code   RO          763    i.UART5_IRQHandler  stm32f4xx_it.o
    0x08005f7c   0x08005f7c   0x00000010   Code   RO         6664    i.UART_DMAAbortOnError  stm32f4xx_hal_uart.o
    0x08005f8c   0x08005f8c   0x0000004a   Code   RO         6665    i.UART_DMAError     stm32f4xx_hal_uart.o
    0x08005fd6   0x08005fd6   0x00000086   Code   RO         6666    i.UART_DMAReceiveCplt  stm32f4xx_hal_uart.o
    0x0800605c   0x0800605c   0x0000001e   Code   RO         6668    i.UART_DMARxHalfCplt  stm32f4xx_hal_uart.o
    0x0800607a   0x0800607a   0x0000004e   Code   RO         6674    i.UART_EndRxTransfer  stm32f4xx_hal_uart.o
    0x080060c8   0x080060c8   0x0000001c   Code   RO         6675    i.UART_EndTxTransfer  stm32f4xx_hal_uart.o
    0x080060e4   0x080060e4   0x00000168   Code   RO         1088    i.UART_IRQHandler_IT  drv_usart.o
    0x0800624c   0x0800624c   0x000000c2   Code   RO         6676    i.UART_Receive_IT   stm32f4xx_hal_uart.o
    0x0800630e   0x0800630e   0x00000002   PAD
    0x08006310   0x08006310   0x0000010c   Code   RO         6677    i.UART_SetConfig    stm32f4xx_hal_uart.o
    0x0800641c   0x0800641c   0x00000090   Code   RO         6678    i.UART_Start_Receive_DMA  stm32f4xx_hal_uart.o
    0x080064ac   0x080064ac   0x00000018   Code   RO          764    i.USART1_IRQHandler  stm32f4xx_it.o
    0x080064c4   0x080064c4   0x00000018   Code   RO          765    i.USART2_IRQHandler  stm32f4xx_it.o
    0x080064dc   0x080064dc   0x0000000c   Code   RO          766    i.USART3_IRQHandler  stm32f4xx_it.o
    0x080064e8   0x080064e8   0x0000000c   Code   RO          767    i.USART6_IRQHandler  stm32f4xx_it.o
    0x080064f4   0x080064f4   0x0000005c   Code   RO         1089    i.USART_Init        drv_usart.o
    0x08006550   0x08006550   0x00000076   Code   RO         7721    i.USBD_CDC_DataIn   usbd_cdc.o
    0x080065c6   0x080065c6   0x0000003c   Code   RO         7722    i.USBD_CDC_DataOut  usbd_cdc.o
    0x08006602   0x08006602   0x00000002   PAD
    0x08006604   0x08006604   0x00000090   Code   RO         7723    i.USBD_CDC_DeInit   usbd_cdc.o
    0x08006694   0x08006694   0x00000036   Code   RO         7724    i.USBD_CDC_EP0_RxReady  usbd_cdc.o
    0x080066ca   0x080066ca   0x00000002   PAD
    0x080066cc   0x080066cc   0x0000000c   Code   RO         7725    i.USBD_CDC_GetDeviceQualifierDescriptor  usbd_cdc.o
    0x080066d8   0x080066d8   0x0000003c   Code   RO         7726    i.USBD_CDC_GetFSCfgDesc  usbd_cdc.o
    0x08006714   0x08006714   0x00000040   Code   RO         7727    i.USBD_CDC_GetHSCfgDesc  usbd_cdc.o
    0x08006754   0x08006754   0x0000003c   Code   RO         7728    i.USBD_CDC_GetOtherSpeedCfgDesc  usbd_cdc.o
    0x08006790   0x08006790   0x00000118   Code   RO         7729    i.USBD_CDC_Init     usbd_cdc.o
    0x080068a8   0x080068a8   0x00000038   Code   RO         7730    i.USBD_CDC_ReceivePacket  usbd_cdc.o
    0x080068e0   0x080068e0   0x00000016   Code   RO         7731    i.USBD_CDC_RegisterInterface  usbd_cdc.o
    0x080068f6   0x080068f6   0x0000001a   Code   RO         7732    i.USBD_CDC_SetRxBuffer  usbd_cdc.o
    0x08006910   0x08006910   0x0000001e   Code   RO         7733    i.USBD_CDC_SetTxBuffer  usbd_cdc.o
    0x0800692e   0x0800692e   0x000000d4   Code   RO         7734    i.USBD_CDC_Setup    usbd_cdc.o
    0x08006a02   0x08006a02   0x00000002   PAD
    0x08006a04   0x08006a04   0x00000050   Code   RO         7735    i.USBD_CDC_TransmitPacket  usbd_cdc.o
    0x08006a54   0x08006a54   0x00000014   Code   RO         7429    i.USBD_ClrClassConfig  usbd_core.o
    0x08006a68   0x08006a68   0x00000004   Code   RO         7430    i.USBD_CoreFindEP   usbd_core.o
    0x08006a6c   0x08006a6c   0x00000004   Code   RO         7431    i.USBD_CoreFindIF   usbd_core.o
    0x08006a70   0x08006a70   0x00000010   Code   RO         7661    i.USBD_CtlContinueRx  usbd_ioreq.o
    0x08006a80   0x08006a80   0x00000010   Code   RO         7662    i.USBD_CtlContinueSendData  usbd_ioreq.o
    0x08006a90   0x08006a90   0x00000016   Code   RO         7589    i.USBD_CtlError     usbd_ctlreq.o
    0x08006aa6   0x08006aa6   0x0000001e   Code   RO         7663    i.USBD_CtlPrepareRx  usbd_ioreq.o
    0x08006ac4   0x08006ac4   0x00000016   Code   RO         7664    i.USBD_CtlReceiveStatus  usbd_ioreq.o
    0x08006ada   0x08006ada   0x0000001a   Code   RO         7665    i.USBD_CtlSendData  usbd_ioreq.o
    0x08006af4   0x08006af4   0x00000016   Code   RO         7666    i.USBD_CtlSendStatus  usbd_ioreq.o
    0x08006b0a   0x08006b0a   0x000000e6   Code   RO         7590    i.USBD_GetDescriptor  usbd_ctlreq.o
    0x08006bf0   0x08006bf0   0x0000003a   Code   RO         7433    i.USBD_GetEpDesc    usbd_core.o
    0x08006c2a   0x08006c2a   0x0000000e   Code   RO         7434    i.USBD_GetNextDesc  usbd_core.o
    0x08006c38   0x08006c38   0x00000048   Code   RO         7591    i.USBD_GetString    usbd_ctlreq.o
    0x08006c80   0x08006c80   0x00000018   Code   RO         7231    i.USBD_Get_USB_Status  usbd_conf.o
    0x08006c98   0x08006c98   0x00000020   Code   RO         7061    i.USBD_HS_ConfigStrDescriptor  usbd_desc.o
    0x08006cb8   0x08006cb8   0x0000000c   Code   RO         7062    i.USBD_HS_DeviceDescriptor  usbd_desc.o
    0x08006cc4   0x08006cc4   0x00000024   Code   RO         7063    i.USBD_HS_InterfaceStrDescriptor  usbd_desc.o
    0x08006ce8   0x08006ce8   0x0000000c   Code   RO         7064    i.USBD_HS_LangIDStrDescriptor  usbd_desc.o
    0x08006cf4   0x08006cf4   0x00000028   Code   RO         7065    i.USBD_HS_ManufacturerStrDescriptor  usbd_desc.o
    0x08006d1c   0x08006d1c   0x0000002c   Code   RO         7066    i.USBD_HS_ProductStrDescriptor  usbd_desc.o
    0x08006d48   0x08006d48   0x00000028   Code   RO         7067    i.USBD_HS_SerialStrDescriptor  usbd_desc.o
    0x08006d70   0x08006d70   0x00000026   Code   RO         7435    i.USBD_Init         usbd_core.o
    0x08006d96   0x08006d96   0x00000012   Code   RO         7232    i.USBD_LL_ClearStallEP  usbd_conf.o
    0x08006da8   0x08006da8   0x00000012   Code   RO         7233    i.USBD_LL_CloseEP   usbd_conf.o
    0x08006dba   0x08006dba   0x000000b6   Code   RO         7436    i.USBD_LL_DataInStage  usbd_core.o
    0x08006e70   0x08006e70   0x0000008e   Code   RO         7437    i.USBD_LL_DataOutStage  usbd_core.o
    0x08006efe   0x08006efe   0x00000004   Code   RO         7438    i.USBD_LL_DevConnected  usbd_core.o
    0x08006f02   0x08006f02   0x0000001e   Code   RO         7439    i.USBD_LL_DevDisconnected  usbd_core.o
    0x08006f20   0x08006f20   0x00000008   Code   RO         7237    i.USBD_LL_GetRxDataSize  usbd_conf.o
    0x08006f28   0x08006f28   0x00000068   Code   RO         7238    i.USBD_LL_Init      usbd_conf.o
    0x08006f90   0x08006f90   0x0000001e   Code   RO         7239    i.USBD_LL_IsStallEP  usbd_conf.o
    0x08006fae   0x08006fae   0x00000028   Code   RO         7440    i.USBD_LL_IsoINIncomplete  usbd_core.o
    0x08006fd6   0x08006fd6   0x00000028   Code   RO         7441    i.USBD_LL_IsoOUTIncomplete  usbd_core.o
    0x08006ffe   0x08006ffe   0x00000018   Code   RO         7240    i.USBD_LL_OpenEP    usbd_conf.o
    0x08007016   0x08007016   0x00000012   Code   RO         7241    i.USBD_LL_PrepareReceive  usbd_conf.o
    0x08007028   0x08007028   0x0000005c   Code   RO         7442    i.USBD_LL_Reset     usbd_core.o
    0x08007084   0x08007084   0x00000014   Code   RO         7443    i.USBD_LL_Resume    usbd_core.o
    0x08007098   0x08007098   0x0000001a   Code   RO         7444    i.USBD_LL_SOF       usbd_core.o
    0x080070b2   0x080070b2   0x00000006   Code   RO         7445    i.USBD_LL_SetSpeed  usbd_core.o
    0x080070b8   0x080070b8   0x00000012   Code   RO         7242    i.USBD_LL_SetUSBAddress  usbd_conf.o
    0x080070ca   0x080070ca   0x00000060   Code   RO         7446    i.USBD_LL_SetupStage  usbd_core.o
    0x0800712a   0x0800712a   0x00000012   Code   RO         7243    i.USBD_LL_StallEP   usbd_conf.o
    0x0800713c   0x0800713c   0x00000012   Code   RO         7244    i.USBD_LL_Start     usbd_conf.o
    0x0800714e   0x0800714e   0x0000001a   Code   RO         7447    i.USBD_LL_Suspend   usbd_core.o
    0x08007168   0x08007168   0x00000012   Code   RO         7246    i.USBD_LL_Transmit  usbd_conf.o
    0x0800717a   0x0800717a   0x0000002c   Code   RO         7592    i.USBD_ParseSetupRequest  usbd_ctlreq.o
    0x080071a6   0x080071a6   0x0000003a   Code   RO         7448    i.USBD_RegisterClass  usbd_core.o
    0x080071e0   0x080071e0   0x00000014   Code   RO         7450    i.USBD_SetClassConfig  usbd_core.o
    0x080071f4   0x080071f4   0x000000b8   Code   RO         7593    i.USBD_SetConfig    usbd_ctlreq.o
    0x080072ac   0x080072ac   0x00000004   Code   RO         7451    i.USBD_Start        usbd_core.o
    0x080072b0   0x080072b0   0x0000012c   Code   RO         7594    i.USBD_StdDevReq    usbd_ctlreq.o
    0x080073dc   0x080073dc   0x00000160   Code   RO         7595    i.USBD_StdEPReq     usbd_ctlreq.o
    0x0800753c   0x0800753c   0x00000072   Code   RO         7596    i.USBD_StdItfReq    usbd_ctlreq.o
    0x080075ae   0x080075ae   0x00000002   Code   RO         7247    i.USBD_static_free  usbd_conf.o
    0x080075b0   0x080075b0   0x00000008   Code   RO         7248    i.USBD_static_malloc  usbd_conf.o
    0x080075b8   0x080075b8   0x00000080   Code   RO         3972    i.USB_ActivateEndpoint  stm32f4xx_ll_usb.o
    0x08007638   0x08007638   0x0000001c   Code   RO         3974    i.USB_ActivateSetup  stm32f4xx_ll_usb.o
    0x08007654   0x08007654   0x00000084   Code   RO         3976    i.USB_CoreInit      stm32f4xx_ll_usb.o
    0x080076d8   0x080076d8   0x0000003c   Code   RO         3977    i.USB_CoreReset     stm32f4xx_ll_usb.o
    0x08007714   0x08007714   0x000000cc   Code   RO         3980    i.USB_DeactivateEndpoint  stm32f4xx_ll_usb.o
    0x080077e0   0x080077e0   0x0000001c   Code   RO         3981    i.USB_DevConnect    stm32f4xx_ll_usb.o
    0x080077fc   0x080077fc   0x0000001c   Code   RO         3982    i.USB_DevDisconnect  stm32f4xx_ll_usb.o
    0x08007818   0x08007818   0x0000017c   Code   RO         3983    i.USB_DevInit       stm32f4xx_ll_usb.o
    0x08007994   0x08007994   0x0000000c   Code   RO         3984    i.USB_DisableGlobalInt  stm32f4xx_ll_usb.o
    0x080079a0   0x080079a0   0x00000058   Code   RO         3987    i.USB_EP0_OutStart  stm32f4xx_ll_usb.o
    0x080079f8   0x080079f8   0x00000058   Code   RO         3988    i.USB_EPClearStall  stm32f4xx_ll_usb.o
    0x08007a50   0x08007a50   0x00000058   Code   RO         3989    i.USB_EPSetStall    stm32f4xx_ll_usb.o
    0x08007aa8   0x08007aa8   0x00000230   Code   RO         3990    i.USB_EPStartXfer   stm32f4xx_ll_usb.o
    0x08007cd8   0x08007cd8   0x0000009e   Code   RO         3991    i.USB_EPStopXfer    stm32f4xx_ll_usb.o
    0x08007d76   0x08007d76   0x0000000c   Code   RO         3992    i.USB_EnableGlobalInt  stm32f4xx_ll_usb.o
    0x08007d82   0x08007d82   0x00000038   Code   RO         3993    i.USB_FlushRxFifo   stm32f4xx_ll_usb.o
    0x08007dba   0x08007dba   0x0000003c   Code   RO         3994    i.USB_FlushTxFifo   stm32f4xx_ll_usb.o
    0x08007df6   0x08007df6   0x0000001a   Code   RO         3996    i.USB_GetDevSpeed   stm32f4xx_ll_usb.o
    0x08007e10   0x08007e10   0x00000008   Code   RO         3998    i.USB_GetMode       stm32f4xx_ll_usb.o
    0x08007e18   0x08007e18   0x0000000e   Code   RO         4006    i.USB_ReadDevAllInEpInterrupt  stm32f4xx_ll_usb.o
    0x08007e26   0x08007e26   0x0000000e   Code   RO         4007    i.USB_ReadDevAllOutEpInterrupt  stm32f4xx_ll_usb.o
    0x08007e34   0x08007e34   0x00000024   Code   RO         4008    i.USB_ReadDevInEPInterrupt  stm32f4xx_ll_usb.o
    0x08007e58   0x08007e58   0x00000010   Code   RO         4009    i.USB_ReadDevOutEPInterrupt  stm32f4xx_ll_usb.o
    0x08007e68   0x08007e68   0x00000008   Code   RO         4010    i.USB_ReadInterrupts  stm32f4xx_ll_usb.o
    0x08007e70   0x08007e70   0x0000003e   Code   RO         4011    i.USB_ReadPacket    stm32f4xx_ll_usb.o
    0x08007eae   0x08007eae   0x0000005c   Code   RO         4013    i.USB_SetCurrentMode  stm32f4xx_ll_usb.o
    0x08007f0a   0x08007f0a   0x00000022   Code   RO         4014    i.USB_SetDevAddress  stm32f4xx_ll_usb.o
    0x08007f2c   0x08007f2c   0x000000e8   Code   RO         4016    i.USB_SetTurnaroundTime  stm32f4xx_ll_usb.o
    0x08008014   0x08008014   0x00000028   Code   RO         4019    i.USB_WritePacket   stm32f4xx_ll_usb.o
    0x0800803c   0x0800803c   0x00000002   Code   RO          768    i.UsageFault_Handler  stm32f4xx_it.o
    0x0800803e   0x0800803e   0x00000002   PAD
    0x08008040   0x08008040   0x00000030   Code   RO         1658    i.VISION_ReadData   vision_task.o
    0x08008070   0x08008070   0x00000040   Code   RO         1659    i.VISION_SendData   vision_task.o
    0x080080b0   0x080080b0   0x00000018   Code   RO          436    i.VISUAL_TASK       freertos.o
    0x080080c8   0x080080c8   0x0000003c   Code   RO         2300    i.Verify_CRC16_Check_Sum  crc.o
    0x08008104   0x08008104   0x00000026   Code   RO         2301    i.Verify_CRC8_Check_Sum  crc.o
    0x0800812a   0x0800812a   0x00000002   PAD
    0x0800812c   0x0800812c   0x00000020   Code   RO         1660    i.Vision_Init       vision_task.o
    0x0800814c   0x0800814c   0x00000058   Code   RO         1661    i.Visual_Task       vision_task.o
    0x080081a4   0x080081a4   0x00000028   Code   RO         1248    i.XY_Speed          chassis_task.o
    0x080081cc   0x080081cc   0x00000054   Code   RO         1384    i.YAW_Angle_Over_Zero  gimbal_task.o
    0x08008220   0x08008220   0x00000030   Code   RO         2185    i.YAW_Follow_PitParamInit  pid.o
    0x08008250   0x08008250   0x00000024   Code   RO         1385    i.YAW_MotorAngle_Proc  gimbal_task.o
    0x08008274   0x08008274   0x00000030   Code   RO         7993    i.__ARM_fpclassify  m_wm.l(fpclassify.o)
    0x080082a4   0x080082a4   0x00000020   Code   RO         5034    i.__NVIC_SetPriority  stm32f4xx_hal_cortex.o
    0x080082c4   0x080082c4   0x00000004   PAD
    0x080082c8   0x080082c8   0x000002d8   Code   RO         7956    i.__hardfp_atan     m_wm.l(atan.o)
    0x080085a0   0x080085a0   0x00000200   Code   RO         7864    i.__hardfp_atan2    m_wm.l(atan2.o)
    0x080087a0   0x080087a0   0x000000c8   Code   RO         7876    i.__hardfp_cos      m_wm.l(cos.o)
    0x08008868   0x08008868   0x00000358   Code   RO         7888    i.__hardfp_exp      m_wm.l(exp.o)
    0x08008bc0   0x08008bc0   0x000000c8   Code   RO         7902    i.__hardfp_sin      m_wm.l(sin.o)
    0x08008c88   0x08008c88   0x0000007a   Code   RO         7914    i.__hardfp_sqrt     m_wm.l(sqrt.o)
    0x08008d02   0x08008d02   0x00000006   PAD
    0x08008d08   0x08008d08   0x00000438   Code   RO         7998    i.__ieee754_rem_pio2  m_wm.l(rred.o)
    0x08009140   0x08009140   0x00000170   Code   RO         7970    i.__kernel_cos      m_wm.l(cos_i.o)
    0x080092b0   0x080092b0   0x000000f8   Code   RO         7995    i.__kernel_poly     m_wm.l(poly.o)
    0x080093a8   0x080093a8   0x00000130   Code   RO         8003    i.__kernel_sin      m_wm.l(sin_i.o)
    0x080094d8   0x080094d8   0x00000014   Code   RO         7974    i.__mathlib_dbl_infnan  m_wm.l(dunder.o)
    0x080094ec   0x080094ec   0x00000014   Code   RO         7975    i.__mathlib_dbl_infnan2  m_wm.l(dunder.o)
    0x08009500   0x08009500   0x00000020   Code   RO         7976    i.__mathlib_dbl_invalid  m_wm.l(dunder.o)
    0x08009520   0x08009520   0x00000020   Code   RO         7977    i.__mathlib_dbl_overflow  m_wm.l(dunder.o)
    0x08009540   0x08009540   0x00000020   Code   RO         7979    i.__mathlib_dbl_underflow  m_wm.l(dunder.o)
    0x08009560   0x08009560   0x00000020   Code   RO         2186    i.anti_constrain    pid.o
    0x08009580   0x08009580   0x00000010   Code   RO         7958    i.atan              m_wm.l(atan.o)
    0x08009590   0x08009590   0x00000444   Code   RO         1662    i.autoSolveTrajectory  vision_task.o
    0x080099d4   0x080099d4   0x0000002e   Code   RO         2065    i.crc16_update      packet.o
    0x08009a02   0x08009a02   0x00000018   Code   RO         7989    i.fabs              m_wm.l(fabs.o)
    0x08009a1a   0x08009a1a   0x00000002   PAD
    0x08009a1c   0x08009a1c   0x00000010   Code   RO         1958    i.get_eular         hi229.o
    0x08009a2c   0x08009a2c   0x00000014   Code   RO         1962    i.get_raw_gyo       hi229.o
    0x08009a40   0x08009a40   0x000000a4   Code   RO         1792    i.get_total_angle   can_receive.o
    0x08009ae4   0x08009ae4   0x000000a8   Code   RO            7    i.main              main.o
    0x08009b8c   0x08009b8c   0x0000000c   Code   RO         3174    i.makeFreeRtosPriority  cmsis_os.o
    0x08009b98   0x08009b98   0x00000044   Code   RO          991    i.micros            system.o
    0x08009bdc   0x08009bdc   0x00000108   Code   RO         1663    i.monoDirectionalAirResistanceModel  vision_task.o
    0x08009ce4   0x08009ce4   0x0000000e   Code   RO         3176    i.osDelay           cmsis_os.o
    0x08009cf2   0x08009cf2   0x0000000a   Code   RO         3179    i.osKernelStart     cmsis_os.o
    0x08009cfc   0x08009cfc   0x00000054   Code   RO         3213    i.osThreadCreate    cmsis_os.o
    0x08009d50   0x08009d50   0x00000090   Code   RO         1664    i.pitchTrajectoryCompensation  vision_task.o
    0x08009de0   0x08009de0   0x00000070   Code   RO         2847    i.prvAddCurrentTaskToDelayedList  tasks.o
    0x08009e50   0x08009e50   0x000000d0   Code   RO         2848    i.prvAddNewTaskToReadyList  tasks.o
    0x08009f20   0x08009f20   0x00000034   Code   RO         2849    i.prvDeleteTCB      tasks.o
    0x08009f54   0x08009f54   0x0000004c   Code   RO         3544    i.prvHeapInit       heap_4.o
    0x08009fa0   0x08009fa0   0x00000060   Code   RO         2850    i.prvIdleTask       tasks.o
    0x0800a000   0x0800a000   0x00000098   Code   RO         2851    i.prvInitialiseNewTask  tasks.o
    0x0800a098   0x0800a098   0x0000004c   Code   RO         3545    i.prvInsertBlockIntoFreeList  heap_4.o
    0x0800a0e4   0x0800a0e4   0x00000020   Code   RO         2852    i.prvResetNextTaskUnblockTime  tasks.o
    0x0800a104   0x0800a104   0x00000028   Code   RO         3613    i.prvTaskExitError  port.o
    0x0800a12c   0x0800a12c   0x000000dc   Code   RO         3546    i.pvPortMalloc      heap_4.o
    0x0800a208   0x0800a208   0x0000002c   Code   RO         3614    i.pxPortInitialiseStack  port.o
    0x0800a234   0x0800a234   0x00000102   Code   RO         1901    i.sbus_to_rc        remote_control.o
    0x0800a336   0x0800a336   0x00000026   Code   RO         2489    i.uxListRemove      list.o
    0x0800a35c   0x0800a35c   0x00000014   Code   RO          437    i.vApplicationGetIdleTaskMemory  freertos.o
    0x0800a370   0x0800a370   0x00000016   Code   RO         2490    i.vListInitialise   list.o
    0x0800a386   0x0800a386   0x00000006   Code   RO         2491    i.vListInitialiseItem  list.o
    0x0800a38c   0x0800a38c   0x00000030   Code   RO         2492    i.vListInsert       list.o
    0x0800a3bc   0x0800a3bc   0x00000018   Code   RO         2493    i.vListInsertEnd    list.o
    0x0800a3d4   0x0800a3d4   0x00000040   Code   RO         3616    i.vPortEnterCritical  port.o
    0x0800a414   0x0800a414   0x00000028   Code   RO         3617    i.vPortExitCritical  port.o
    0x0800a43c   0x0800a43c   0x00000064   Code   RO         3547    i.vPortFree         heap_4.o
    0x0800a4a0   0x0800a4a0   0x00000024   Code   RO         3618    i.vPortSetupTimerInterrupt  port.o
    0x0800a4c4   0x0800a4c4   0x0000004c   Code   RO         2861    i.vTaskDelay        tasks.o
    0x0800a510   0x0800a510   0x0000008c   Code   RO         2862    i.vTaskDelayUntil   tasks.o
    0x0800a59c   0x0800a59c   0x000000ac   Code   RO         2863    i.vTaskDelete       tasks.o
    0x0800a648   0x0800a648   0x0000006c   Code   RO         2875    i.vTaskStartScheduler  tasks.o
    0x0800a6b4   0x0800a6b4   0x00000010   Code   RO         2877    i.vTaskSuspendAll   tasks.o
    0x0800a6c4   0x0800a6c4   0x0000005c   Code   RO         2878    i.vTaskSwitchContext  tasks.o
    0x0800a720   0x0800a720   0x000000f4   Code   RO         3620    i.xPortStartScheduler  port.o
    0x0800a814   0x0800a814   0x0000005a   Code   RO         2881    i.xTaskCreate       tasks.o
    0x0800a86e   0x0800a86e   0x00000056   Code   RO         2882    i.xTaskCreateStatic  tasks.o
    0x0800a8c4   0x0800a8c4   0x0000000c   Code   RO         2887    i.xTaskGetTickCount  tasks.o
    0x0800a8d0   0x0800a8d0   0x000000cc   Code   RO         2889    i.xTaskIncrementTick  tasks.o
    0x0800a99c   0x0800a99c   0x000000c4   Code   RO         2895    i.xTaskResumeAll    tasks.o
    0x0800aa60   0x0800aa60   0x00000018   Code   RO         7933    x$fpl$basic         fz_wm.l(basic.o)
    0x0800aa78   0x0800aa78   0x00000062   Code   RO         7842    x$fpl$d2f           fz_wm.l(d2f.o)
    0x0800aada   0x0800aada   0x00000002   PAD
    0x0800aadc   0x0800aadc   0x00000150   Code   RO         7844    x$fpl$dadd          fz_wm.l(daddsub_clz.o)
    0x0800ac2c   0x0800ac2c   0x00000018   Code   RO         8031    x$fpl$dcmpinf       fz_wm.l(dcmpi.o)
    0x0800ac44   0x0800ac44   0x000002b0   Code   RO         7851    x$fpl$ddiv          fz_wm.l(ddiv.o)
    0x0800aef4   0x0800aef4   0x00000078   Code   RO         7935    x$fpl$deqf          fz_wm.l(deqf.o)
    0x0800af6c   0x0800af6c   0x0000005e   Code   RO         7937    x$fpl$dfix          fz_wm.l(dfix.o)
    0x0800afca   0x0800afca   0x0000002e   Code   RO         7855    x$fpl$dflt          fz_wm.l(dflt_clz.o)
    0x0800aff8   0x0800aff8   0x00000026   Code   RO         7854    x$fpl$dfltu         fz_wm.l(dflt_clz.o)
    0x0800b01e   0x0800b01e   0x00000002   PAD
    0x0800b020   0x0800b020   0x00000078   Code   RO         7941    x$fpl$dleqf         fz_wm.l(dleqf.o)
    0x0800b098   0x0800b098   0x00000154   Code   RO         7860    x$fpl$dmul          fz_wm.l(dmul.o)
    0x0800b1ec   0x0800b1ec   0x0000009c   Code   RO         7943    x$fpl$dnaninf       fz_wm.l(dnaninf.o)
    0x0800b288   0x0800b288   0x0000000c   Code   RO         7945    x$fpl$dretinf       fz_wm.l(dretinf.o)
    0x0800b294   0x0800b294   0x0000006c   Code   RO         7947    x$fpl$drleqf        fz_wm.l(drleqf.o)
    0x0800b300   0x0800b300   0x00000016   Code   RO         7845    x$fpl$drsb          fz_wm.l(daddsub_clz.o)
    0x0800b316   0x0800b316   0x00000002   PAD
    0x0800b318   0x0800b318   0x00000198   Code   RO         7949    x$fpl$dsqrt         fz_wm.l(dsqrt_umaal.o)
    0x0800b4b0   0x0800b4b0   0x000001d4   Code   RO         7846    x$fpl$dsub          fz_wm.l(daddsub_clz.o)
    0x0800b684   0x0800b684   0x00000056   Code   RO         7862    x$fpl$f2d           fz_wm.l(f2d.o)
    0x0800b6da   0x0800b6da   0x0000008c   Code   RO         7951    x$fpl$fnaninf       fz_wm.l(fnaninf.o)
    0x0800b766   0x0800b766   0x0000000a   Code   RO         8118    x$fpl$fpinit        fz_wm.l(fpinit.o)
    0x0800b770   0x0800b770   0x0000000a   Code   RO         7953    x$fpl$fretinf       fz_wm.l(fretinf.o)
    0x0800b77a   0x0800b77a   0x00000000   Code   RO         7955    x$fpl$usenofp       fz_wm.l(usenofp.o)
    0x0800b77a   0x0800b77a   0x00000002   PAD
    0x0800b77c   0x0800b77c   0x000000c4   Data   RO          439    .constdata          freertos.o
    0x0800b840   0x0800b840   0x00000300   Data   RO         2303    .constdata          crc.o
    0x0800bb40   0x0800bb40   0x00000008   Data   RO         4750    .constdata          stm32f4xx_hal_dma.o
    0x0800bb48   0x0800bb48   0x00000010   Data   RO         6986    .constdata          system_stm32f4xx.o
    0x0800bb58   0x0800bb58   0x00000008   Data   RO         6987    .constdata          system_stm32f4xx.o
    0x0800bb60   0x0800bb60   0x00000058   Data   RO         7891    .constdata          m_wm.l(exp.o)
    0x0800bbb8   0x0800bbb8   0x00000098   Data   RO         7959    .constdata          m_wm.l(atan.o)
    0x0800bc50   0x0800bc50   0x00000030   Data   RO         7971    .constdata          m_wm.l(cos_i.o)
    0x0800bc80   0x0800bc80   0x00000008   Data   RO         7997    .constdata          m_wm.l(qnan.o)
    0x0800bc88   0x0800bc88   0x000000c8   Data   RO         8000    .constdata          m_wm.l(rred.o)
    0x0800bd50   0x0800bd50   0x00000028   Data   RO         8004    .constdata          m_wm.l(sin_i.o)
    0x0800bd78   0x0800bd78   0x00000059   Data   RO          440    .conststring        freertos.o
    0x0800bdd1   0x0800bdd1   0x00000003   PAD
    0x0800bdd4   0x0800bdd4   0x00000020   Data   RO         8176    Region$$Table       anon$$obj.o


    Execution Region RW_IRAM1 (Exec base: 0x20000000, Load base: 0x0800bdf4, Size: 0x000076f8, Max: 0x0001c000, ABSOLUTE, COMPRESSED[0x00000130])

    Exec Addr    Load Addr    Size         Type   Attr      Idx    E Section Name        Object

    0x20000000   COMPRESSED   0x0000001c   Data   RW          442    .data               freertos.o
    0x2000001c   COMPRESSED   0x00000004   Data   RW          524    .data               can.o
    0x20000020   COMPRESSED   0x00000002   Data   RW         1092    .data               drv_usart.o
    0x20000022   COMPRESSED   0x00000006   PAD
    0x20000028   COMPRESSED   0x00000020   Data   RW         1146    .data               system_task.o
    0x20000048   COMPRESSED   0x000003b8   Data   RW         1249    .data               chassis_task.o
    0x20000400   COMPRESSED   0x000001b0   Data   RW         1386    .data               gimbal_task.o
    0x200005b0   COMPRESSED   0x00000228   Data   RW         1543    .data               shoot_task.o
    0x200007d8   COMPRESSED   0x00000004   Data   RW         1668    .data               vision_task.o
    0x200007dc   COMPRESSED   0x00000028   Data   RW         1794    .data               can_receive.o
    0x20000804   COMPRESSED   0x00000003   Data   RW         1903    .data               remote_control.o
    0x20000807   COMPRESSED   0x00000001   PAD
    0x20000808   COMPRESSED   0x00000016   Data   RW         1965    .data               hi229.o
    0x2000081e   COMPRESSED   0x00000002   PAD
    0x20000820   COMPRESSED   0x00000014   Data   RW         2066    .data               packet.o
    0x20000834   COMPRESSED   0x0000000c   Data   RW         2188    .data               pid.o
    0x20000840   COMPRESSED   0x000000b4   Data   RW         2189    .data               pid.o
    0x200008f4   COMPRESSED   0x000000b4   Data   RW         2190    .data               pid.o
    0x200009a8   COMPRESSED   0x00000002   Data   RW         2304    .data               crc.o
    0x200009aa   COMPRESSED   0x00000002   PAD
    0x200009ac   COMPRESSED   0x0000003c   Data   RW         2898    .data               tasks.o
    0x200009e8   COMPRESSED   0x00000020   Data   RW         3553    .data               heap_4.o
    0x20000a08   COMPRESSED   0x0000000c   Data   RW         3621    .data               port.o
    0x20000a14   COMPRESSED   0x0000000c   Data   RW         5183    .data               stm32f4xx_hal.o
    0x20000a20   COMPRESSED   0x00000004   Data   RW         6988    .data               system_stm32f4xx.o
    0x20000a24   COMPRESSED   0x0000001c   Data   RW         7069    .data               usbd_desc.o
    0x20000a40   COMPRESSED   0x00000032   Data   RW         7070    .data               usbd_desc.o
    0x20000a72   COMPRESSED   0x00000002   PAD
    0x20000a74   COMPRESSED   0x00000014   Data   RW         7168    .data               usbd_cdc_if.o
    0x20000a88   COMPRESSED   0x00000001   Data   RW         7597    .data               usbd_ctlreq.o
    0x20000a89   COMPRESSED   0x00000003   PAD
    0x20000a8c   COMPRESSED   0x00000053   Data   RW         7736    .data               usbd_cdc.o
    0x20000adf   COMPRESSED   0x00000001   PAD
    0x20000ae0   COMPRESSED   0x00000038   Data   RW         7737    .data               usbd_cdc.o
    0x20000b18        -       0x00000254   Zero   RW          438    .bss                freertos.o
    0x20000d6c        -       0x00000050   Zero   RW          523    .bss                can.o
    0x20000dbc        -       0x00000180   Zero   RW          604    .bss                tim.o
    0x20000f3c        -       0x00000390   Zero   RW          681    .bss                usart.o
    0x200012cc        -       0x00000048   Zero   RW          955    .bss                stm32f4xx_hal_timebase_tim.o
    0x20001314        -       0x00000190   Zero   RW         1090    .bss                drv_usart.o
    0x200014a4        -       0x00000108   Zero   RW         1665    .bss                vision_task.o
    0x200015ac        -       0x0000009c   Zero   RW         1793    .bss                can_receive.o
    0x20001648        -       0x00000016   Zero   RW         1902    .bss                remote_control.o
    0x2000165e   COMPRESSED   0x00000002   PAD
    0x20001660        -       0x000000bc   Zero   RW         1964    .bss                hi229.o
    0x2000171c        -       0x000000ac   Zero   RW         2130    .bss                referee.o
    0x200017c8        -       0x000000f0   Zero   RW         2897    .bss                tasks.o
    0x200018b8        -       0x00003c00   Zero   RW         3552    .bss                heap_4.o
    0x200054b8        -       0x000002dc   Zero   RW         7030    .bss                usb_device.o
    0x20005794        -       0x00000200   Zero   RW         7068    .bss                usbd_desc.o
    0x20005994        -       0x00001000   Zero   RW         7167    .bss                usbd_cdc_if.o
    0x20006994        -       0x00000704   Zero   RW         7249    .bss                usbd_conf.o
    0x20007098        -       0x00000060   Zero   RW         8034    .bss                c_w.l(libspace.o)
    0x200070f8        -       0x00000200   Zero   RW         7020    HEAP                startup_stm32f405xx.o
    0x200072f8        -       0x00000400   Zero   RW         7019    STACK               startup_stm32f405xx.o


    Execution Region RW_IRAM2 (Exec base: 0x2001c000, Load base: 0x0800bf24, Size: 0x00000000, Max: 0x00004000, ABSOLUTE)

    **** No section assigned to this execution region ****


==============================================================================

Image component sizes


      Code (inc. data)   RO Data    RW Data    ZI Data      Debug   Object Name

       400         44          0          4         80       2550   can.o
       848        134          0         40        156      10704   can_receive.o
      1522        148          0        952          0      11821   chassis_task.o
       120          0          0          0          0      25869   cmsis_os.o
       210         20        768          2          0       4452   crc.o
         0          0          0          0          0       7436   croutine.o
       140          4          0          0          0        874   dma.o
        18          0          0          0          0        506   driver.o
       140         20          0          0          0       1940   drv_can.o
       564         72          0          2        400       3573   drv_usart.o
         0          0          0          0          0      19464   event_groups.o
       360         18        285         28        596       6359   freertos.o
      1398        156          0        432          0      14220   gimbal_task.o
        92          6          0          0          0     657447   gpio.o
       472         24          0         32      15360       7503   heap_4.o
       476         52          0         22        188       4948   hi229.o
       138          0          0          0          0       3618   list.o
       344         32          0          0          0     692069   main.o
       306         18          0         20          0       3876   packet.o
       960        146          0        372          0      11598   pid.o
       702         72          0         12          0      11108   port.o
       616         20          0          0        172       8486   referee.o
       446         22          0          3         22       5627   remote_control.o
      1046        162          0        552          0      10837   shoot_task.o
        64         26        392          0       1536        812   startup_stm32f405xx.o
       116         18          0         12          0       8794   stm32f4xx_hal.o
      1658          6          0          0          0      14531   stm32f4xx_hal_can.o
       158         14          0          0          0      33094   stm32f4xx_hal_cortex.o
      1084         16          8          0          0       7446   stm32f4xx_hal_dma.o
       496         46          0          0          0       1556   stm32f4xx_hal_gpio.o
        56          4          0          0          0        890   stm32f4xx_hal_msp.o
      2572         12          0          0          0      13716   stm32f4xx_hal_pcd.o
        78          0          0          0          0       2441   stm32f4xx_hal_pcd_ex.o
      1424         92          0          0          0       6465   stm32f4xx_hal_rcc.o
      1982        118          0          0          0      16243   stm32f4xx_hal_tim.o
       232         28          0          0          0       3361   stm32f4xx_hal_tim_ex.o
       152         20          0          0         72       1512   stm32f4xx_hal_timebase_tim.o
      1840         30          0          0          0      14089   stm32f4xx_hal_uart.o
       308        116          0          0          0      13386   stm32f4xx_it.o
      2692        116          0          0          0      23568   stm32f4xx_ll_usb.o
        68          0          0          0          0       1049   system.o
        16          4         24          4          0       1163   system_stm32f4xx.o
       198         24          0         32          0       4426   system_task.o
      1844        140          0         60        240      22302   tasks.o
       964         92          0          0        384       5515   tim.o
         0          0          0          0          0       2500   timers.o
      1292        116          0          0        912       5835   usart.o
        84         18          0          0        732        812   usb_device.o
      1278         36          0        139          0      14605   usbd_cdc.o
       116         22          0         20       4096       3912   usbd_cdc_if.o
       638         30          0          0       1796      17116   usbd_conf.o
       924          0          0          0          0      15707   usbd_core.o
      1328         28          0          1          0      15016   usbd_ctlreq.o
       272        100          0         78        512      12109   usbd_desc.o
       132          0          0          0          0       4604   usbd_ioreq.o
      1932        124          0          4        264      10505   vision_task.o

    ----------------------------------------------------------------------
     37374       2566       1512       2840      27520    1825965   Object Totals
         0          0         32          0          0          0   (incl. Generated)
        58          0          3         17          2          0   (incl. Padding)

    ----------------------------------------------------------------------

      Code (inc. data)   RO Data    RW Data    ZI Data      Debug   Library Member Name

        90          0          0          0          0          0   __dczerorl2.o
         8          0          0          0          0         68   __main.o
         0          0          0          0          0          0   __rtentry.o
        12          0          0          0          0          0   __rtentry2.o
         6          0          0          0          0          0   __rtentry4.o
        52          8          0          0          0          0   __scatter.o
        28          0          0          0          0          0   __scatter_zi.o
        22          0          0          0          0        100   _rserrno.o
        18          0          0          0          0         80   exit.o
         6          0          0          0          0        152   heapauxi.o
         0          0          0          0          0          0   indicate_semi.o
         2          0          0          0          0          0   libinit.o
         6          0          0          0          0          0   libinit2.o
         2          0          0          0          0          0   libshutdown.o
         2          0          0          0          0          0   libshutdown2.o
         8          4          0          0         96         68   libspace.o
       238          0          0          0          0        100   lludivv7m.o
         8          4          0          0          0         68   rt_errno_addr_intlibspace.o
        68          0          0          0          0         68   rt_memclr.o
        78          0          0          0          0         80   rt_memclr_w.o
       138          0          0          0          0         68   rt_memcpy_v6.o
       100          0          0          0          0         80   rt_memcpy_w.o
         2          0          0          0          0          0   rtexit.o
        10          0          0          0          0          0   rtexit2.o
        12          4          0          0          0         68   sys_exit.o
        74          0          0          0          0         80   sys_stackheap_outer.o
         2          0          0          0          0         68   use_no_semi.o
        24          0          0          0          0        164   basic.o
        98          4          0          0          0        140   d2f.o
       826         16          0          0          0        492   daddsub_clz.o
        24          0          0          0          0        116   dcmpi.o
       688        140          0          0          0        256   ddiv.o
       120          4          0          0          0        140   deqf.o
        94          4          0          0          0        140   dfix.o
        84          0          0          0          0        232   dflt_clz.o
       120          4          0          0          0        140   dleqf.o
       340         12          0          0          0        152   dmul.o
       156          4          0          0          0        140   dnaninf.o
        12          0          0          0          0        116   dretinf.o
       108          0          0          0          0        128   drleqf.o
       408         56          0          0          0        168   dsqrt_umaal.o
        86          4          0          0          0        132   f2d.o
       140          4          0          0          0        132   fnaninf.o
        10          0          0          0          0        116   fpinit.o
        10          0          0          0          0        116   fretinf.o
         0          0          0          0          0          0   usenofp.o
       744        106        152          0          0        352   atan.o
       512         64          0          0          0        208   atan2.o
       200         20          0          0          0        164   cos.o
       368         46         48          0          0        200   cos_i.o
       136         24          0          0          0        620   dunder.o
       856        142         88          0          0        288   exp.o
        24          0          0          0          0        124   fabs.o
        48          0          0          0          0        124   fpclassify.o
       248          0          0          0          0        152   poly.o
         0          0          8          0          0          0   qnan.o
      1080        142        200          0          0        188   rred.o
       200         20          0          0          0        164   sin.o
       304         24         40          0          0        208   sin_i.o
       122          0          0          0          0        148   sqrt.o

    ----------------------------------------------------------------------
      9206        860        536          0         96       7108   Library Totals
        24          0          0          0          0          0   (incl. Padding)

    ----------------------------------------------------------------------

      Code (inc. data)   RO Data    RW Data    ZI Data      Debug   Library Name

       992         20          0          0         96       1148   c_w.l
      3348        252          0          0          0       3020   fz_wm.l
      4842        588        536          0          0       2940   m_wm.l

    ----------------------------------------------------------------------
      9206        860        536          0         96       7108   Library Totals

    ----------------------------------------------------------------------

==============================================================================


      Code (inc. data)   RO Data    RW Data    ZI Data      Debug   

     46580       3426       2048       2840      27616    1786453   Grand Totals
     46580       3426       2048        304      27616    1786453   ELF Image Totals (compressed)
     46580       3426       2048        304          0          0   ROM Totals

==============================================================================

    Total RO  Size (Code + RO Data)                48628 (  47.49kB)
    Total RW  Size (RW Data + ZI Data)             30456 (  29.74kB)
    Total ROM Size (Code + RO Data + RW Data)      48932 (  47.79kB)

==============================================================================

