Component: ARM Compiler 5.06 update 7 (build 960) Tool: armlink [4d3601]

==============================================================================

Section Cross References

    main.o(i.HAL_TIM_PeriodElapsedCallback) refers to stm32f4xx_hal.o(i.HAL_IncTick) for HAL_IncTick
    main.o(i.SystemClock_Config) refers to rt_memclr_w.o(.text) for __aeabi_memclr4
    main.o(i.SystemClock_Config) refers to stm32f4xx_hal_rcc.o(i.HAL_RCC_OscConfig) for HAL_RCC_OscConfig
    main.o(i.SystemClock_Config) refers to stm32f4xx_hal_rcc.o(i.HAL_RCC_ClockConfig) for HAL_RCC_ClockConfig
    main.o(i.main) refers to stm32f4xx_hal.o(i.HAL_Init) for HAL_Init
    main.o(i.main) refers to main.o(i.SystemClock_Config) for SystemClock_Config
    main.o(i.main) refers to gpio.o(i.MX_GPIO_Init) for MX_GPIO_Init
    main.o(i.main) refers to dma.o(i.MX_DMA_Init) for MX_DMA_Init
    main.o(i.main) refers to can.o(i.MX_CAN1_Init) for MX_CAN1_Init
    main.o(i.main) refers to can.o(i.MX_CAN2_Init) for MX_CAN2_Init
    main.o(i.main) refers to usart.o(i.MX_USART1_UART_Init) for MX_USART1_UART_Init
    main.o(i.main) refers to usart.o(i.MX_USART2_UART_Init) for MX_USART2_UART_Init
    main.o(i.main) refers to usart.o(i.MX_UART4_Init) for MX_UART4_Init
    main.o(i.main) refers to usart.o(i.MX_USART3_UART_Init) for MX_USART3_UART_Init
    main.o(i.main) refers to usart.o(i.MX_UART5_Init) for MX_UART5_Init
    main.o(i.main) refers to usart.o(i.MX_USART6_UART_Init) for MX_USART6_UART_Init
    main.o(i.main) refers to tim.o(i.MX_TIM2_Init) for MX_TIM2_Init
    main.o(i.main) refers to tim.o(i.MX_TIM8_Init) for MX_TIM8_Init
    main.o(i.main) refers to tim.o(i.MX_TIM1_Init) for MX_TIM1_Init
    main.o(i.main) refers to tim.o(i.MX_TIM3_Init) for MX_TIM3_Init
    main.o(i.main) refers to driver.o(i.Driver_Init) for Driver_Init
    main.o(i.main) refers to pid.o(i.Motor_Init) for Motor_Init
    main.o(i.main) refers to system_task.o(i.Time_Init) for Time_Init
    main.o(i.main) refers to vision_task.o(i.Vision_Init) for Vision_Init
    main.o(i.main) refers to freertos.o(i.MX_FREERTOS_Init) for MX_FREERTOS_Init
    main.o(i.main) refers to cmsis_os.o(i.osKernelStart) for osKernelStart
    main.o(i.main) refers to vision_task.o(.bss) for st
    freertos.o(i.CHASSIS_TASK) refers to tasks.o(i.vTaskDelete) for vTaskDelete
    freertos.o(i.CHASSIS_TASK) refers to tasks.o(i.xTaskGetTickCount) for xTaskGetTickCount
    freertos.o(i.CHASSIS_TASK) refers to chassis_task.o(i.Chassis_Task) for Chassis_Task
    freertos.o(i.CHASSIS_TASK) refers to tasks.o(i.vTaskDelayUntil) for vTaskDelayUntil
    freertos.o(i.CHASSIS_TASK) refers to freertos.o(.data) for .data
    freertos.o(i.GIMBAL_TASK) refers to tasks.o(i.xTaskGetTickCount) for xTaskGetTickCount
    freertos.o(i.GIMBAL_TASK) refers to gimbal_task.o(i.Gimbal_Task) for Gimbal_Task
    freertos.o(i.GIMBAL_TASK) refers to tasks.o(i.vTaskDelayUntil) for vTaskDelayUntil
    freertos.o(i.IMU_TASK) refers to tasks.o(i.xTaskGetTickCount) for xTaskGetTickCount
    freertos.o(i.IMU_TASK) refers to hi229.o(i.IMU_get) for IMU_get
    freertos.o(i.IMU_TASK) refers to tasks.o(i.vTaskDelayUntil) for vTaskDelayUntil
    freertos.o(i.MX_FREERTOS_Init) refers to rt_memcpy_w.o(.text) for __aeabi_memcpy4
    freertos.o(i.MX_FREERTOS_Init) refers to cmsis_os.o(i.osThreadCreate) for osThreadCreate
    freertos.o(i.MX_FREERTOS_Init) refers to freertos.o(.constdata) for .constdata
    freertos.o(i.MX_FREERTOS_Init) refers to freertos.o(.data) for .data
    freertos.o(i.SHOOT_TASK) refers to tasks.o(i.xTaskGetTickCount) for xTaskGetTickCount
    freertos.o(i.SHOOT_TASK) refers to tasks.o(i.vTaskDelayUntil) for vTaskDelayUntil
    freertos.o(i.SYSTEM_STATE_TASK) refers to tasks.o(i.xTaskGetTickCount) for xTaskGetTickCount
    freertos.o(i.SYSTEM_STATE_TASK) refers to system_task.o(i.System_Task) for System_Task
    freertos.o(i.SYSTEM_STATE_TASK) refers to tasks.o(i.vTaskDelayUntil) for vTaskDelayUntil
    freertos.o(i.StartDefaultTask) refers to usb_device.o(i.MX_USB_DEVICE_Init) for MX_USB_DEVICE_Init
    freertos.o(i.StartDefaultTask) refers to cmsis_os.o(i.osDelay) for osDelay
    freertos.o(i.VISUAL_TASK) refers to tasks.o(i.xTaskGetTickCount) for xTaskGetTickCount
    freertos.o(i.VISUAL_TASK) refers to vision_task.o(i.Visual_Task) for Visual_Task
    freertos.o(i.VISUAL_TASK) refers to tasks.o(i.vTaskDelayUntil) for vTaskDelayUntil
    freertos.o(i.vApplicationGetIdleTaskMemory) refers to freertos.o(.bss) for .bss
    freertos.o(.constdata) refers to freertos.o(.conststring) for .conststring
    freertos.o(.constdata) refers to freertos.o(i.StartDefaultTask) for StartDefaultTask
    freertos.o(.constdata) refers to freertos.o(i.SYSTEM_STATE_TASK) for SYSTEM_STATE_TASK
    freertos.o(.constdata) refers to freertos.o(i.CHASSIS_TASK) for CHASSIS_TASK
    freertos.o(.constdata) refers to freertos.o(i.GIMBAL_TASK) for GIMBAL_TASK
    freertos.o(.constdata) refers to freertos.o(i.IMU_TASK) for IMU_TASK
[...]
    YAW_MotorAngle_Proc                      0x08007df9   Thumb Code    36  gimbal_task.o(i.YAW_MotorAngle_Proc)
    __ARM_fpclassify                         0x08007e1d   Thumb Code    48  fpclassify.o(i.__ARM_fpclassify)
    __hardfp_atan                            0x08007e71   Thumb Code   622  atan.o(i.__hardfp_atan)
    __hardfp_atan2                           0x08008149   Thumb Code   448  atan2.o(i.__hardfp_atan2)
    __hardfp_cos                             0x08008349   Thumb Code   180  cos.o(i.__hardfp_cos)
    __hardfp_exp                             0x08008411   Thumb Code   714  exp.o(i.__hardfp_exp)
    __hardfp_sin                             0x08008769   Thumb Code   180  sin.o(i.__hardfp_sin)
    __hardfp_sqrt                            0x08008831   Thumb Code   122  sqrt.o(i.__hardfp_sqrt)
    __ieee754_rem_pio2                       0x080088b1   Thumb Code   938  rred.o(i.__ieee754_rem_pio2)
    __kernel_cos                             0x08008ce9   Thumb Code   322  cos_i.o(i.__kernel_cos)
    __kernel_poly                            0x08008e59   Thumb Code   248  poly.o(i.__kernel_poly)
    __kernel_sin                             0x08008f51   Thumb Code   280  sin_i.o(i.__kernel_sin)
    __mathlib_dbl_infnan                     0x08009081   Thumb Code    20  dunder.o(i.__mathlib_dbl_infnan)
    __mathlib_dbl_infnan2                    0x08009095   Thumb Code    20  dunder.o(i.__mathlib_dbl_infnan2)
    __mathlib_dbl_invalid                    0x080090a9   Thumb Code    24  dunder.o(i.__mathlib_dbl_invalid)
    __mathlib_dbl_overflow                   0x080090c9   Thumb Code    24  dunder.o(i.__mathlib_dbl_overflow)
    __mathlib_dbl_underflow                  0x080090e9   Thumb Code    24  dunder.o(i.__mathlib_dbl_underflow)
    anti_constrain                           0x08009109   Thumb Code    26  pid.o(i.anti_constrain)
    atan                                     0x08009129   Thumb Code    16  atan.o(i.atan)
    autoSolveTrajectory                      0x08009139   Thumb Code  1092  vision_task.o(i.autoSolveTrajectory)
    fabs                                     0x080095ab   Thumb Code    24  fabs.o(i.fabs)
    get_eular                                0x080095c5   Thumb Code    12  hi229.o(i.get_eular)
    get_raw_gyo                              0x080095d5   Thumb Code    16  hi229.o(i.get_raw_gyo)
    main                                     0x080095e9   Thumb Code   152  main.o(i.main)
    micros                                   0x0800969d   Thumb Code    68  system.o(i.micros)
    monoDirectionalAirResistanceModel        0x080096e1   Thumb Code   244  vision_task.o(i.monoDirectionalAirResistanceModel)
    osDelay                                  0x080097e9   Thumb Code    14  cmsis_os.o(i.osDelay)
    osKernelStart                            0x080097f7   Thumb Code    10  cmsis_os.o(i.osKernelStart)
    osThreadCreate                           0x08009801   Thumb Code    84  cmsis_os.o(i.osThreadCreate)
    pitchTrajectoryCompensation              0x08009855   Thumb Code   136  vision_task.o(i.pitchTrajectoryCompensation)
    pvPortMalloc                             0x08009c31   Thumb Code   216  heap_4.o(i.pvPortMalloc)
    pxPortInitialiseStack                    0x08009d0d   Thumb Code    40  port.o(i.pxPortInitialiseStack)
    sbus_to_rc                               0x08009d39   Thumb Code   258  remote_control.o(i.sbus_to_rc)
    uxListRemove                             0x08009e3b   Thumb Code    38  list.o(i.uxListRemove)
    vApplicationGetIdleTaskMemory            0x08009e61   Thumb Code    16  freertos.o(i.vApplicationGetIdleTaskMemory)
    vListInitialise                          0x08009e75   Thumb Code    22  list.o(i.vListInitialise)
    vListInitialiseItem                      0x08009e8b   Thumb Code     6  list.o(i.vListInitialiseItem)
    vListInsert                              0x08009e91   Thumb Code    48  list.o(i.vListInsert)
    vListInsertEnd                           0x08009ec1   Thumb Code    24  list.o(i.vListInsertEnd)
    vPortEnterCritical                       0x08009ed9   Thumb Code    54  port.o(i.vPortEnterCritical)
    vPortExitCritical                        0x08009f19   Thumb Code    34  port.o(i.vPortExitCritical)
    vPortFree                                0x08009f41   Thumb Code    94  heap_4.o(i.vPortFree)
    vPortSetupTimerInterrupt                 0x08009fa5   Thumb Code    32  port.o(i.vPortSetupTimerInterrupt)
    vTaskDelay                               0x08009fc9   Thumb Code    66  tasks.o(i.vTaskDelay)
    vTaskDelayUntil                          0x0800a015   Thumb Code   132  tasks.o(i.vTaskDelayUntil)
    vTaskDelete                              0x0800a0a1   Thumb Code   158  tasks.o(i.vTaskDelete)
    vTaskStartScheduler                      0x0800a14d   Thumb Code    90  tasks.o(i.vTaskStartScheduler)
    vTaskSuspendAll                          0x0800a1b9   Thumb Code    10  tasks.o(i.vTaskSuspendAll)
    vTaskSwitchContext                       0x0800a1c9   Thumb Code    82  tasks.o(i.vTaskSwitchContext)
    xPortStartScheduler                      0x0800a225   Thumb Code   222  port.o(i.xPortStartScheduler)
    xTaskCreate                              0x0800a319   Thumb Code    90  tasks.o(i.xTaskCreate)
    xTaskCreateStatic                        0x0800a373   Thumb Code    86  tasks.o(i.xTaskCreateStatic)
    xTaskGetTickCount                        0x0800a3c9   Thumb Code     6  tasks.o(i.xTaskGetTickCount)
    xTaskIncrementTick                       0x0800a3d5   Thumb Code   194  tasks.o(i.xTaskIncrementTick)
    xTaskResumeAll                           0x0800a4a1   Thumb Code   182  tasks.o(i.xTaskResumeAll)
    __aeabi_dneg                             0x0800a565   Thumb Code     0  basic.o(x$fpl$basic)
    _dneg                                    0x0800a565   Thumb Code     6  basic.o(x$fpl$basic)
    __aeabi_fneg                             0x0800a56b   Thumb Code     0  basic.o(x$fpl$basic)
    _fneg                                    0x0800a56b   Thumb Code     6  basic.o(x$fpl$basic)
    _dabs                                    0x0800a571   Thumb Code     6  basic.o(x$fpl$basic)
    _fabs                                    0x0800a577   Thumb Code     6  basic.o(x$fpl$basic)
    __aeabi_d2f                              0x0800a57d   Thumb Code     0  d2f.o(x$fpl$d2f)
    _d2f                                     0x0800a57d   Thumb Code    98  d2f.o(x$fpl$d2f)
    __aeabi_dadd                             0x0800a5e1   Thumb Code     0  daddsub_clz.o(x$fpl$dadd)
    _dadd                                    0x0800a5e1   Thumb Code   332  daddsub_clz.o(x$fpl$dadd)
    __fpl_dcmp_Inf                           0x0800a731   Thumb Code    24  dcmpi.o(x$fpl$dcmpinf)
    __aeabi_ddiv                             0x0800a749   Thumb Code     0  ddiv.o(x$fpl$ddiv)
    _ddiv                                    0x0800a749   Thumb Code   552  ddiv.o(x$fpl$ddiv)
    __aeabi_cdcmpeq                          0x0800a9f9   Thumb Code     0  deqf.o(x$fpl$deqf)
    _dcmpeq                                  0x0800a9f9   Thumb Code   120  deqf.o(x$fpl$deqf)
    __aeabi_d2iz                             0x0800aa71   Thumb Code     0  dfix.o(x$fpl$dfix)
    _dfix                                    0x0800aa71   Thumb Code    94  dfix.o(x$fpl$dfix)
    __aeabi_i2d                              0x0800aacf   Thumb Code     0  dflt_clz.o(x$fpl$dflt)
    _dflt                                    0x0800aacf   Thumb Code    46  dflt_clz.o(x$fpl$dflt)
    __aeabi_ui2d                             0x0800aafd   Thumb Code     0  dflt_clz.o(x$fpl$dfltu)
    _dfltu                                   0x0800aafd   Thumb Code    38  dflt_clz.o(x$fpl$dfltu)
    __aeabi_cdcmple                          0x0800ab25   Thumb Code     0  dleqf.o(x$fpl$dleqf)
    _dcmple                                  0x0800ab25   Thumb Code   120  dleqf.o(x$fpl$dleqf)
    __fpl_dcmple_InfNaN                      0x0800ab87   Thumb Code     0  dleqf.o(x$fpl$dleqf)
    __aeabi_dmul                             0x0800ab9d   Thumb Code     0  dmul.o(x$fpl$dmul)
    _dmul                                    0x0800ab9d   Thumb Code   332  dmul.o(x$fpl$dmul)
    __fpl_dnaninf                            0x0800acf1   Thumb Code   156  dnaninf.o(x$fpl$dnaninf)
    __fpl_dretinf                            0x0800ad8d   Thumb Code    12  dretinf.o(x$fpl$dretinf)
    __aeabi_cdrcmple                         0x0800ad99   Thumb Code     0  drleqf.o(x$fpl$drleqf)
    _drcmple                                 0x0800ad99   Thumb Code   108  drleqf.o(x$fpl$drleqf)
    __aeabi_drsub                            0x0800ae05   Thumb Code     0  daddsub_clz.o(x$fpl$drsb)
    _drsb                                    0x0800ae05   Thumb Code    22  daddsub_clz.o(x$fpl$drsb)
    _dsqrt                                   0x0800ae1d   Thumb Code   404  dsqrt_umaal.o(x$fpl$dsqrt)
    __aeabi_dsub                             0x0800afb5   Thumb Code     0  daddsub_clz.o(x$fpl$dsub)
    _dsub                                    0x0800afb5   Thumb Code   464  daddsub_clz.o(x$fpl$dsub)
    __aeabi_f2d                              0x0800b189   Thumb Code     0  f2d.o(x$fpl$f2d)
    _f2d                                     0x0800b189   Thumb Code    86  f2d.o(x$fpl$f2d)
    __fpl_fnaninf                            0x0800b1df   Thumb Code   140  fnaninf.o(x$fpl$fnaninf)
    _fp_init                                 0x0800b26b   Thumb Code    10  fpinit.o(x$fpl$fpinit)
    __fplib_config_fpu_vfp                   0x0800b273   Thumb Code     0  fpinit.o(x$fpl$fpinit)
    __fplib_config_pureend_doubles           0x0800b273   Thumb Code     0  fpinit.o(x$fpl$fpinit)
    __fpl_fretinf                            0x0800b275   Thumb Code    10  fretinf.o(x$fpl$fretinf)
    __I$use$fp                               0x0800b27e   Number         0  usenofp.o(x$fpl$usenofp)
    CRC8_TAB                                 0x0800b344   Data         256  crc.o(.constdata)
    wCRC_Table                               0x0800b444   Data         512  crc.o(.constdata)
    AHBPrescTable                            0x0800b64c   Data          16  system_stm32f4xx.o(.constdata)
    APBPrescTable                            0x0800b65c   Data           8  system_stm32f4xx.o(.constdata)
    __mathlib_zero                           0x0800b788   Data           8  qnan.o(.constdata)
    Region$$Table$$Base                      0x0800b8dc   Number         0  anon$$obj.o(Region$$Table)
    Region$$Table$$Limit                     0x0800b8fc   Number         0  anon$$obj.o(Region$$Table)
    defaultTaskHandle                        0x20000000   Data           4  freertos.o(.data)
    system_state_taHandle                    0x20000004   Data           4  freertos.o(.data)
    chassis_taskHandle                       0x20000008   Data           4  freertos.o(.data)
    gimbal_taskHandle                        0x2000000c   Data           4  freertos.o(.data)
    imu_taskHandle                           0x20000010   Data           4  freertos.o(.data)
    shoot_taskHandle                         0x20000014   Data           4  freertos.o(.data)
    visual_taskHandle                        0x20000018   Data           4  freertos.o(.data)
    big                                      0x20000028   Data           1  system_task.o(.data)
    x                                        0x20000029   Data           1  system_task.o(.data)
    y                                        0x2000002a   Data           1  system_task.o(.data)
    z                                        0x2000002b   Data           1  system_task.o(.data)
    System                                   0x2000002c   Data           4  system_task.o(.data)
    Remote_time                              0x20000030   Data           8  system_task.o(.data)
    Imu_time                                 0x20000038   Data           8  system_task.o(.data)
    Vision_time                              0x20000040   Data           8  system_task.o(.data)
    yaw_angle_t                              0x20000048   Data           2  chassis_task.o(.data)
    Chassis                                  0x20000064   Data         924  chassis_task.o(.data)
    Gimbal                                   0x20000418   Data         408  gimbal_task.o(.data)
    Shoot_pid_out                            0x200005b2   Data           2  shoot_task.o(.data)
    Shoot                                    0x200005c0   Data         536  shoot_task.o(.data)
    t                                        0x200007d8   Data           4  vision_task.o(.data)
    PID_Yaw_Follow                           0x20000834   Data          12  pid.o(.data)
    PID_Speed_Param                          0x20000840   Data         180  pid.o(.data)
    PID_Angle_Param                          0x200008f4   Data         180  pid.o(.data)
    CRC_INIT                                 0x200009a8   Data           2  crc.o(.data)
    pxCurrentTCB                             0x200009ac   Data           4  tasks.o(.data)
    uwTickFreq                               0x20000a14   Data           1  stm32f4xx_hal.o(.data)
    uwTickPrio                               0x20000a18   Data           4  stm32f4xx_hal.o(.data)
    uwTick                                   0x20000a1c   Data           4  stm32f4xx_hal.o(.data)
    SystemCoreClock                          0x20000a20   Data           4  system_stm32f4xx.o(.data)
    HS_Desc                                  0x20000a24   Data          28  usbd_desc.o(.data)
    USBD_LangIDDesc                          0x20000a40   Data           4  usbd_desc.o(.data)
    USBD_HS_DeviceDesc                       0x20000a44   Data          18  usbd_desc.o(.data)
    USBD_StringSerial                        0x20000a58   Data          26  usbd_desc.o(.data)
    USBD_Interface_fops_HS                   0x20000a74   Data          20  usbd_cdc_if.o(.data)
    USBD_CDC                                 0x20000ae0   Data          56  usbd_cdc.o(.data)
    hcan1                                    0x20000d6c   Data          40  can.o(.bss)
    hcan2                                    0x20000d94   Data          40  can.o(.bss)
    htim1                                    0x20000dbc   Data          72  tim.o(.bss)
    htim2                                    0x20000e04   Data          72  tim.o(.bss)
    htim3                                    0x20000e4c   Data          72  tim.o(.bss)
    htim8                                    0x20000e94   Data          72  tim.o(.bss)
    hdma_tim1_ch1                            0x20000edc   Data          96  tim.o(.bss)
    huart4                                   0x20000f3c   Data          72  usart.o(.bss)
    huart5                                   0x20000f84   Data          72  usart.o(.bss)
    huart1                                   0x20000fcc   Data          72  usart.o(.bss)
    huart2                                   0x20001014   Data          72  usart.o(.bss)
    huart3                                   0x2000105c   Data          72  usart.o(.bss)
    huart6                                   0x200010a4   Data          72  usart.o(.bss)
    hdma_uart4_rx                            0x200010ec   Data          96  usart.o(.bss)
    hdma_uart4_tx                            0x2000114c   Data          96  usart.o(.bss)
    hdma_uart5_rx                            0x200011ac   Data          96  usart.o(.bss)
    hdma_usart1_rx                           0x2000120c   Data          96  usart.o(.bss)
    hdma_usart2_rx                           0x2000126c   Data          96  usart.o(.bss)
    htim14                                   0x200012cc   Data          72  stm32f4xx_hal_timebase_tim.o(.bss)
    Judge_Buffer                             0x20001314   Data         200  drv_usart.o(.bss)
    Dbus_Buffer                              0x200013dc   Data          72  drv_usart.o(.bss)
    IMU_Buffer                               0x20001424   Data         128  drv_usart.o(.bss)
    Vision_cj                                0x200014a4   Data          81  vision_task.o(.bss)
    Vision_Tx_Buffer                         0x200014f5   Data          28  vision_task.o(.bss)
    st                                       0x20001514   Data          88  vision_task.o(.bss)
    tar_position                             0x2000156c   Data          64  vision_task.o(.bss)
    super_capacitor                          0x20001624   Data          20  can_receive.o(.bss)
    Relative_Angle                           0x20001638   Data          16  can_receive.o(.bss)
    RC_Ctrl                                  0x20001648   Data          22  remote_control.o(.bss)
    IMU_Get_Data                             0x20001708   Data          20  hi229.o(.bss)
    REF                                      0x2000171c   Data         172  referee.o(.bss)
    hUsbDeviceHS                             0x200054b8   Data         732  usb_device.o(.bss)
    USBD_StrDesc                             0x20005794   Data         512  usbd_desc.o(.bss)
    UserRxBufferHS                           0x20005994   Data        2048  usbd_cdc_if.o(.bss)
    UserTxBufferHS                           0x20006194   Data        2048  usbd_cdc_if.o(.bss)
    hpcd_USB_OTG_HS                          0x20006bb4   Data        1252  usbd_conf.o(.bss)
    __libspace_start                         0x20007098   Data          96  libspace.o(.bss)
    __temporary_stack_top$libspace           0x200070f8   Data           0  libspace.o(.bss)



==============================================================================

Memory Map of the image

  Image Entry point : 0x08000189

  Load Region LR_IROM1 (Base: 0x08000000, Size: 0x0000c414, Max: 0x00100000, ABSOLUTE, COMPRESSED[0x0000ba2c])

    Execution Region ER_IROM1 (Exec base: 0x08000000, Load base: 0x08000000, Size: 0x0000b8fc, Max: 0x00100000, ABSOLUTE)

    Exec Addr    Load Addr    Size         Type   Attr      Idx    E Section Name        Object

    0x08000000   0x08000000   0x00000188   Data   RO         7012    RESET               startup_stm32f405xx.o
    0x08000188   0x08000188   0x00000008   Code   RO         7959  * !!!main             c_w.l(__main.o)
    0x08000190   0x08000190   0x00000034   Code   RO         8299    !!!scatter          c_w.l(__scatter.o)
    0x080001c4   0x080001c4   0x0000005a   Code   RO         8297    !!dczerorl2         c_w.l(__dczerorl2.o)
    0x0800021e   0x0800021e   0x00000002   PAD
    0x08000220   0x08000220   0x0000001c   Code   RO         8301    !!handler_zi        c_w.l(__scatter_zi.o)
    0x0800023c   0x0800023c   0x00000002   Code   RO         8168    .ARM.Collect$$libinit$$00000000  c_w.l(libinit.o)
    0x0800023e   0x0800023e   0x00000004   Code   RO         8177    .ARM.Collect$$libinit$$00000001  c_w.l(libinit2.o)
    0x08000242   0x08000242   0x00000000   Code   RO         8180    .ARM.Collect$$libinit$$00000004  c_w.l(libinit2.o)
    0x08000242   0x08000242   0x00000000   Code   RO         8183    .ARM.Collect$$libinit$$0000000A  c_w.l(libinit2.o)
    0x08000242   0x08000242   0x00000000   Code   RO         8185    .ARM.Collect$$libinit$$0000000C  c_w.l(libinit2.o)
    0x08000242   0x08000242   0x00000000   Code   RO         8187    .ARM.Collect$$libinit$$0000000E  c_w.l(libinit2.o)
    0x08000242   0x08000242   0x00000000   Code   RO         8190    .ARM.Collect$$libinit$$00000011  c_w.l(libinit2.o)
    0x08000242   0x08000242   0x00000000   Code   RO         8192    .ARM.Collect$$libinit$$00000013  c_w.l(libinit2.o)
    0x08000242   0x08000242   0x00000000   Code   RO         8194    .ARM.Collect$$libinit$$00000015  c_w.l(libinit2.o)
    0x08000242   0x08000242   0x00000000   Code   RO         8196    .ARM.Collect$$libinit$$00000017  c_w.l(libinit2.o)
    0x08000242   0x08000242   0x00000000   Code   RO         8198    .ARM.Collect$$libinit$$00000019  c_w.l(libinit2.o)
    0x08000242   0x08000242   0x00000000   Code   RO         8200    .ARM.Collect$$libinit$$0000001B  c_w.l(libinit2.o)
    0x08000242   0x08000242   0x00000000   Code   RO         8202    .ARM.Collect$$libinit$$0000001D  c_w.l(libinit2.o)
    0x08000242   0x08000242   0x00000000   Code   RO         8204    .ARM.Collect$$libinit$$0000001F  c_w.l(libinit2.o)
    0x08000242   0x08000242   0x00000000   Code   RO         8206    .ARM.Collect$$libinit$$00000021  c_w.l(libinit2.o)
    0x08000242   0x08000242   0x00000000   Code   RO         8208    .ARM.Collect$$libinit$$00000023  c_w.l(libinit2.o)
    0x08000242   0x08000242   0x00000000   Code   RO         8210    .ARM.Collect$$libinit$$00000025  c_w.l(libinit2.o)
    0x08000242   0x08000242   0x00000000   Code   RO         8214    .ARM.Collect$$libinit$$0000002C  c_w.l(libinit2.o)
    0x08000242   0x08000242   0x00000000   Code   RO         8216    .ARM.Collect$$libinit$$0000002E  c_w.l(libinit2.o)
    0x08000242   0x08000242   0x00000000   Code   RO         8218    .ARM.Collect$$libinit$$00000030  c_w.l(libinit2.o)
    0x08000242   0x08000242   0x00000000   Code   RO         8220    .ARM.Collect$$libinit$$00000032  c_w.l(libinit2.o)
    0x08000242   0x08000242   0x00000002   Code   RO         8221    .ARM.Collect$$libinit$$00000033  c_w.l(libinit2.o)
    0x08000244   0x08000244   0x00000002   Code   RO         8252    .ARM.Collect$$libshutdown$$00000000  c_w.l(libshutdown.o)
    0x08000246   0x08000246   0x00000000   Code   RO         8278    .ARM.Collect$$libshutdown$$00000002  c_w.l(libshutdown2.o)
    0x08000246   0x08000246   0x00000000   Code   RO         8280    .ARM.Collect$$libshutdown$$00000004  c_w.l(libshutdown2.o)
    0x08000246   0x08000246   0x00000000   Code   RO         8282    .ARM.Collect$$libshutdown$$00000006  c_w.l(libshutdown2.o)
    0x08000246   0x08000246   0x00000000   Code   RO         8285    .ARM.Collect$$libshutdown$$00000009  c_w.l(libshutdown2.o)
    0x08000246   0x08000246   0x00000000   Code   RO         8288    .ARM.Collect$$libshutdown$$0000000C  c_w.l(libshutdown2.o)
    0x08000246   0x08000246   0x00000000   Code   RO         8290    .ARM.Collect$$libshutdown$$0000000E  c_w.l(libshutdown2.o)
    0x08000246   0x08000246   0x00000000   Code   RO         8293    .ARM.Collect$$libshutdown$$00000011  c_w.l(libshutdown2.o)
    0x08000246   0x08000246   0x00000002   Code   RO         8294    .ARM.Collect$$libshutdown$$00000012  c_w.l(libshutdown2.o)
    0x08000248   0x08000248   0x00000000   Code   RO         8045    .ARM.Collect$$rtentry$$00000000  c_w.l(__rtentry.o)
    0x08000248   0x08000248   0x00000000   Code   RO         8129    .ARM.Collect$$rtentry$$00000002  c_w.l(__rtentry2.o)
    0x08000248   0x08000248   0x00000006   Code   RO         8141    .ARM.Collect$$rtentry$$00000004  c_w.l(__rtentry4.o)
    0x0800024e   0x0800024e   0x00000000   Code   RO         8131    .ARM.Collect$$rtentry$$00000009  c_w.l(__rtentry2.o)
    0x0800024e   0x0800024e   0x00000004   Code   RO         8132    .ARM.Collect$$rtentry$$0000000A  c_w.l(__rtentry2.o)
    0x08000252   0x08000252   0x00000000   Code   RO         8134    .ARM.Collect$$rtentry$$0000000C  c_w.l(__rtentry2.o)
    0x08000252   0x08000252   0x00000008   Code   RO         8135    .ARM.Collect$$rtentry$$0000000D  c_w.l(__rtentry2.o)
    0x0800025a   0x0800025a   0x00000002   Code   RO         8169    .ARM.Collect$$rtexit$$00000000  c_w.l(rtexit.o)
    0x0800025c   0x0800025c   0x00000000   Code   RO         8225    .ARM.Collect$$rtexit$$00000002  c_w.l(rtexit2.o)
    0x0800025c   0x0800025c   0x00000004   Code   RO         8226    .ARM.Collect$$rtexit$$00000003  c_w.l(rtexit2.o)
    0x08000260   0x08000260   0x00000006   Code   RO         8227    .ARM.Collect$$rtexit$$00000004  c_w.l(rtexit2.o)
    0x08000266   0x08000266   0x00000002   PAD
    0x08000268   0x08000268   0x000000be   Code   RO         3602    .emb_text           port.o
    0x08000326   0x08000326   0x00000002   PAD
    0x08000328   0x08000328   0x00000040   Code   RO         7013    .text               startup_stm32f405xx.o
    0x08000368   0x08000368   0x000000ee   Code   RO         7945    .text               c_w.l(lludivv7m.o)
    0x08000456   0x08000456   0x0000008a   Code   RO         7947    .text               c_w.l(rt_memcpy_v6.o)
    0x080004e0   0x080004e0   0x00000064   Code   RO         7949    .text               c_w.l(rt_memcpy_w.o)
    0x08000544   0x08000544   0x00000044   Code   RO         7953    .text               c_w.l(rt_memclr.o)
    0x08000588   0x08000588   0x0000004e   Code   RO         7955    .text               c_w.l(rt_memclr_w.o)
    0x080005d6   0x080005d6   0x00000006   Code   RO         7957    .text               c_w.l(heapauxi.o)
    0x080005dc   0x080005dc   0x00000016   Code   RO         8050    .text               c_w.l(_rserrno.o)
    0x080005f2   0x080005f2   0x00000002   PAD
    0x080005f4   0x080005f4   0x00000008   Code   RO         8148    .text               c_w.l(rt_errno_addr_intlibspace.o)
    0x080005fc   0x080005fc   0x00000008   Code   RO         8152    .text               c_w.l(libspace.o)
    0x08000604   0x08000604   0x0000004a   Code   RO         8155    .text               c_w.l(sys_stackheap_outer.o)
    0x0800064e   0x0800064e   0x00000012   Code   RO         8157    .text               c_w.l(exit.o)
    0x08000660   0x08000660   0x0000000c   Code   RO         8222    .text               c_w.l(sys_exit.o)
    0x0800066c   0x0800066c   0x00000002   Code   RO         8241    .text               c_w.l(use_no_semi.o)
    0x0800066e   0x0800066e   0x00000000   Code   RO         8243    .text               c_w.l(indicate_semi.o)
    0x0800066e   0x0800066e   0x00000002   PAD
    0x08000670   0x08000670   0x0000007c   Code   RO         1650    i.AUTO_AIM_Ctrl     vision_task.o
    0x080006ec   0x080006ec   0x00000028   Code   RO         2287    i.Append_CRC16_Check_Sum  crc.o
    0x08000714   0x08000714   0x00000002   Code   RO          745    i.BusFault_Handler  stm32f4xx_it.o
    0x08000716   0x08000716   0x00000002   PAD
    0x08000718   0x08000718   0x0000002c   Code   RO         1048    i.CAN1_Init         drv_can.o
    0x08000744   0x08000744   0x0000000c   Code   RO          746    i.CAN1_RX0_IRQHandler  stm32f4xx_it.o
    0x08000750   0x08000750   0x0000002c   Code   RO         1049    i.CAN2_Init         drv_can.o
    0x0800077c   0x0800077c   0x0000000c   Code   RO          747    i.CAN2_RX0_IRQHandler  stm32f4xx_it.o
    0x08000788   0x08000788   0x00000018   Code   RO         1775    i.CAN_Date_Decode   can_receive.o
    0x080007a0   0x080007a0   0x00000034   Code   RO         1050    i.CAN_Filter_Init   drv_can.o
    0x080007d4   0x080007d4   0x0000006c   Code   RO         1776    i.CAN_cmd_RC1       can_receive.o
    0x08000840   0x08000840   0x00000064   Code   RO         1777    i.CAN_cmd_RC2       can_receive.o
    0x080008a4   0x080008a4   0x00000038   Code   RO         1778    i.CAN_cmd_capacitance  can_receive.o
    0x080008dc   0x080008dc   0x00000048   Code   RO         1779    i.CAN_cmd_chassis   can_receive.o
    0x08000924   0x08000924   0x0000003c   Code   RO         1780    i.CAN_cmd_gimbal_pitch  can_receive.o
    0x08000960   0x08000960   0x00000038   Code   RO         1781    i.CAN_cmd_gimbal_yaw  can_receive.o
    0x08000998   0x08000998   0x00000004   Code   RO         7280    i.CDC_Control_HS    usbd_cdc_if.o
    0x0800099c   0x0800099c   0x00000004   Code   RO         7281    i.CDC_DeInit_HS     usbd_cdc_if.o
    0x080009a0   0x080009a0   0x00000024   Code   RO         7282    i.CDC_Init_HS       usbd_cdc_if.o
    0x080009c4   0x080009c4   0x00000018   Code   RO         7283    i.CDC_Receive_HS    usbd_cdc_if.o
    0x080009dc   0x080009dc   0x00000004   Code   RO         7284    i.CDC_TransmitCplt_HS  usbd_cdc_if.o
    0x080009e0   0x080009e0   0x0000002c   Code   RO         7285    i.CDC_Transmit_HS   usbd_cdc_if.o
    0x08000a0c   0x08000a0c   0x00000024   Code   RO          429    i.CHASSIS_TASK      freertos.o
    0x08000a30   0x08000a30   0x00000064   Code   RO         1225    i.Chassis_Allot_Speed  chassis_task.o
    0x08000a94   0x08000a94   0x00000068   Code   RO         1226    i.Chassis_CanOutPut  chassis_task.o
    0x08000afc   0x08000afc   0x00000024   Code   RO         1227    i.Chassis_GET_Info  chassis_task.o
    0x08000b20   0x08000b20   0x0000001a   Code   RO         1228    i.Chassis_GetOutPut  chassis_task.o
    0x08000b3a   0x08000b3a   0x00000016   Code   RO         1230    i.Chassis_Handler   chassis_task.o
    0x08000b50   0x08000b50   0x0000002c   Code   RO         1231    i.Chassis_InitPID   chassis_task.o
    0x08000b7c   0x08000b7c   0x000000e0   Code   RO         1232    i.Chassis_KEY_Ctrl  chassis_task.o
    0x08000c5c   0x08000c5c   0x00000028   Code   RO         1233    i.Chassis_MotorSpeed  chassis_task.o
    0x08000c84   0x08000c84   0x00000028   Code   RO         1234    i.Chassis_PID_Switch  chassis_task.o
    0x08000cac   0x08000cac   0x0000016c   Code   RO         1235    i.Chassis_RC_Ctrl   chassis_task.o
    0x08000e18   0x08000e18   0x0000002c   Code   RO         1236    i.Chassis_Set_PID_Type  chassis_task.o
    0x08000e44   0x08000e44   0x0000001c   Code   RO         1237    i.Chassis_Stop      chassis_task.o
    0x08000e60   0x08000e60   0x0000003c   Code   RO         1238    i.Chassis_Task      chassis_task.o
    0x08000e9c   0x08000e9c   0x0000000c   Code   RO          748    i.DMA1_Stream0_IRQHandler  stm32f4xx_it.o
    0x08000ea8   0x08000ea8   0x0000000c   Code   RO          749    i.DMA1_Stream2_IRQHandler  stm32f4xx_it.o
    0x08000eb4   0x08000eb4   0x0000000c   Code   RO          750    i.DMA1_Stream4_IRQHandler  stm32f4xx_it.o
    0x08000ec0   0x08000ec0   0x0000000c   Code   RO          751    i.DMA1_Stream5_IRQHandler  stm32f4xx_it.o
    0x08000ecc   0x08000ecc   0x0000000c   Code   RO          752    i.DMA2_Stream1_IRQHandler  stm32f4xx_it.o
    0x08000ed8   0x08000ed8   0x0000000c   Code   RO          753    i.DMA2_Stream2_IRQHandler  stm32f4xx_it.o
    0x08000ee4   0x08000ee4   0x00000028   Code   RO         4726    i.DMA_CalcBaseAndBitshift  stm32f4xx_hal_dma.o
    0x08000f0c   0x08000f0c   0x00000054   Code   RO         4727    i.DMA_CheckFifoParam  stm32f4xx_hal_dma.o
    0x08000f60   0x08000f60   0x00000028   Code   RO         4728    i.DMA_SetConfig     stm32f4xx_hal_dma.o
    0x08000f88   0x08000f88   0x00000002   Code   RO          754    i.DebugMon_Handler  stm32f4xx_it.o
    0x08000f8a   0x08000f8a   0x00000002   PAD
    0x08000f8c   0x08000f8c   0x00000108   Code   RO         2119    i.Determine_ID      referee.o
    0x08001094   0x08001094   0x00000012   Code   RO         1015    i.Driver_Init       driver.o
    0x080010a6   0x080010a6   0x00000004   Code   RO            4    i.Error_Handler     main.o
    0x080010aa   0x080010aa   0x00000002   PAD
    0x080010ac   0x080010ac   0x00000024   Code   RO         2165    i.Fric_3508_Init    pid.o
    0x080010d0   0x080010d0   0x00000018   Code   RO          430    i.GIMBAL_TASK       freertos.o
    0x080010e8   0x080010e8   0x00000080   Code   RO         2166    i.GIM_PitParamInit  pid.o
    0x08001168   0x08001168   0x00000084   Code   RO         2167    i.GIM_YawParamInit  pid.o
    0x080011ec   0x080011ec   0x00000030   Code   RO         2168    i.GM_6020_Init      pid.o
    0x0800121c   0x0800121c   0x0000002c   Code   RO         2289    i.Get_CRC16_Check_Sum  crc.o
    0x08001248   0x08001248   0x0000001c   Code   RO         2290    i.Get_CRC8_Check_Sum  crc.o
    0x08001264   0x08001264   0x0000004c   Code   RO         1356    i.Gimbal_CanOutPut  gimbal_task.o
    0x080012b0   0x080012b0   0x00000028   Code   RO         1359    i.Gimbal_GET_Info   gimbal_task.o
    0x080012d8   0x080012d8   0x0000002a   Code   RO         1360    i.Gimbal_GetOutPut  gimbal_task.o
    0x08001302   0x08001302   0x00000002   PAD
    0x08001304   0x08001304   0x00000018   Code   RO         1362    i.Gimbal_InitPID    gimbal_task.o
    0x0800131c   0x0800131c   0x0000001c   Code   RO         1363    i.Gimbal_KRY_Ctrl   gimbal_task.o
    0x08001338   0x08001338   0x000000bc   Code   RO         1364    i.Gimbal_PID_Switch  gimbal_task.o
    0x080013f4   0x080013f4   0x0000001c   Code   RO         1365    i.Gimbal_RC_Ctrl    gimbal_task.o
    0x08001410   0x08001410   0x00000018   Code   RO         1366    i.Gimbal_Set_PID_type  gimbal_task.o
    0x08001428   0x08001428   0x00000020   Code   RO         1367    i.Gimbal_Stop       gimbal_task.o
    0x08001448   0x08001448   0x00000048   Code   RO         1368    i.Gimbal_Task       gimbal_task.o
    0x08001490   0x08001490   0x00000024   Code   RO         5406    i.HAL_CAN_ActivateNotification  stm32f4xx_hal_can.o
    0x080014b4   0x080014b4   0x000000d0   Code   RO         5407    i.HAL_CAN_AddTxMessage  stm32f4xx_hal_can.o
    0x08001584   0x08001584   0x0000010c   Code   RO         5408    i.HAL_CAN_ConfigFilter  stm32f4xx_hal_can.o
    0x08001690   0x08001690   0x00000002   Code   RO         5411    i.HAL_CAN_ErrorCallback  stm32f4xx_hal_can.o
    0x08001692   0x08001692   0x000000f4   Code   RO         5414    i.HAL_CAN_GetRxMessage  stm32f4xx_hal_can.o
    0x08001786   0x08001786   0x000001fc   Code   RO         5418    i.HAL_CAN_IRQHandler  stm32f4xx_hal_can.o
    0x08001982   0x08001982   0x0000011a   Code   RO         5419    i.HAL_CAN_Init      stm32f4xx_hal_can.o
    0x08001a9c   0x08001a9c   0x00000100   Code   RO          520    i.HAL_CAN_MspInit   can.o
    0x08001b9c   0x08001b9c   0x00000002   Code   RO         5426    i.HAL_CAN_RxFifo0FullCallback  stm32f4xx_hal_can.o
    0x08001b9e   0x08001b9e   0x00000002   PAD
    0x08001ba0   0x08001ba0   0x00000094   Code   RO         1784    i.HAL_CAN_RxFifo0MsgPendingCallback  can_receive.o
    0x08001c34   0x08001c34   0x00000002   Code   RO         5428    i.HAL_CAN_RxFifo1FullCallback  stm32f4xx_hal_can.o
    0x08001c36   0x08001c36   0x00000002   Code   RO         5429    i.HAL_CAN_RxFifo1MsgPendingCallback  stm32f4xx_hal_can.o
    0x08001c38   0x08001c38   0x00000002   Code   RO         5430    i.HAL_CAN_SleepCallback  stm32f4xx_hal_can.o
    0x08001c3a   0x08001c3a   0x00000002   PAD
    0x08001c3c   0x08001c3c   0x00000058   Code   RO         5431    i.HAL_CAN_Start     stm32f4xx_hal_can.o
    0x08001c94   0x08001c94   0x00000002   Code   RO         5433    i.HAL_CAN_TxMailbox0AbortCallback  stm32f4xx_hal_can.o
    0x08001c96   0x08001c96   0x00000002   Code   RO         5434    i.HAL_CAN_TxMailbox0CompleteCallback  stm32f4xx_hal_can.o
    0x08001c98   0x08001c98   0x00000002   Code   RO         5435    i.HAL_CAN_TxMailbox1AbortCallback  stm32f4xx_hal_can.o
    0x08001c9a   0x08001c9a   0x00000002   Code   RO         5436    i.HAL_CAN_TxMailbox1CompleteCallback  stm32f4xx_hal_can.o
    0x08001c9c   0x08001c9c   0x00000002   Code   RO         5437    i.HAL_CAN_TxMailbox2AbortCallback  stm32f4xx_hal_can.o
    0x08001c9e   0x08001c9e   0x00000002   Code   RO         5438    i.HAL_CAN_TxMailbox2CompleteCallback  stm32f4xx_hal_can.o
    0x08001ca0   0x08001ca0   0x00000002   Code   RO         5440    i.HAL_CAN_WakeUpFromRxMsgCallback  stm32f4xx_hal_can.o
    0x08001ca2   0x08001ca2   0x00000092   Code   RO         4729    i.HAL_DMA_Abort     stm32f4xx_hal_dma.o
    0x08001d34   0x08001d34   0x00000024   Code   RO         4730    i.HAL_DMA_Abort_IT  stm32f4xx_hal_dma.o
    0x08001d58   0x08001d58   0x000001a0   Code   RO         4734    i.HAL_DMA_IRQHandler  stm32f4xx_hal_dma.o
    0x08001ef8   0x08001ef8   0x000000d4   Code   RO         4735    i.HAL_DMA_Init      stm32f4xx_hal_dma.o
    0x08001fcc   0x08001fcc   0x0000006e   Code   RO         4739    i.HAL_DMA_Start_IT  stm32f4xx_hal_dma.o
    0x0800203a   0x0800203a   0x00000002   PAD
    0x0800203c   0x0800203c   0x00000024   Code   RO         5154    i.HAL_Delay         stm32f4xx_hal.o
    0x08002060   0x08002060   0x000001f0   Code   RO         4622    i.HAL_GPIO_Init     stm32f4xx_hal_gpio.o
    0x08002250   0x08002250   0x0000000c   Code   RO         5160    i.HAL_GetTick       stm32f4xx_hal.o
    0x0800225c   0x0800225c   0x00000010   Code   RO         5166    i.HAL_IncTick       stm32f4xx_hal.o
    0x0800226c   0x0800226c   0x00000034   Code   RO         5167    i.HAL_Init          stm32f4xx_hal.o
    0x080022a0   0x080022a0   0x00000098   Code   RO          952    i.HAL_InitTick      stm32f4xx_hal_timebase_tim.o
    0x08002338   0x08002338   0x00000038   Code   RO          928    i.HAL_MspInit       stm32f4xx_hal_msp.o
    0x08002370   0x08002370   0x0000001a   Code   RO         5012    i.HAL_NVIC_EnableIRQ  stm32f4xx_hal_cortex.o
    0x0800238a   0x0800238a   0x00000002   PAD
    0x0800238c   0x0800238c   0x00000040   Code   RO         5018    i.HAL_NVIC_SetPriority  stm32f4xx_hal_cortex.o
    0x080023cc   0x080023cc   0x00000024   Code   RO         5019    i.HAL_NVIC_SetPriorityGrouping  stm32f4xx_hal_cortex.o
    0x080023f0   0x080023f0   0x00000002   Code   RO         3921    i.HAL_PCDEx_LPM_Callback  stm32f4xx_hal_pcd_ex.o
    0x080023f2   0x080023f2   0x00000008   Code   RO         3922    i.HAL_PCDEx_SetRxFiFo  stm32f4xx_hal_pcd_ex.o
    0x080023fa   0x080023fa   0x00000044   Code   RO         3923    i.HAL_PCDEx_SetTxFiFo  stm32f4xx_hal_pcd_ex.o
    0x0800243e   0x0800243e   0x00000008   Code   RO         7337    i.HAL_PCD_ConnectCallback  usbd_conf.o
    0x08002446   0x08002446   0x00000012   Code   RO         7338    i.HAL_PCD_DataInStageCallback  usbd_conf.o
    0x08002458   0x08002458   0x00000014   Code   RO         7339    i.HAL_PCD_DataOutStageCallback  usbd_conf.o
    0x0800246c   0x0800246c   0x00000008   Code   RO         7340    i.HAL_PCD_DisconnectCallback  usbd_conf.o
    0x08002474   0x08002474   0x0000001e   Code   RO         3691    i.HAL_PCD_EP_Abort  stm32f4xx_hal_pcd.o
    0x08002492   0x08002492   0x0000004a   Code   RO         3692    i.HAL_PCD_EP_Close  stm32f4xx_hal_pcd.o
    0x080024dc   0x080024dc   0x0000005a   Code   RO         3693    i.HAL_PCD_EP_ClrStall  stm32f4xx_hal_pcd.o
    0x08002536   0x08002536   0x00000012   Code   RO         3695    i.HAL_PCD_EP_GetRxCount  stm32f4xx_hal_pcd.o
    0x08002548   0x08002548   0x0000005e   Code   RO         3696    i.HAL_PCD_EP_Open   stm32f4xx_hal_pcd.o
    0x080025a6   0x080025a6   0x00000038   Code   RO         3697    i.HAL_PCD_EP_Receive  stm32f4xx_hal_pcd.o
    0x080025de   0x080025de   0x00000072   Code   RO         3698    i.HAL_PCD_EP_SetStall  stm32f4xx_hal_pcd.o
    0x08002650   0x08002650   0x00000032   Code   RO         3699    i.HAL_PCD_EP_Transmit  stm32f4xx_hal_pcd.o
    0x08002682   0x08002682   0x00000002   PAD
    0x08002684   0x08002684   0x0000055c   Code   RO         3701    i.HAL_PCD_IRQHandler  stm32f4xx_hal_pcd.o
    0x08002be0   0x08002be0   0x00000008   Code   RO         7341    i.HAL_PCD_ISOINIncompleteCallback  usbd_conf.o
    0x08002be8   0x08002be8   0x00000008   Code   RO         7342    i.HAL_PCD_ISOOUTIncompleteCallback  usbd_conf.o
    0x08002bf0   0x08002bf0   0x000000cc   Code   RO         3704    i.HAL_PCD_Init      stm32f4xx_hal_pcd.o
    0x08002cbc   0x08002cbc   0x00000078   Code   RO         7344    i.HAL_PCD_MspInit   usbd_conf.o
    0x08002d34   0x08002d34   0x0000002c   Code   RO         7345    i.HAL_PCD_ResetCallback  usbd_conf.o
    0x08002d60   0x08002d60   0x00000008   Code   RO         7346    i.HAL_PCD_ResumeCallback  usbd_conf.o
    0x08002d68   0x08002d68   0x00000008   Code   RO         7347    i.HAL_PCD_SOFCallback  usbd_conf.o
    0x08002d70   0x08002d70   0x00000026   Code   RO         3710    i.HAL_PCD_SetAddress  stm32f4xx_hal_pcd.o
    0x08002d96   0x08002d96   0x0000000e   Code   RO         7348    i.HAL_PCD_SetupStageCallback  usbd_conf.o
    0x08002da4   0x08002da4   0x00000042   Code   RO         3713    i.HAL_PCD_Start     stm32f4xx_hal_pcd.o
    0x08002de6   0x08002de6   0x00000002   PAD
    0x08002de8   0x08002de8   0x00000030   Code   RO         7349    i.HAL_PCD_SuspendCallback  usbd_conf.o
    0x08002e18   0x08002e18   0x00000134   Code   RO         4268    i.HAL_RCC_ClockConfig  stm32f4xx_hal_rcc.o
    0x08002f4c   0x08002f4c   0x00000040   Code   RO         4272    i.HAL_RCC_GetClockConfig  stm32f4xx_hal_rcc.o
    0x08002f8c   0x08002f8c   0x0000000c   Code   RO         4273    i.HAL_RCC_GetHCLKFreq  stm32f4xx_hal_rcc.o
    0x08002f98   0x08002f98   0x00000020   Code   RO         4275    i.HAL_RCC_GetPCLK1Freq  stm32f4xx_hal_rcc.o
    0x08002fb8   0x08002fb8   0x00000020   Code   RO         4276    i.HAL_RCC_GetPCLK2Freq  stm32f4xx_hal_rcc.o
    0x08002fd8   0x08002fd8   0x00000064   Code   RO         4277    i.HAL_RCC_GetSysClockFreq  stm32f4xx_hal_rcc.o
    0x0800303c   0x0800303c   0x0000036c   Code   RO         4280    i.HAL_RCC_OscConfig  stm32f4xx_hal_rcc.o
    0x080033a8   0x080033a8   0x00000002   Code   RO         6345    i.HAL_TIMEx_BreakCallback  stm32f4xx_hal_tim_ex.o
    0x080033aa   0x080033aa   0x00000002   Code   RO         6346    i.HAL_TIMEx_CommutCallback  stm32f4xx_hal_tim_ex.o
    0x080033ac   0x080033ac   0x00000054   Code   RO         6348    i.HAL_TIMEx_ConfigBreakDeadTime  stm32f4xx_hal_tim_ex.o
    0x08003400   0x08003400   0x00000090   Code   RO         6364    i.HAL_TIMEx_MasterConfigSynchronization  stm32f4xx_hal_tim_ex.o
    0x08003490   0x08003490   0x0000005a   Code   RO         5641    i.HAL_TIM_Base_Init  stm32f4xx_hal_tim.o
    0x080034ea   0x080034ea   0x00000002   PAD
    0x080034ec   0x080034ec   0x00000038   Code   RO          596    i.HAL_TIM_Base_MspInit  tim.o
    0x08003524   0x08003524   0x00000080   Code   RO         5646    i.HAL_TIM_Base_Start_IT  stm32f4xx_hal_tim.o
    0x080035a4   0x080035a4   0x000000dc   Code   RO         5650    i.HAL_TIM_ConfigClockSource  stm32f4xx_hal_tim.o
    0x08003680   0x08003680   0x00000002   Code   RO         5675    i.HAL_TIM_IC_CaptureCallback  stm32f4xx_hal_tim.o
    0x08003682   0x08003682   0x00000130   Code   RO         5689    i.HAL_TIM_IRQHandler  stm32f4xx_hal_tim.o
    0x080037b2   0x080037b2   0x00000002   PAD
    0x080037b4   0x080037b4   0x000000b4   Code   RO          597    i.HAL_TIM_MspPostInit  tim.o
    0x08003868   0x08003868   0x00000002   Code   RO         5692    i.HAL_TIM_OC_DelayElapsedCallback  stm32f4xx_hal_tim.o
    0x0800386a   0x0800386a   0x000000cc   Code   RO         5713    i.HAL_TIM_PWM_ConfigChannel  stm32f4xx_hal_tim.o
    0x08003936   0x08003936   0x0000005a   Code   RO         5716    i.HAL_TIM_PWM_Init  stm32f4xx_hal_tim.o
    0x08003990   0x08003990   0x000000c4   Code   RO          599    i.HAL_TIM_PWM_MspInit  tim.o
    0x08003a54   0x08003a54   0x0000000c   Code   RO         1130    i.HAL_TIM_PWM_PulseFinishedCallback  system_task.o
    0x08003a60   0x08003a60   0x000000cc   Code   RO         5725    i.HAL_TIM_PWM_Stop_DMA  stm32f4xx_hal_tim.o
    0x08003b2c   0x08003b2c   0x00000014   Code   RO            5    i.HAL_TIM_PeriodElapsedCallback  main.o
    0x08003b40   0x08003b40   0x00000002   Code   RO         5732    i.HAL_TIM_TriggerCallback  stm32f4xx_hal_tim.o
    0x08003b42   0x08003b42   0x00000002   Code   RO         6624    i.HAL_UARTEx_RxEventCallback  stm32f4xx_hal_uart.o
    0x08003b44   0x08003b44   0x00000070   Code   RO         6636    i.HAL_UART_DMAStop  stm32f4xx_hal_uart.o
    0x08003bb4   0x08003bb4   0x00000002   Code   RO         6638    i.HAL_UART_ErrorCallback  stm32f4xx_hal_uart.o
    0x08003bb6   0x08003bb6   0x00000002   PAD
    0x08003bb8   0x08003bb8   0x00000270   Code   RO         6641    i.HAL_UART_IRQHandler  stm32f4xx_hal_uart.o
    0x08003e28   0x08003e28   0x00000064   Code   RO         6642    i.HAL_UART_Init     stm32f4xx_hal_uart.o
    0x08003e8c   0x08003e8c   0x000003b0   Code   RO          674    i.HAL_UART_MspInit  usart.o
    0x0800423c   0x0800423c   0x0000001c   Code   RO         6646    i.HAL_UART_Receive_DMA  stm32f4xx_hal_uart.o
    0x08004258   0x08004258   0x00000002   Code   RO         6648    i.HAL_UART_RxCpltCallback  stm32f4xx_hal_uart.o
    0x0800425a   0x0800425a   0x00000002   Code   RO         6649    i.HAL_UART_RxHalfCpltCallback  stm32f4xx_hal_uart.o
    0x0800425c   0x0800425c   0x00000002   Code   RO         6653    i.HAL_UART_TxCpltCallback  stm32f4xx_hal_uart.o
    0x0800425e   0x0800425e   0x00000002   Code   RO          755    i.HardFault_Handler  stm32f4xx_it.o
    0x08004260   0x08004260   0x0000001c   Code   RO         1946    i.IMU_Check         hi229.o
    0x0800427c   0x0800427c   0x00000018   Code   RO         1369    i.IMU_Data_Report   gimbal_task.o
    0x08004294   0x08004294   0x00000018   Code   RO         1947    i.IMU_Init          hi229.o
    0x080042ac   0x080042ac   0x00000028   Code   RO         1370    i.IMU_PitData_Report  gimbal_task.o
    0x080042d4   0x080042d4   0x00000010   Code   RO         1948    i.IMU_State_Report  hi229.o
    0x080042e4   0x080042e4   0x00000018   Code   RO          431    i.IMU_TASK          freertos.o
    0x080042fc   0x080042fc   0x00000028   Code   RO         1371    i.IMU_YawData_Report  gimbal_task.o
    0x08004324   0x08004324   0x00000018   Code   RO         1949    i.IMU_get           hi229.o
    0x0800433c   0x0800433c   0x00000038   Code   RO         7179    i.IntToUnicode      usbd_desc.o
    0x08004374   0x08004374   0x00000060   Code   RO         1372    i.JudgeFireFlag     gimbal_task.o
    0x080043d4   0x080043d4   0x00000028   Code   RO         1950    i.Judge_IMU_Lost    hi229.o
    0x080043fc   0x080043fc   0x00000060   Code   RO         1891    i.Judge_RC_DataErr  remote_control.o
    0x0800445c   0x0800445c   0x00000028   Code   RO         1892    i.Judge_RC_Lost     remote_control.o
    0x08004484   0x08004484   0x00000094   Code   RO         1373    i.KEY_Ctrl_PITCH    gimbal_task.o
    0x08004518   0x08004518   0x00000080   Code   RO         1374    i.KEY_Ctrl_YAW      gimbal_task.o
    0x08004598   0x08004598   0x00000048   Code   RO          521    i.MX_CAN1_Init      can.o
    0x080045e0   0x080045e0   0x00000048   Code   RO          522    i.MX_CAN2_Init      can.o
    0x08004628   0x08004628   0x0000008c   Code   RO          568    i.MX_DMA_Init       dma.o
    0x080046b4   0x080046b4   0x000000ac   Code   RO          432    i.MX_FREERTOS_Init  freertos.o
    0x08004760   0x08004760   0x0000005c   Code   RO          300    i.MX_GPIO_Init      gpio.o
    0x080047bc   0x080047bc   0x000000a0   Code   RO          600    i.MX_TIM1_Init      tim.o
    0x0800485c   0x0800485c   0x00000064   Code   RO          601    i.MX_TIM2_Init      tim.o
    0x080048c0   0x080048c0   0x00000070   Code   RO          602    i.MX_TIM3_Init      tim.o
    0x08004930   0x08004930   0x000000a0   Code   RO          603    i.MX_TIM8_Init      tim.o
    0x080049d0   0x080049d0   0x00000038   Code   RO          675    i.MX_UART4_Init     usart.o
    0x08004a08   0x08004a08   0x00000038   Code   RO          676    i.MX_UART5_Init     usart.o
    0x08004a40   0x08004a40   0x00000038   Code   RO          677    i.MX_USART1_UART_Init  usart.o
    0x08004a78   0x08004a78   0x00000044   Code   RO          678    i.MX_USART2_UART_Init  usart.o
    0x08004abc   0x08004abc   0x00000038   Code   RO          679    i.MX_USART3_UART_Init  usart.o
    0x08004af4   0x08004af4   0x00000038   Code   RO          680    i.MX_USART6_UART_Init  usart.o
    0x08004b2c   0x08004b2c   0x00000054   Code   RO         7020    i.MX_USB_DEVICE_Init  usb_device.o
    0x08004b80   0x08004b80   0x00000010   Code   RO         2169    i.M_2006_Init       pid.o
    0x08004b90   0x08004b90   0x00000034   Code   RO         2170    i.M_2006_ParamInit  pid.o
    0x08004bc4   0x08004bc4   0x00000034   Code   RO         2171    i.M_3508_Init       pid.o
    0x08004bf8   0x08004bf8   0x00000020   Code   RO         2172    i.M_3508_ParamInit  pid.o
    0x08004c18   0x08004c18   0x00000002   Code   RO          756    i.MemManage_Handler  stm32f4xx_it.o
    0x08004c1a   0x08004c1a   0x00000016   Code   RO         2173    i.Motor_Init        pid.o
    0x08004c30   0x08004c30   0x00000002   Code   RO          757    i.NMI_Handler       stm32f4xx_it.o
    0x08004c32   0x08004c32   0x00000002   PAD
    0x08004c34   0x08004c34   0x0000001c   Code   RO          758    i.OTG_HS_IRQHandler  stm32f4xx_it.o
    0x08004c50   0x08004c50   0x00000134   Code   RO         1951    i.OnDataReceived    hi229.o
    0x08004d84   0x08004d84   0x000000cc   Code   RO         3717    i.PCD_EP_OutXfrComplete_int  stm32f4xx_hal_pcd.o
    0x08004e50   0x08004e50   0x000000a2   Code   RO         3718    i.PCD_WriteEmptyTxFifo  stm32f4xx_hal_pcd.o
    0x08004ef2   0x08004ef2   0x0000016a   Code   RO         2175    i.PID_Position      pid.o
    0x0800505c   0x0800505c   0x00000028   Code   RO         1131    i.PID_Switch        system_task.o
    0x08005084   0x08005084   0x00000030   Code   RO         1375    i.PITCH_Angle_Limit  gimbal_task.o
    0x080050b4   0x080050b4   0x000000ec   Code   RO         2056    i.Packet_Decode     packet.o
    0x080051a0   0x080051a0   0x00000018   Code   RO         2057    i.Packet_DecodeInit  packet.o
    0x080051b8   0x080051b8   0x00000024   Code   RO         1893    i.RC_Check          remote_control.o
    0x080051dc   0x080051dc   0x00000064   Code   RO         1376    i.RC_Ctrl_PITCH     gimbal_task.o
    0x08005240   0x08005240   0x00000064   Code   RO         1377    i.RC_Ctrl_YAW       gimbal_task.o
    0x080052a4   0x080052a4   0x00000060   Code   RO         1083    i.RC_Init           drv_usart.o
    0x08005304   0x08005304   0x00000010   Code   RO         1894    i.RC_State_Report   remote_control.o
    0x08005314   0x08005314   0x0000004c   Code   RO         1651    i.RM_Vision_Init    vision_task.o
    0x08005360   0x08005360   0x00000160   Code   RO         2120    i.Referee_Decode    referee.o
    0x080054c0   0x080054c0   0x00000010   Code   RO         1084    i.Remote_Control_Init  drv_usart.o
    0x080054d0   0x080054d0   0x00000014   Code   RO          433    i.SHOOT_TASK        freertos.o
    0x080054e4   0x080054e4   0x000000a8   Code   RO         1239    i.SPIN_GetSpeed_FB  chassis_task.o
    0x0800558c   0x0800558c   0x000000a8   Code   RO         1240    i.SPIN_GetSpeed_LR  chassis_task.o
    0x08005634   0x08005634   0x0000000a   Code   RO         7707    i.SWAPBYTE          usbd_ctlreq.o
    0x0800563e   0x0800563e   0x00000002   PAD
    0x08005640   0x08005640   0x00000018   Code   RO          434    i.SYSTEM_STATE_TASK  freertos.o
    0x08005658   0x08005658   0x0000000e   Code   RO         1241    i.Speed_Adapt       chassis_task.o
    0x08005666   0x08005666   0x0000000c   Code   RO          435    i.StartDefaultTask  freertos.o
    0x08005672   0x08005672   0x00000002   PAD
    0x08005674   0x08005674   0x0000002c   Code   RO         3603    i.SysTick_Handler   port.o
    0x080056a0   0x080056a0   0x00000098   Code   RO            6    i.SystemClock_Config  main.o
    0x08005738   0x08005738   0x00000010   Code   RO         6976    i.SystemInit        system_stm32f4xx.o
    0x08005748   0x08005748   0x00000058   Code   RO         1133    i.System_State      system_task.o
    0x080057a0   0x080057a0   0x00000016   Code   RO         1134    i.System_Task       system_task.o
    0x080057b6   0x080057b6   0x00000002   PAD
    0x080057b8   0x080057b8   0x0000000c   Code   RO          759    i.TIM2_IRQHandler   stm32f4xx_it.o
    0x080057c4   0x080057c4   0x0000000c   Code   RO          760    i.TIM3_IRQHandler   stm32f4xx_it.o
    0x080057d0   0x080057d0   0x0000001c   Code   RO          761    i.TIM8_TRG_COM_TIM14_IRQHandler  stm32f4xx_it.o
    0x080057ec   0x080057ec   0x000000d8   Code   RO         5734    i.TIM_Base_SetConfig  stm32f4xx_hal_tim.o
    0x080058c4   0x080058c4   0x0000001a   Code   RO         5735    i.TIM_CCxChannelCmd  stm32f4xx_hal_tim.o
    0x080058de   0x080058de   0x00000014   Code   RO         5745    i.TIM_ETR_SetConfig  stm32f4xx_hal_tim.o
    0x080058f2   0x080058f2   0x00000010   Code   RO         5746    i.TIM_ITRx_SetConfig  stm32f4xx_hal_tim.o
    0x08005902   0x08005902   0x00000002   PAD
    0x08005904   0x08005904   0x00000060   Code   RO         5747    i.TIM_OC1_SetConfig  stm32f4xx_hal_tim.o
    0x08005964   0x08005964   0x0000006c   Code   RO         5748    i.TIM_OC2_SetConfig  stm32f4xx_hal_tim.o
    0x080059d0   0x080059d0   0x00000068   Code   RO         5749    i.TIM_OC3_SetConfig  stm32f4xx_hal_tim.o
    0x08005a38   0x08005a38   0x00000050   Code   RO         5750    i.TIM_OC4_SetConfig  stm32f4xx_hal_tim.o
    0x08005a88   0x08005a88   0x00000022   Code   RO         5752    i.TIM_TI1_ConfigInputStage  stm32f4xx_hal_tim.o
    0x08005aaa   0x08005aaa   0x00000024   Code   RO         5754    i.TIM_TI2_ConfigInputStage  stm32f4xx_hal_tim.o
    0x08005ace   0x08005ace   0x00000002   PAD
    0x08005ad0   0x08005ad0   0x00000024   Code   RO         1135    i.Time_Init         system_task.o
    0x08005af4   0x08005af4   0x00000018   Code   RO          762    i.UART4_IRQHandler  stm32f4xx_it.o
    0x08005b0c   0x08005b0c   0x00000018   Code   RO          763    i.UART5_IRQHandler  stm32f4xx_it.o
    0x08005b24   0x08005b24   0x00000010   Code   RO         6655    i.UART_DMAAbortOnError  stm32f4xx_hal_uart.o
    0x08005b34   0x08005b34   0x0000004a   Code   RO         6656    i.UART_DMAError     stm32f4xx_hal_uart.o
    0x08005b7e   0x08005b7e   0x00000086   Code   RO         6657    i.UART_DMAReceiveCplt  stm32f4xx_hal_uart.o
    0x08005c04   0x08005c04   0x0000001e   Code   RO         6659    i.UART_DMARxHalfCplt  stm32f4xx_hal_uart.o
    0x08005c22   0x08005c22   0x0000004e   Code   RO         6665    i.UART_EndRxTransfer  stm32f4xx_hal_uart.o
    0x08005c70   0x08005c70   0x0000001c   Code   RO         6666    i.UART_EndTxTransfer  stm32f4xx_hal_uart.o
    0x08005c8c   0x08005c8c   0x00000168   Code   RO         1085    i.UART_IRQHandler_IT  drv_usart.o
    0x08005df4   0x08005df4   0x000000c2   Code   RO         6667    i.UART_Receive_IT   stm32f4xx_hal_uart.o
    0x08005eb6   0x08005eb6   0x00000002   PAD
    0x08005eb8   0x08005eb8   0x0000010c   Code   RO         6668    i.UART_SetConfig    stm32f4xx_hal_uart.o
    0x08005fc4   0x08005fc4   0x00000090   Code   RO         6669    i.UART_Start_Receive_DMA  stm32f4xx_hal_uart.o
    0x08006054   0x08006054   0x00000018   Code   RO          764    i.USART1_IRQHandler  stm32f4xx_it.o
    0x0800606c   0x0800606c   0x00000018   Code   RO          765    i.USART2_IRQHandler  stm32f4xx_it.o
    0x08006084   0x08006084   0x0000000c   Code   RO          766    i.USART3_IRQHandler  stm32f4xx_it.o
    0x08006090   0x08006090   0x0000000c   Code   RO          767    i.USART6_IRQHandler  stm32f4xx_it.o
    0x0800609c   0x0800609c   0x0000005c   Code   RO         1086    i.USART_Init        drv_usart.o
    0x080060f8   0x080060f8   0x00000076   Code   RO         7840    i.USBD_CDC_DataIn   usbd_cdc.o
    0x0800616e   0x0800616e   0x0000003c   Code   RO         7841    i.USBD_CDC_DataOut  usbd_cdc.o
    0x080061aa   0x080061aa   0x00000002   PAD
    0x080061ac   0x080061ac   0x00000090   Code   RO         7842    i.USBD_CDC_DeInit   usbd_cdc.o
    0x0800623c   0x0800623c   0x00000036   Code   RO         7843    i.USBD_CDC_EP0_RxReady  usbd_cdc.o
    0x08006272   0x08006272   0x00000002   PAD
    0x08006274   0x08006274   0x0000000c   Code   RO         7844    i.USBD_CDC_GetDeviceQualifierDescriptor  usbd_cdc.o
    0x08006280   0x08006280   0x0000003c   Code   RO         7845    i.USBD_CDC_GetFSCfgDesc  usbd_cdc.o
    0x080062bc   0x080062bc   0x00000040   Code   RO         7846    i.USBD_CDC_GetHSCfgDesc  usbd_cdc.o
    0x080062fc   0x080062fc   0x0000003c   Code   RO         7847    i.USBD_CDC_GetOtherSpeedCfgDesc  usbd_cdc.o
    0x08006338   0x08006338   0x00000118   Code   RO         7848    i.USBD_CDC_Init     usbd_cdc.o
    0x08006450   0x08006450   0x00000038   Code   RO         7849    i.USBD_CDC_ReceivePacket  usbd_cdc.o
    0x08006488   0x08006488   0x00000016   Code   RO         7850    i.USBD_CDC_RegisterInterface  usbd_cdc.o
    0x0800649e   0x0800649e   0x0000001a   Code   RO         7851    i.USBD_CDC_SetRxBuffer  usbd_cdc.o
    0x080064b8   0x080064b8   0x0000001e   Code   RO         7852    i.USBD_CDC_SetTxBuffer  usbd_cdc.o
    0x080064d6   0x080064d6   0x000000d4   Code   RO         7853    i.USBD_CDC_Setup    usbd_cdc.o
    0x080065aa   0x080065aa   0x00000002   PAD
    0x080065ac   0x080065ac   0x00000050   Code   RO         7854    i.USBD_CDC_TransmitPacket  usbd_cdc.o
    0x080065fc   0x080065fc   0x00000014   Code   RO         7548    i.USBD_ClrClassConfig  usbd_core.o
    0x08006610   0x08006610   0x00000004   Code   RO         7549    i.USBD_CoreFindEP   usbd_core.o
    0x08006614   0x08006614   0x00000004   Code   RO         7550    i.USBD_CoreFindIF   usbd_core.o
    0x08006618   0x08006618   0x00000010   Code   RO         7780    i.USBD_CtlContinueRx  usbd_ioreq.o
    0x08006628   0x08006628   0x00000010   Code   RO         7781    i.USBD_CtlContinueSendData  usbd_ioreq.o
    0x08006638   0x08006638   0x00000016   Code   RO         7708    i.USBD_CtlError     usbd_ctlreq.o
    0x0800664e   0x0800664e   0x0000001e   Code   RO         7782    i.USBD_CtlPrepareRx  usbd_ioreq.o
    0x0800666c   0x0800666c   0x00000016   Code   RO         7783    i.USBD_CtlReceiveStatus  usbd_ioreq.o
    0x08006682   0x08006682   0x0000001a   Code   RO         7784    i.USBD_CtlSendData  usbd_ioreq.o
    0x0800669c   0x0800669c   0x00000016   Code   RO         7785    i.USBD_CtlSendStatus  usbd_ioreq.o
    0x080066b2   0x080066b2   0x000000e6   Code   RO         7709    i.USBD_GetDescriptor  usbd_ctlreq.o
    0x08006798   0x08006798   0x0000003a   Code   RO         7552    i.USBD_GetEpDesc    usbd_core.o
    0x080067d2   0x080067d2   0x0000000e   Code   RO         7553    i.USBD_GetNextDesc  usbd_core.o
    0x080067e0   0x080067e0   0x00000048   Code   RO         7710    i.USBD_GetString    usbd_ctlreq.o
    0x08006828   0x08006828   0x00000018   Code   RO         7350    i.USBD_Get_USB_Status  usbd_conf.o
    0x08006840   0x08006840   0x00000020   Code   RO         7180    i.USBD_HS_ConfigStrDescriptor  usbd_desc.o
    0x08006860   0x08006860   0x0000000c   Code   RO         7181    i.USBD_HS_DeviceDescriptor  usbd_desc.o
    0x0800686c   0x0800686c   0x00000024   Code   RO         7182    i.USBD_HS_InterfaceStrDescriptor  usbd_desc.o
    0x08006890   0x08006890   0x0000000c   Code   RO         7183    i.USBD_HS_LangIDStrDescriptor  usbd_desc.o
    0x0800689c   0x0800689c   0x00000028   Code   RO         7184    i.USBD_HS_ManufacturerStrDescriptor  usbd_desc.o
    0x080068c4   0x080068c4   0x0000002c   Code   RO         7185    i.USBD_HS_ProductStrDescriptor  usbd_desc.o
    0x080068f0   0x080068f0   0x00000028   Code   RO         7186    i.USBD_HS_SerialStrDescriptor  usbd_desc.o
    0x08006918   0x08006918   0x00000026   Code   RO         7554    i.USBD_Init         usbd_core.o
    0x0800693e   0x0800693e   0x00000012   Code   RO         7351    i.USBD_LL_ClearStallEP  usbd_conf.o
    0x08006950   0x08006950   0x00000012   Code   RO         7352    i.USBD_LL_CloseEP   usbd_conf.o
    0x08006962   0x08006962   0x000000b6   Code   RO         7555    i.USBD_LL_DataInStage  usbd_core.o
    0x08006a18   0x08006a18   0x0000008e   Code   RO         7556    i.USBD_LL_DataOutStage  usbd_core.o
    0x08006aa6   0x08006aa6   0x00000004   Code   RO         7557    i.USBD_LL_DevConnected  usbd_core.o
    0x08006aaa   0x08006aaa   0x0000001e   Code   RO         7558    i.USBD_LL_DevDisconnected  usbd_core.o
    0x08006ac8   0x08006ac8   0x00000008   Code   RO         7356    i.USBD_LL_GetRxDataSize  usbd_conf.o
    0x08006ad0   0x08006ad0   0x00000068   Code   RO         7357    i.USBD_LL_Init      usbd_conf.o
    0x08006b38   0x08006b38   0x0000001e   Code   RO         7358    i.USBD_LL_IsStallEP  usbd_conf.o
    0x08006b56   0x08006b56   0x00000028   Code   RO         7559    i.USBD_LL_IsoINIncomplete  usbd_core.o
    0x08006b7e   0x08006b7e   0x00000028   Code   RO         7560    i.USBD_LL_IsoOUTIncomplete  usbd_core.o
    0x08006ba6   0x08006ba6   0x00000018   Code   RO         7359    i.USBD_LL_OpenEP    usbd_conf.o
    0x08006bbe   0x08006bbe   0x00000012   Code   RO         7360    i.USBD_LL_PrepareReceive  usbd_conf.o
    0x08006bd0   0x08006bd0   0x0000005c   Code   RO         7561    i.USBD_LL_Reset     usbd_core.o
    0x08006c2c   0x08006c2c   0x00000014   Code   RO         7562    i.USBD_LL_Resume    usbd_core.o
    0x08006c40   0x08006c40   0x0000001a   Code   RO         7563    i.USBD_LL_SOF       usbd_core.o
    0x08006c5a   0x08006c5a   0x00000006   Code   RO         7564    i.USBD_LL_SetSpeed  usbd_core.o
    0x08006c60   0x08006c60   0x00000012   Code   RO         7361    i.USBD_LL_SetUSBAddress  usbd_conf.o
    0x08006c72   0x08006c72   0x00000060   Code   RO         7565    i.USBD_LL_SetupStage  usbd_core.o
    0x08006cd2   0x08006cd2   0x00000012   Code   RO         7362    i.USBD_LL_StallEP   usbd_conf.o
    0x08006ce4   0x08006ce4   0x00000012   Code   RO         7363    i.USBD_LL_Start     usbd_conf.o
    0x08006cf6   0x08006cf6   0x0000001a   Code   RO         7566    i.USBD_LL_Suspend   usbd_core.o
    0x08006d10   0x08006d10   0x00000012   Code   RO         7365    i.USBD_LL_Transmit  usbd_conf.o
    0x08006d22   0x08006d22   0x0000002c   Code   RO         7711    i.USBD_ParseSetupRequest  usbd_ctlreq.o
    0x08006d4e   0x08006d4e   0x0000003a   Code   RO         7567    i.USBD_RegisterClass  usbd_core.o
    0x08006d88   0x08006d88   0x00000014   Code   RO         7569    i.USBD_SetClassConfig  usbd_core.o
    0x08006d9c   0x08006d9c   0x000000b8   Code   RO         7712    i.USBD_SetConfig    usbd_ctlreq.o
    0x08006e54   0x08006e54   0x00000004   Code   RO         7570    i.USBD_Start        usbd_core.o
    0x08006e58   0x08006e58   0x0000012c   Code   RO         7713    i.USBD_StdDevReq    usbd_ctlreq.o
    0x08006f84   0x08006f84   0x00000160   Code   RO         7714    i.USBD_StdEPReq     usbd_ctlreq.o
    0x080070e4   0x080070e4   0x00000072   Code   RO         7715    i.USBD_StdItfReq    usbd_ctlreq.o
    0x08007156   0x08007156   0x00000002   Code   RO         7366    i.USBD_static_free  usbd_conf.o
    0x08007158   0x08007158   0x00000008   Code   RO         7367    i.USBD_static_malloc  usbd_conf.o
    0x08007160   0x08007160   0x00000080   Code   RO         3963    i.USB_ActivateEndpoint  stm32f4xx_ll_usb.o
    0x080071e0   0x080071e0   0x0000001c   Code   RO         3965    i.USB_ActivateSetup  stm32f4xx_ll_usb.o
    0x080071fc   0x080071fc   0x00000084   Code   RO         3967    i.USB_CoreInit      stm32f4xx_ll_usb.o
    0x08007280   0x08007280   0x0000003c   Code   RO         3968    i.USB_CoreReset     stm32f4xx_ll_usb.o
    0x080072bc   0x080072bc   0x000000cc   Code   RO         3971    i.USB_DeactivateEndpoint  stm32f4xx_ll_usb.o
    0x08007388   0x08007388   0x0000001c   Code   RO         3972    i.USB_DevConnect    stm32f4xx_ll_usb.o
    0x080073a4   0x080073a4   0x0000001c   Code   RO         3973    i.USB_DevDisconnect  stm32f4xx_ll_usb.o
    0x080073c0   0x080073c0   0x0000017c   Code   RO         3974    i.USB_DevInit       stm32f4xx_ll_usb.o
    0x0800753c   0x0800753c   0x0000000c   Code   RO         3975    i.USB_DisableGlobalInt  stm32f4xx_ll_usb.o
    0x08007548   0x08007548   0x00000058   Code   RO         3978    i.USB_EP0_OutStart  stm32f4xx_ll_usb.o
    0x080075a0   0x080075a0   0x00000058   Code   RO         3979    i.USB_EPClearStall  stm32f4xx_ll_usb.o
    0x080075f8   0x080075f8   0x00000058   Code   RO         3980    i.USB_EPSetStall    stm32f4xx_ll_usb.o
    0x08007650   0x08007650   0x00000230   Code   RO         3981    i.USB_EPStartXfer   stm32f4xx_ll_usb.o
    0x08007880   0x08007880   0x0000009e   Code   RO         3982    i.USB_EPStopXfer    stm32f4xx_ll_usb.o
    0x0800791e   0x0800791e   0x0000000c   Code   RO         3983    i.USB_EnableGlobalInt  stm32f4xx_ll_usb.o
    0x0800792a   0x0800792a   0x00000038   Code   RO         3984    i.USB_FlushRxFifo   stm32f4xx_ll_usb.o
    0x08007962   0x08007962   0x0000003c   Code   RO         3985    i.USB_FlushTxFifo   stm32f4xx_ll_usb.o
    0x0800799e   0x0800799e   0x0000001a   Code   RO         3987    i.USB_GetDevSpeed   stm32f4xx_ll_usb.o
    0x080079b8   0x080079b8   0x00000008   Code   RO         3989    i.USB_GetMode       stm32f4xx_ll_usb.o
    0x080079c0   0x080079c0   0x0000000e   Code   RO         3997    i.USB_ReadDevAllInEpInterrupt  stm32f4xx_ll_usb.o
    0x080079ce   0x080079ce   0x0000000e   Code   RO         3998    i.USB_ReadDevAllOutEpInterrupt  stm32f4xx_ll_usb.o
    0x080079dc   0x080079dc   0x00000024   Code   RO         3999    i.USB_ReadDevInEPInterrupt  stm32f4xx_ll_usb.o
    0x08007a00   0x08007a00   0x00000010   Code   RO         4000    i.USB_ReadDevOutEPInterrupt  stm32f4xx_ll_usb.o
    0x08007a10   0x08007a10   0x00000008   Code   RO         4001    i.USB_ReadInterrupts  stm32f4xx_ll_usb.o
    0x08007a18   0x08007a18   0x0000003e   Code   RO         4002    i.USB_ReadPacket    stm32f4xx_ll_usb.o
    0x08007a56   0x08007a56   0x0000005c   Code   RO         4004    i.USB_SetCurrentMode  stm32f4xx_ll_usb.o
    0x08007ab2   0x08007ab2   0x00000022   Code   RO         4005    i.USB_SetDevAddress  stm32f4xx_ll_usb.o
    0x08007ad4   0x08007ad4   0x000000e8   Code   RO         4007    i.USB_SetTurnaroundTime  stm32f4xx_ll_usb.o
    0x08007bbc   0x08007bbc   0x00000028   Code   RO         4010    i.USB_WritePacket   stm32f4xx_ll_usb.o
    0x08007be4   0x08007be4   0x00000002   Code   RO          768    i.UsageFault_Handler  stm32f4xx_it.o
    0x08007be6   0x08007be6   0x00000002   PAD
    0x08007be8   0x08007be8   0x00000030   Code   RO         1652    i.VISION_ReadData   vision_task.o
    0x08007c18   0x08007c18   0x00000040   Code   RO         1653    i.VISION_SendData   vision_task.o
    0x08007c58   0x08007c58   0x00000018   Code   RO          436    i.VISUAL_TASK       freertos.o
    0x08007c70   0x08007c70   0x0000003c   Code   RO         2291    i.Verify_CRC16_Check_Sum  crc.o
    0x08007cac   0x08007cac   0x00000026   Code   RO         2292    i.Verify_CRC8_Check_Sum  crc.o
    0x08007cd2   0x08007cd2   0x00000002   PAD
    0x08007cd4   0x08007cd4   0x00000020   Code   RO         1654    i.Vision_Init       vision_task.o
    0x08007cf4   0x08007cf4   0x00000058   Code   RO         1655    i.Visual_Task       vision_task.o
    0x08007d4c   0x08007d4c   0x00000028   Code   RO         1242    i.XY_Speed          chassis_task.o
    0x08007d74   0x08007d74   0x00000054   Code   RO         1378    i.YAW_Angle_Over_Zero  gimbal_task.o
    0x08007dc8   0x08007dc8   0x00000030   Code   RO         2176    i.YAW_Follow_PitParamInit  pid.o
    0x08007df8   0x08007df8   0x00000024   Code   RO         1379    i.YAW_MotorAngle_Proc  gimbal_task.o
    0x08007e1c   0x08007e1c   0x00000030   Code   RO         8112    i.__ARM_fpclassify  m_wm.l(fpclassify.o)
    0x08007e4c   0x08007e4c   0x00000020   Code   RO         5025    i.__NVIC_SetPriority  stm32f4xx_hal_cortex.o
    0x08007e6c   0x08007e6c   0x00000004   PAD
    0x08007e70   0x08007e70   0x000002d8   Code   RO         8075    i.__hardfp_atan     m_wm.l(atan.o)
    0x08008148   0x08008148   0x00000200   Code   RO         7983    i.__hardfp_atan2    m_wm.l(atan2.o)
    0x08008348   0x08008348   0x000000c8   Code   RO         7995    i.__hardfp_cos      m_wm.l(cos.o)
    0x08008410   0x08008410   0x00000358   Code   RO         8007    i.__hardfp_exp      m_wm.l(exp.o)
    0x08008768   0x08008768   0x000000c8   Code   RO         8021    i.__hardfp_sin      m_wm.l(sin.o)
    0x08008830   0x08008830   0x0000007a   Code   RO         8033    i.__hardfp_sqrt     m_wm.l(sqrt.o)
    0x080088aa   0x080088aa   0x00000006   PAD
    0x080088b0   0x080088b0   0x00000438   Code   RO         8117    i.__ieee754_rem_pio2  m_wm.l(rred.o)
    0x08008ce8   0x08008ce8   0x00000170   Code   RO         8089    i.__kernel_cos      m_wm.l(cos_i.o)
    0x08008e58   0x08008e58   0x000000f8   Code   RO         8114    i.__kernel_poly     m_wm.l(poly.o)
    0x08008f50   0x08008f50   0x00000130   Code   RO         8122    i.__kernel_sin      m_wm.l(sin_i.o)
    0x08009080   0x08009080   0x00000014   Code   RO         8093    i.__mathlib_dbl_infnan  m_wm.l(dunder.o)
    0x08009094   0x08009094   0x00000014   Code   RO         8094    i.__mathlib_dbl_infnan2  m_wm.l(dunder.o)
    0x080090a8   0x080090a8   0x00000020   Code   RO         8095    i.__mathlib_dbl_invalid  m_wm.l(dunder.o)
    0x080090c8   0x080090c8   0x00000020   Code   RO         8096    i.__mathlib_dbl_overflow  m_wm.l(dunder.o)
    0x080090e8   0x080090e8   0x00000020   Code   RO         8098    i.__mathlib_dbl_underflow  m_wm.l(dunder.o)
    0x08009108   0x08009108   0x00000020   Code   RO         2177    i.anti_constrain    pid.o
    0x08009128   0x08009128   0x00000010   Code   RO         8077    i.atan              m_wm.l(atan.o)
    0x08009138   0x08009138   0x00000444   Code   RO         1656    i.autoSolveTrajectory  vision_task.o
    0x0800957c   0x0800957c   0x0000002e   Code   RO         2059    i.crc16_update      packet.o
    0x080095aa   0x080095aa   0x00000018   Code   RO         8108    i.fabs              m_wm.l(fabs.o)
    0x080095c2   0x080095c2   0x00000002   PAD
    0x080095c4   0x080095c4   0x00000010   Code   RO         1952    i.get_eular         hi229.o
    0x080095d4   0x080095d4   0x00000014   Code   RO         1956    i.get_raw_gyo       hi229.o
    0x080095e8   0x080095e8   0x000000a8   Code   RO            7    i.main              main.o
    0x08009690   0x08009690   0x0000000c   Code   RO         3165    i.makeFreeRtosPriority  cmsis_os.o
    0x0800969c   0x0800969c   0x00000044   Code   RO          991    i.micros            system.o
    0x080096e0   0x080096e0   0x00000108   Code   RO         1657    i.monoDirectionalAirResistanceModel  vision_task.o
    0x080097e8   0x080097e8   0x0000000e   Code   RO         3167    i.osDelay           cmsis_os.o
    0x080097f6   0x080097f6   0x0000000a   Code   RO         3170    i.osKernelStart     cmsis_os.o
    0x08009800   0x08009800   0x00000054   Code   RO         3204    i.osThreadCreate    cmsis_os.o
    0x08009854   0x08009854   0x00000090   Code   RO         1658    i.pitchTrajectoryCompensation  vision_task.o
    0x080098e4   0x080098e4   0x00000070   Code   RO         2838    i.prvAddCurrentTaskToDelayedList  tasks.o
    0x08009954   0x08009954   0x000000d0   Code   RO         2839    i.prvAddNewTaskToReadyList  tasks.o
    0x08009a24   0x08009a24   0x00000034   Code   RO         2840    i.prvDeleteTCB      tasks.o
    0x08009a58   0x08009a58   0x0000004c   Code   RO         3535    i.prvHeapInit       heap_4.o
    0x08009aa4   0x08009aa4   0x00000060   Code   RO         2841    i.prvIdleTask       tasks.o
    0x08009b04   0x08009b04   0x00000098   Code   RO         2842    i.prvInitialiseNewTask  tasks.o
    0x08009b9c   0x08009b9c   0x0000004c   Code   RO         3536    i.prvInsertBlockIntoFreeList  heap_4.o
    0x08009be8   0x08009be8   0x00000020   Code   RO         2843    i.prvResetNextTaskUnblockTime  tasks.o
    0x08009c08   0x08009c08   0x00000028   Code   RO         3604    i.prvTaskExitError  port.o
    0x08009c30   0x08009c30   0x000000dc   Code   RO         3537    i.pvPortMalloc      heap_4.o
    0x08009d0c   0x08009d0c   0x0000002c   Code   RO         3605    i.pxPortInitialiseStack  port.o
    0x08009d38   0x08009d38   0x00000102   Code   RO         1895    i.sbus_to_rc        remote_control.o
    0x08009e3a   0x08009e3a   0x00000026   Code   RO         2480    i.uxListRemove      list.o
    0x08009e60   0x08009e60   0x00000014   Code   RO          437    i.vApplicationGetIdleTaskMemory  freertos.o
    0x08009e74   0x08009e74   0x00000016   Code   RO         2481    i.vListInitialise   list.o
    0x08009e8a   0x08009e8a   0x00000006   Code   RO         2482    i.vListInitialiseItem  list.o
    0x08009e90   0x08009e90   0x00000030   Code   RO         2483    i.vListInsert       list.o
    0x08009ec0   0x08009ec0   0x00000018   Code   RO         2484    i.vListInsertEnd    list.o
    0x08009ed8   0x08009ed8   0x00000040   Code   RO         3607    i.vPortEnterCritical  port.o
    0x08009f18   0x08009f18   0x00000028   Code   RO         3608    i.vPortExitCritical  port.o
    0x08009f40   0x08009f40   0x00000064   Code   RO         3538    i.vPortFree         heap_4.o
    0x08009fa4   0x08009fa4   0x00000024   Code   RO         3609    i.vPortSetupTimerInterrupt  port.o
    0x08009fc8   0x08009fc8   0x0000004c   Code   RO         2852    i.vTaskDelay        tasks.o
    0x0800a014   0x0800a014   0x0000008c   Code   RO         2853    i.vTaskDelayUntil   tasks.o
    0x0800a0a0   0x0800a0a0   0x000000ac   Code   RO         2854    i.vTaskDelete       tasks.o
    0x0800a14c   0x0800a14c   0x0000006c   Code   RO         2866    i.vTaskStartScheduler  tasks.o
    0x0800a1b8   0x0800a1b8   0x00000010   Code   RO         2868    i.vTaskSuspendAll   tasks.o
    0x0800a1c8   0x0800a1c8   0x0000005c   Code   RO         2869    i.vTaskSwitchContext  tasks.o
    0x0800a224   0x0800a224   0x000000f4   Code   RO         3611    i.xPortStartScheduler  port.o
    0x0800a318   0x0800a318   0x0000005a   Code   RO         2872    i.xTaskCreate       tasks.o
    0x0800a372   0x0800a372   0x00000056   Code   RO         2873    i.xTaskCreateStatic  tasks.o
    0x0800a3c8   0x0800a3c8   0x0000000c   Code   RO         2878    i.xTaskGetTickCount  tasks.o
    0x0800a3d4   0x0800a3d4   0x000000cc   Code   RO         2880    i.xTaskIncrementTick  tasks.o
    0x0800a4a0   0x0800a4a0   0x000000c4   Code   RO         2886    i.xTaskResumeAll    tasks.o
    0x0800a564   0x0800a564   0x00000018   Code   RO         8052    x$fpl$basic         fz_wm.l(basic.o)
    0x0800a57c   0x0800a57c   0x00000062   Code   RO         7961    x$fpl$d2f           fz_wm.l(d2f.o)
    0x0800a5de   0x0800a5de   0x00000002   PAD
    0x0800a5e0   0x0800a5e0   0x00000150   Code   RO         7963    x$fpl$dadd          fz_wm.l(daddsub_clz.o)
    0x0800a730   0x0800a730   0x00000018   Code   RO         8150    x$fpl$dcmpinf       fz_wm.l(dcmpi.o)
    0x0800a748   0x0800a748   0x000002b0   Code   RO         7970    x$fpl$ddiv          fz_wm.l(ddiv.o)
    0x0800a9f8   0x0800a9f8   0x00000078   Code   RO         8054    x$fpl$deqf          fz_wm.l(deqf.o)
    0x0800aa70   0x0800aa70   0x0000005e   Code   RO         8056    x$fpl$dfix          fz_wm.l(dfix.o)
    0x0800aace   0x0800aace   0x0000002e   Code   RO         7974    x$fpl$dflt          fz_wm.l(dflt_clz.o)
    0x0800aafc   0x0800aafc   0x00000026   Code   RO         7973    x$fpl$dfltu         fz_wm.l(dflt_clz.o)
    0x0800ab22   0x0800ab22   0x00000002   PAD
    0x0800ab24   0x0800ab24   0x00000078   Code   RO         8060    x$fpl$dleqf         fz_wm.l(dleqf.o)
    0x0800ab9c   0x0800ab9c   0x00000154   Code   RO         7979    x$fpl$dmul          fz_wm.l(dmul.o)
    0x0800acf0   0x0800acf0   0x0000009c   Code   RO         8062    x$fpl$dnaninf       fz_wm.l(dnaninf.o)
    0x0800ad8c   0x0800ad8c   0x0000000c   Code   RO         8064    x$fpl$dretinf       fz_wm.l(dretinf.o)
    0x0800ad98   0x0800ad98   0x0000006c   Code   RO         8066    x$fpl$drleqf        fz_wm.l(drleqf.o)
    0x0800ae04   0x0800ae04   0x00000016   Code   RO         7964    x$fpl$drsb          fz_wm.l(daddsub_clz.o)
    0x0800ae1a   0x0800ae1a   0x00000002   PAD
    0x0800ae1c   0x0800ae1c   0x00000198   Code   RO         8068    x$fpl$dsqrt         fz_wm.l(dsqrt_umaal.o)
    0x0800afb4   0x0800afb4   0x000001d4   Code   RO         7965    x$fpl$dsub          fz_wm.l(daddsub_clz.o)
    0x0800b188   0x0800b188   0x00000056   Code   RO         7981    x$fpl$f2d           fz_wm.l(f2d.o)
    0x0800b1de   0x0800b1de   0x0000008c   Code   RO         8070    x$fpl$fnaninf       fz_wm.l(fnaninf.o)
    0x0800b26a   0x0800b26a   0x0000000a   Code   RO         8237    x$fpl$fpinit        fz_wm.l(fpinit.o)
    0x0800b274   0x0800b274   0x0000000a   Code   RO         8072    x$fpl$fretinf       fz_wm.l(fretinf.o)
    0x0800b27e   0x0800b27e   0x00000000   Code   RO         8074    x$fpl$usenofp       fz_wm.l(usenofp.o)
    0x0800b27e   0x0800b27e   0x00000002   PAD
    0x0800b280   0x0800b280   0x000000c4   Data   RO          439    .constdata          freertos.o
    0x0800b344   0x0800b344   0x00000300   Data   RO         2294    .constdata          crc.o
    0x0800b644   0x0800b644   0x00000008   Data   RO         4741    .constdata          stm32f4xx_hal_dma.o
    0x0800b64c   0x0800b64c   0x00000010   Data   RO         6977    .constdata          system_stm32f4xx.o
    0x0800b65c   0x0800b65c   0x00000008   Data   RO         6978    .constdata          system_stm32f4xx.o
    0x0800b664   0x0800b664   0x00000004   PAD
    0x0800b668   0x0800b668   0x00000058   Data   RO         8010    .constdata          m_wm.l(exp.o)
    0x0800b6c0   0x0800b6c0   0x00000098   Data   RO         8078    .constdata          m_wm.l(atan.o)
    0x0800b758   0x0800b758   0x00000030   Data   RO         8090    .constdata          m_wm.l(cos_i.o)
    0x0800b788   0x0800b788   0x00000008   Data   RO         8116    .constdata          m_wm.l(qnan.o)
    0x0800b790   0x0800b790   0x000000c8   Data   RO         8119    .constdata          m_wm.l(rred.o)
    0x0800b858   0x0800b858   0x00000028   Data   RO         8123    .constdata          m_wm.l(sin_i.o)
    0x0800b880   0x0800b880   0x00000059   Data   RO          440    .conststring        freertos.o
    0x0800b8d9   0x0800b8d9   0x00000003   PAD
    0x0800b8dc   0x0800b8dc   0x00000020   Data   RO         8295    Region$$Table       anon$$obj.o


    Execution Region RW_IRAM1 (Exec base: 0x20000000, Load base: 0x0800b8fc, Size: 0x000076f8, Max: 0x0001c000, ABSOLUTE, COMPRESSED[0x00000130])

    Exec Addr    Load Addr    Size         Type   Attr      Idx    E Section Name        Object

    0x20000000   COMPRESSED   0x0000001c   Data   RW          442    .data               freertos.o
    0x2000001c   COMPRESSED   0x00000004   Data   RW          524    .data               can.o
    0x20000020   COMPRESSED   0x00000002   Data   RW         1089    .data               drv_usart.o
    0x20000022   COMPRESSED   0x00000006   PAD
    0x20000028   COMPRESSED   0x00000020   Data   RW         1140    .data               system_task.o
    0x20000048   COMPRESSED   0x000003b8   Data   RW         1243    .data               chassis_task.o
    0x20000400   COMPRESSED   0x000001b0   Data   RW         1380    .data               gimbal_task.o
    0x200005b0   COMPRESSED   0x00000228   Data   RW         1537    .data               shoot_task.o
    0x200007d8   COMPRESSED   0x00000004   Data   RW         1662    .data               vision_task.o
    0x200007dc   COMPRESSED   0x00000028   Data   RW         1788    .data               can_receive.o
    0x20000804   COMPRESSED   0x00000003   Data   RW         1897    .data               remote_control.o
    0x20000807   COMPRESSED   0x00000001   PAD
    0x20000808   COMPRESSED   0x00000016   Data   RW         1959    .data               hi229.o
    0x2000081e   COMPRESSED   0x00000002   PAD
    0x20000820   COMPRESSED   0x00000014   Data   RW         2060    .data               packet.o
    0x20000834   COMPRESSED   0x0000000c   Data   RW         2179    .data               pid.o
    0x20000840   COMPRESSED   0x000000b4   Data   RW         2180    .data               pid.o
    0x200008f4   COMPRESSED   0x000000b4   Data   RW         2181    .data               pid.o
    0x200009a8   COMPRESSED   0x00000002   Data   RW         2295    .data               crc.o
    0x200009aa   COMPRESSED   0x00000002   PAD
    0x200009ac   COMPRESSED   0x0000003c   Data   RW         2889    .data               tasks.o
    0x200009e8   COMPRESSED   0x00000020   Data   RW         3544    .data               heap_4.o
    0x20000a08   COMPRESSED   0x0000000c   Data   RW         3612    .data               port.o
    0x20000a14   COMPRESSED   0x0000000c   Data   RW         5174    .data               stm32f4xx_hal.o
    0x20000a20   COMPRESSED   0x00000004   Data   RW         6979    .data               system_stm32f4xx.o
    0x20000a24   COMPRESSED   0x0000001c   Data   RW         7188    .data               usbd_desc.o
    0x20000a40   COMPRESSED   0x00000032   Data   RW         7189    .data               usbd_desc.o
    0x20000a72   COMPRESSED   0x00000002   PAD
    0x20000a74   COMPRESSED   0x00000014   Data   RW         7287    .data               usbd_cdc_if.o
    0x20000a88   COMPRESSED   0x00000001   Data   RW         7716    .data               usbd_ctlreq.o
    0x20000a89   COMPRESSED   0x00000003   PAD
    0x20000a8c   COMPRESSED   0x00000053   Data   RW         7855    .data               usbd_cdc.o
    0x20000adf   COMPRESSED   0x00000001   PAD
    0x20000ae0   COMPRESSED   0x00000038   Data   RW         7856    .data               usbd_cdc.o
    0x20000b18        -       0x00000254   Zero   RW          438    .bss                freertos.o
    0x20000d6c        -       0x00000050   Zero   RW          523    .bss                can.o
    0x20000dbc        -       0x00000180   Zero   RW          604    .bss                tim.o
    0x20000f3c        -       0x00000390   Zero   RW          681    .bss                usart.o
    0x200012cc        -       0x00000048   Zero   RW          955    .bss                stm32f4xx_hal_timebase_tim.o
    0x20001314        -       0x00000190   Zero   RW         1087    .bss                drv_usart.o
    0x200014a4        -       0x00000108   Zero   RW         1659    .bss                vision_task.o
    0x200015ac        -       0x0000009c   Zero   RW         1787    .bss                can_receive.o
    0x20001648        -       0x00000016   Zero   RW         1896    .bss                remote_control.o
    0x2000165e   COMPRESSED   0x00000002   PAD
    0x20001660        -       0x000000bc   Zero   RW         1958    .bss                hi229.o
    0x2000171c        -       0x000000ac   Zero   RW         2121    .bss                referee.o
    0x200017c8        -       0x000000f0   Zero   RW         2888    .bss                tasks.o
    0x200018b8        -       0x00003c00   Zero   RW         3543    .bss                heap_4.o
    0x200054b8        -       0x000002dc   Zero   RW         7021    .bss                usb_device.o
    0x20005794        -       0x00000200   Zero   RW         7187    .bss                usbd_desc.o
    0x20005994        -       0x00001000   Zero   RW         7286    .bss                usbd_cdc_if.o
    0x20006994        -       0x00000704   Zero   RW         7368    .bss                usbd_conf.o
    0x20007098        -       0x00000060   Zero   RW         8153    .bss                c_w.l(libspace.o)
    0x200070f8        -       0x00000200   Zero   RW         7011    HEAP                startup_stm32f405xx.o
    0x200072f8        -       0x00000400   Zero   RW         7010    STACK               startup_stm32f405xx.o


    Execution Region RW_IRAM2 (Exec base: 0x2001c000, Load base: 0x0800ba2c, Size: 0x00000000, Max: 0x00004000, ABSOLUTE)

    **** No section assigned to this execution region ****


==============================================================================

Image component sizes


      Code (inc. data)   RO Data    RW Data    ZI Data      Debug   Object Name

       400         44          0          4         80       2550   can.o
       624        102          0         40        156       9466   can_receive.o
      1522        148          0        952          0      11957   chassis_task.o
       120          0          0          0          0      25869   cmsis_os.o
       210         20        768          2          0       4412   crc.o
         0          0          0          0          0       7436   croutine.o
       140          4          0          0          0        874   dma.o
        18          0          0          0          0        502   driver.o
       140         20          0          0          0       1972   drv_can.o
       564         72          0          2        400       3601   drv_usart.o
         0          0          0          0          0      19464   event_groups.o
       356         18        285         28        596       6427   freertos.o
      1398        156          0        432          0      14372   gimbal_task.o
        92          6          0          0          0     657447   gpio.o
       472         24          0         32      15360       7503   heap_4.o
       476         52          0         22        188       5020   hi229.o
       138          0          0          0          0       3618   list.o
       344         32          0          0          0     686441   main.o
       306         18          0         20          0       2940   packet.o
       960        146          0        372          0      11718   pid.o
       702         72          0         12          0      11108   port.o
       616         20          0          0        172       8522   referee.o
       446         22          0          3         22       5683   remote_control.o
         0          0          0        552          0       3685   shoot_task.o
        64         26        392          0       1536        812   startup_stm32f405xx.o
       116         18          0         12          0       8794   stm32f4xx_hal.o
      1658          6          0          0          0      14531   stm32f4xx_hal_can.o
       158         14          0          0          0      33094   stm32f4xx_hal_cortex.o
      1084         16          8          0          0       7446   stm32f4xx_hal_dma.o
       496         46          0          0          0       1556   stm32f4xx_hal_gpio.o
        56          4          0          0          0        890   stm32f4xx_hal_msp.o
      2572         12          0          0          0      13716   stm32f4xx_hal_pcd.o
        78          0          0          0          0       2441   stm32f4xx_hal_pcd_ex.o
      1424         92          0          0          0       6465   stm32f4xx_hal_rcc.o
      1982        118          0          0          0      16243   stm32f4xx_hal_tim.o
       232         28          0          0          0       3361   stm32f4xx_hal_tim_ex.o
       152         20          0          0         72       1512   stm32f4xx_hal_timebase_tim.o
      1840         30          0          0          0      14089   stm32f4xx_hal_uart.o
       308        116          0          0          0      11719   stm32f4xx_it.o
      2692        116          0          0          0      23568   stm32f4xx_ll_usb.o
        68          0          0          0          0       1065   system.o
        16          4         24          4          0       1163   system_stm32f4xx.o
       198         24          0         32          0       4478   system_task.o
      1844        140          0         60        240      22302   tasks.o
       964         92          0          0        384       5515   tim.o
         0          0          0          0          0       2500   timers.o
      1292        116          0          0        912       5835   usart.o
        84         18          0          0        732       8415   usb_device.o
      1278         36          0        139          0      14605   usbd_cdc.o
       116         22          0         20       4096       3912   usbd_cdc_if.o
       638         30          0          0       1796      17116   usbd_conf.o
       924          0          0          0          0      15707   usbd_core.o
      1328         28          0          1          0      15016   usbd_ctlreq.o
       272        100          0         78        512      12109   usbd_desc.o
       132          0          0          0          0       4604   usbd_ioreq.o
      1932        124          0          4        264      10565   vision_task.o

    ----------------------------------------------------------------------
     36098       2372       1516       2840      27520    1817731   Object Totals
         0          0         32          0          0          0   (incl. Generated)
        56          0          7         17          2          0   (incl. Padding)

    ----------------------------------------------------------------------

      Code (inc. data)   RO Data    RW Data    ZI Data      Debug   Library Member Name

        90          0          0          0          0          0   __dczerorl2.o
         8          0          0          0          0         68   __main.o
         0          0          0          0          0          0   __rtentry.o
        12          0          0          0          0          0   __rtentry2.o
         6          0          0          0          0          0   __rtentry4.o
        52          8          0          0          0          0   __scatter.o
        28          0          0          0          0          0   __scatter_zi.o
        22          0          0          0          0        100   _rserrno.o
        18          0          0          0          0         80   exit.o
         6          0          0          0          0        152   heapauxi.o
         0          0          0          0          0          0   indicate_semi.o
         2          0          0          0          0          0   libinit.o
         6          0          0          0          0          0   libinit2.o
         2          0          0          0          0          0   libshutdown.o
         2          0          0          0          0          0   libshutdown2.o
         8          4          0          0         96         68   libspace.o
       238          0          0          0          0        100   lludivv7m.o
         8          4          0          0          0         68   rt_errno_addr_intlibspace.o
        68          0          0          0          0         68   rt_memclr.o
        78          0          0          0          0         80   rt_memclr_w.o
       138          0          0          0          0         68   rt_memcpy_v6.o
       100          0          0          0          0         80   rt_memcpy_w.o
         2          0          0          0          0          0   rtexit.o
        10          0          0          0          0          0   rtexit2.o
        12          4          0          0          0         68   sys_exit.o
        74          0          0          0          0         80   sys_stackheap_outer.o
         2          0          0          0          0         68   use_no_semi.o
        24          0          0          0          0        164   basic.o
        98          4          0          0          0        140   d2f.o
       826         16          0          0          0        492   daddsub_clz.o
        24          0          0          0          0        116   dcmpi.o
       688        140          0          0          0        256   ddiv.o
       120          4          0          0          0        140   deqf.o
        94          4          0          0          0        140   dfix.o
        84          0          0          0          0        232   dflt_clz.o
       120          4          0          0          0        140   dleqf.o
       340         12          0          0          0        152   dmul.o
       156          4          0          0          0        140   dnaninf.o
        12          0          0          0          0        116   dretinf.o
       108          0          0          0          0        128   drleqf.o
       408         56          0          0          0        168   dsqrt_umaal.o
        86          4          0          0          0        132   f2d.o
       140          4          0          0          0        132   fnaninf.o
        10          0          0          0          0        116   fpinit.o
        10          0          0          0          0        116   fretinf.o
         0          0          0          0          0          0   usenofp.o
       744        106        152          0          0        352   atan.o
       512         64          0          0          0        208   atan2.o
       200         20          0          0          0        164   cos.o
       368         46         48          0          0        200   cos_i.o
       136         24          0          0          0        620   dunder.o
       856        142         88          0          0        288   exp.o
        24          0          0          0          0        124   fabs.o
        48          0          0          0          0        124   fpclassify.o
       248          0          0          0          0        152   poly.o
         0          0          8          0          0          0   qnan.o
      1080        142        200          0          0        188   rred.o
       200         20          0          0          0        164   sin.o
       304         24         40          0          0        208   sin_i.o
       122          0          0          0          0        148   sqrt.o

    ----------------------------------------------------------------------
      9206        860        536          0         96       7108   Library Totals
        24          0          0          0          0          0   (incl. Padding)

    ----------------------------------------------------------------------

      Code (inc. data)   RO Data    RW Data    ZI Data      Debug   Library Name

       992         20          0          0         96       1148   c_w.l
      3348        252          0          0          0       3020   fz_wm.l
      4842        588        536          0          0       2940   m_wm.l

    ----------------------------------------------------------------------
      9206        860        536          0         96       7108   Library Totals

    ----------------------------------------------------------------------

==============================================================================


      Code (inc. data)   RO Data    RW Data    ZI Data      Debug   

     45304       3232       2052       2840      27616    1780019   Grand Totals
     45304       3232       2052        304      27616    1780019   ELF Image Totals (compressed)
     45304       3232       2052        304          0          0   ROM Totals

==============================================================================

    Total RO  Size (Code + RO Data)                47356 (  46.25kB)
    Total RW  Size (RW Data + ZI Data)             30456 (  29.74kB)
    Total ROM Size (Code + RO Data + RW Data)      47660 (  46.54kB)

==============================================================================

